<html>
<body>
<pre>
<h1>µVision Build Log</h1>
<h2>Tool Versions:</h2>
IDE-Version: µVision V5.23.0.0
Copyright (C) 2017 ARM Ltd and ARM Germany GmbH. All rights reserved.
License Information: Oleg Demkiv, Hone, LIC=----
 
Tool Versions:
Toolchain:       MDK-Lite  Version: 5.23
Toolchain Path:  C:\Keil_v5\ARM\ARMCC\Bin
C Compiler:      Armcc.exe V5.06 update 4 (build 422)
Assembler:       Armasm.exe V5.06 update 4 (build 422)
Linker/Locator:  ArmLink.exe V5.06 update 4 (build 422)
Library Manager: ArmAr.exe V5.06 update 4 (build 422)
Hex Converter:   FromElf.exe V5.06 update 4 (build 422)
CPU DLL:         SARMCM3.DLL V5.23
Dialog DLL:      DCM.DLL V1.15.0.0
Target DLL:      STLink\ST-LINKIII-KEIL_SWO.dll V2.0.18.0
Dialog DLL:      TCM.DLL V1.27.0.0
 
<h2>Project:</h2>
D:\STM32F407\Hand_Robot\HAND\MDK-ARM\Hand.uvprojx
Project File Date:  09/10/2018

<h2>Output:</h2>
*** Using Compiler 'V5.06 update 4 (build 422)', folder: 'C:\Keil_v5\ARM\ARMCC\Bin'
Build target 'Hand'
compiling main.c...
../Inc/ssd1306.h(238): warning:  #1295-D: Deprecated declaration ssd1306_I2C_Init - give arg types
  void ssd1306_I2C_Init();
../Src/main.c(184): warning:  #177-D: variable "lst"  was declared but never referenced
        uint32_t lst = 0, cu;
../Src/main.c(184): warning:  #177-D: variable "cu"  was declared but never referenced
        uint32_t lst = 0, cu;
../Src/main.c(185): warning:  #177-D: variable "transmit_test_data"  was declared but never referenced
        uint8_t transmit_test_data=0;
../Src/main.c(560): warning:  #177-D: variable "str1"  was declared but never referenced
                        char str1[40]={0};
../Src/main.c(564): warning:  #177-D: variable "timeout_1"  was declared but never referenced
                        uint32_t timeout_1=1000;
../Src/main.c(608): warning:  #188-D: enumerated type mixed with another type
                         SSD1306_Fill(0);                       //Erice  OLED
../Src/main.c(614): warning:  #188-D: enumerated type mixed with another type
                                                SSD1306_DrawLine(0, y2, x2, y2, 1);
../Src/main.c(618): warning:  #188-D: enumerated type mixed with another type
                                                                SSD1306_DrawLine(0, y2, x2, y2, 0);
../Src/main.c(627): warning:  #188-D: enumerated type mixed with another type
                         SSD1306_Puts("ACCELERATION g/sec", &Font_7x10, 1);
../Src/main.c(630): warning:  #188-D: enumerated type mixed with another type
                         SSD1306_DrawLine(x1, y1, x2, y2, 1);
../Src/main.c(631): warning:  #188-D: enumerated type mixed with another type
                         SSD1306_DrawRectangle(0, 16, 60, 34, 1);       // Draw rectangle
../Src/main.c(633): warning:  #188-D: enumerated type mixed with another type
                         SSD1306_DrawCircle(x1,y1, r, 1);
../Src/main.c(635): warning:  #188-D: enumerated type mixed with another type
                         SSD1306_DrawCircle(x1,y1, r, 1);
../Src/main.c(637): warning:  #188-D: enumerated type mixed with another type
                         SSD1306_DrawCircle(x1,y1, r, 1);
../Src/main.c(639): warning:  #188-D: enumerated type mixed with another type
                         SSD1306_DrawCircle(x1,y1, r, 1);
../Src/main.c(641): warning:  #188-D: enumerated type mixed with another type
                         SSD1306_DrawCircle(x1,y1, r, 1);
../Src/main.c(653): warning:  #188-D: enumerated type mixed with another type
                                SSD1306_DrawFilledCircle(x1,y1, r, 1);
../Src/main.c(656): warning:  #188-D: enumerated type mixed with another type
                                SSD1306_DrawFilledCircle(x1,y1, r, 0);
../Src/main.c(658): warning:  #188-D: enumerated type mixed with another type
                                SSD1306_DrawFilledCircle(x1,y1, r, 0);
../Src/main.c(660): warning:  #188-D: enumerated type mixed with another type
                                SSD1306_DrawFilledCircle(x1,y1, r, 0);
../Src/main.c(662): warning:  #188-D: enumerated type mixed with another type
                                SSD1306_DrawFilledCircle(x1,y1, r, 0);
../Src/main.c(673): warning:  #188-D: enumerated type mixed with another type
                                SSD1306_DrawFilledCircle(x1,y1, r, 1);
../Src/main.c(676): warning:  #188-D: enumerated type mixed with another type
                                SSD1306_DrawFilledCircle(x1,y1, r, 0);
../Src/main.c(678): warning:  #188-D: enumerated type mixed with another type
                                SSD1306_DrawFilledCircle(x1,y1, r, 0);
../Src/main.c(680): warning:  #188-D: enumerated type mixed with another type
                                SSD1306_DrawFilledCircle(x1,y1, r, 0);
../Src/main.c(682): warning:  #188-D: enumerated type mixed with another type
                                SSD1306_DrawFilledCircle(x1,y1, r, 0);
../Src/main.c(693): warning:  #188-D: enumerated type mixed with another type
                                SSD1306_DrawFilledCircle(x1,y1, r, 1);
../Src/main.c(696): warning:  #188-D: enumerated type mixed with another type
                                SSD1306_DrawFilledCircle(x1,y1, r, 0);
../Src/main.c(698): warning:  #188-D: enumerated type mixed with another type
                                SSD1306_DrawFilledCircle(x1,y1, r, 0);
../Src/main.c(700): warning:  #188-D: enumerated type mixed with another type
                                SSD1306_DrawFilledCircle(x1,y1, r, 0);
../Src/main.c(702): warning:  #188-D: enumerated type mixed with another type
                                SSD1306_DrawFilledCircle(x1,y1, r, 0);
../Src/main.c(713): warning:  #188-D: enumerated type mixed with another type
                                SSD1306_DrawFilledCircle(x1,y1, r, 1);
../Src/main.c(716): warning:  #188-D: enumerated type mixed with another type
                                SSD1306_DrawFilledCircle(x1,y1, r, 0);
../Src/main.c(718): warning:  #188-D: enumerated type mixed with another type
                                SSD1306_DrawFilledCircle(x1,y1, r, 0);
../Src/main.c(720): warning:  #188-D: enumerated type mixed with another type
                                SSD1306_DrawFilledCircle(x1,y1, r, 0);
../Src/main.c(722): warning:  #188-D: enumerated type mixed with another type
                                SSD1306_DrawFilledCircle(x1,y1, r, 0);
../Src/main.c(733): warning:  #188-D: enumerated type mixed with another type
                                SSD1306_DrawFilledCircle(x1,y1, r, 1);
../Src/main.c(736): warning:  #188-D: enumerated type mixed with another type
                                SSD1306_DrawFilledCircle(x1,y1, r, 0);
../Src/main.c(738): warning:  #188-D: enumerated type mixed with another type
                                SSD1306_DrawFilledCircle(x1,y1, r, 0);
../Src/main.c(740): warning:  #188-D: enumerated type mixed with another type
                                SSD1306_DrawFilledCircle(x1,y1, r, 0);
../Src/main.c(742): warning:  #188-D: enumerated type mixed with another type
                                SSD1306_DrawFilledCircle(x1,y1, r, 0);
../Src/main.c(776): warning:  #188-D: enumerated type mixed with another type
                                        SSD1306_Puts(buf1, &Font_7x10, 1);
../Src/main.c(779): warning:  #188-D: enumerated type mixed with another type
                                        SSD1306_Puts(buf1, &Font_7x10, 1);
../Src/main.c(782): warning:  #188-D: enumerated type mixed with another type
                                        SSD1306_Puts(buf1, &Font_7x10, 1);
../Src/main.c: 45 warnings, 0 errors
linking...
Program Size: Code=20272 RO-data=2504 RW-data=80 ZI-data=3104  
FromELF: creating hex file...
"Hand\Hand.axf" - 0 Error(s), 45 Warning(s).

<h2>Software Packages used:</h2>

Package Vendor: ARM
                http://www.keil.com/pack/ARM.CMSIS.5.3.0.pack
                ARM::CMSIS:CORE:5.1.1
                CMSIS (Cortex Microcontroller Software Interface Standard)
   * Component: CORE Version: 5.1.1

<h2>Collection of Component include folders:</h2>
  .\RTE\_Hand
  C:\Keil_v5\ARM\PACK\ARM\CMSIS\5.3.0\CMSIS\Include
  C:\Keil_v5\ARM\PACK\Keil\STM32F1xx_DFP\2.2.0\Device\Include

<h2>Collection of Component Files used:</h2>

   * Component: ARM::CMSIS:CORE:5.1.1
Build Time Elapsed:  00:00:31
</pre>
</body>
</html>
