<html>
<body>
<pre>
<h1>µVision Build Log</h1>
<h2>Tool Versions:</h2>
IDE-Version: µVision V5.23.0.0
Copyright (C) 2017 ARM Ltd and ARM Germany GmbH. All rights reserved.
License Information: Oleg Demkiv, Hone, LIC=----
 
Tool Versions:
Toolchain:       MDK-Lite  Version: 5.23
Toolchain Path:  C:\Keil_v5\ARM\ARMCC\Bin
C Compiler:      Armcc.exe V5.06 update 4 (build 422)
Assembler:       Armasm.exe V5.06 update 4 (build 422)
Linker/Locator:  ArmLink.exe V5.06 update 4 (build 422)
Library Manager: ArmAr.exe V5.06 update 4 (build 422)
Hex Converter:   FromElf.exe V5.06 update 4 (build 422)
CPU DLL:         SARMCM3.DLL V5.23
Dialog DLL:      DCM.DLL V1.15.0.0
Target DLL:      STLink\ST-LINKIII-KEIL_SWO.dll V2.0.18.0
Dialog DLL:      TCM.DLL V1.27.0.0
 
<h2>Project:</h2>
D:\STM32F407\Hand_Robot\HAND\MDK-ARM\Hand.uvprojx
Project File Date:  09/09/2018

<h2>Output:</h2>
*** Using Compiler 'V5.06 update 4 (build 422)', folder: 'C:\Keil_v5\ARM\ARMCC\Bin'
Build target 'Hand'
compiling main.c...
../Inc/ssd1306.h(238): warning:  #1295-D: Deprecated declaration ssd1306_I2C_Init - give arg types
  void ssd1306_I2C_Init();
../Src/main.c(185): warning:  #188-D: enumerated type mixed with another type
                                        SSD1306_Puts(buf1, &Font_7x10, 1);
../Src/main.c(188): warning:  #188-D: enumerated type mixed with another type
                                        SSD1306_Puts(buf1, &Font_7x10, 1);
../Src/main.c(191): warning:  #188-D: enumerated type mixed with another type
                                        SSD1306_Puts(buf1, &Font_7x10, 1);
../Src/main.c(163): warning:  #177-D: variable "receive_data"  was declared but never referenced
  uint8_t receive_data=0;
../Src/main.c(147): warning:  #177-D: variable "lst"  was declared but never referenced
        uint32_t lst = 0, cu;
../Src/main.c(147): warning:  #177-D: variable "cu"  was declared but never referenced
        uint32_t lst = 0, cu;
../Src/main.c(148): warning:  #177-D: variable "transmit_test_data"  was declared but never referenced
        uint8_t transmit_test_data=0;
../Src/main.c(547): warning:  #177-D: variable "str1"  was declared but never referenced
                        char str1[40]={0};
../Src/main.c(551): warning:  #177-D: variable "timeout_1"  was declared but never referenced
                        uint32_t timeout_1=1000;
../Src/main.c(595): warning:  #188-D: enumerated type mixed with another type
                         SSD1306_Fill(0);                       //Erice  OLED
../Src/main.c(601): warning:  #188-D: enumerated type mixed with another type
                                                SSD1306_DrawLine(0, y2, x2, y2, 1);
../Src/main.c(605): warning:  #188-D: enumerated type mixed with another type
                                                                SSD1306_DrawLine(0, y2, x2, y2, 0);
../Src/main.c(614): warning:  #188-D: enumerated type mixed with another type
                         SSD1306_Puts("ACCELERATION g/sec", &Font_7x10, 1);
../Src/main.c(617): warning:  #188-D: enumerated type mixed with another type
                         SSD1306_DrawLine(x1, y1, x2, y2, 1);
../Src/main.c(618): warning:  #188-D: enumerated type mixed with another type
                         SSD1306_DrawRectangle(0, 16, 60, 34, 1);       // Draw rectangle
../Src/main.c(620): warning:  #188-D: enumerated type mixed with another type
                         SSD1306_DrawCircle(x1,y1, r, 1);
../Src/main.c(622): warning:  #188-D: enumerated type mixed with another type
                         SSD1306_DrawCircle(x1,y1, r, 1);
../Src/main.c(624): warning:  #188-D: enumerated type mixed with another type
                         SSD1306_DrawCircle(x1,y1, r, 1);
../Src/main.c(626): warning:  #188-D: enumerated type mixed with another type
                         SSD1306_DrawCircle(x1,y1, r, 1);
../Src/main.c(628): warning:  #188-D: enumerated type mixed with another type
                         SSD1306_DrawCircle(x1,y1, r, 1);
../Src/main.c(640): warning:  #188-D: enumerated type mixed with another type
                                SSD1306_DrawFilledCircle(x1,y1, r, 1);
../Src/main.c(643): warning:  #188-D: enumerated type mixed with another type
                                SSD1306_DrawFilledCircle(x1,y1, r, 0);
../Src/main.c(645): warning:  #188-D: enumerated type mixed with another type
                                SSD1306_DrawFilledCircle(x1,y1, r, 0);
../Src/main.c(647): warning:  #188-D: enumerated type mixed with another type
                                SSD1306_DrawFilledCircle(x1,y1, r, 0);
../Src/main.c(649): warning:  #188-D: enumerated type mixed with another type
                                SSD1306_DrawFilledCircle(x1,y1, r, 0);
../Src/main.c(660): warning:  #188-D: enumerated type mixed with another type
                                SSD1306_DrawFilledCircle(x1,y1, r, 1);
../Src/main.c(663): warning:  #188-D: enumerated type mixed with another type
                                SSD1306_DrawFilledCircle(x1,y1, r, 0);
../Src/main.c(665): warning:  #188-D: enumerated type mixed with another type
                                SSD1306_DrawFilledCircle(x1,y1, r, 0);
../Src/main.c(667): warning:  #188-D: enumerated type mixed with another type
                                SSD1306_DrawFilledCircle(x1,y1, r, 0);
../Src/main.c(669): warning:  #188-D: enumerated type mixed with another type
                                SSD1306_DrawFilledCircle(x1,y1, r, 0);
../Src/main.c(680): warning:  #188-D: enumerated type mixed with another type
                                SSD1306_DrawFilledCircle(x1,y1, r, 1);
../Src/main.c(683): warning:  #188-D: enumerated type mixed with another type
                                SSD1306_DrawFilledCircle(x1,y1, r, 0);
../Src/main.c(685): warning:  #188-D: enumerated type mixed with another type
                                SSD1306_DrawFilledCircle(x1,y1, r, 0);
../Src/main.c(687): warning:  #188-D: enumerated type mixed with another type
                                SSD1306_DrawFilledCircle(x1,y1, r, 0);
../Src/main.c(689): warning:  #188-D: enumerated type mixed with another type
                                SSD1306_DrawFilledCircle(x1,y1, r, 0);
../Src/main.c(700): warning:  #188-D: enumerated type mixed with another type
                                SSD1306_DrawFilledCircle(x1,y1, r, 1);
../Src/main.c(703): warning:  #188-D: enumerated type mixed with another type
                                SSD1306_DrawFilledCircle(x1,y1, r, 0);
../Src/main.c(705): warning:  #188-D: enumerated type mixed with another type
                                SSD1306_DrawFilledCircle(x1,y1, r, 0);
../Src/main.c(707): warning:  #188-D: enumerated type mixed with another type
                                SSD1306_DrawFilledCircle(x1,y1, r, 0);
../Src/main.c(709): warning:  #188-D: enumerated type mixed with another type
                                SSD1306_DrawFilledCircle(x1,y1, r, 0);
../Src/main.c(720): warning:  #188-D: enumerated type mixed with another type
                                SSD1306_DrawFilledCircle(x1,y1, r, 1);
../Src/main.c(723): warning:  #188-D: enumerated type mixed with another type
                                SSD1306_DrawFilledCircle(x1,y1, r, 0);
../Src/main.c(725): warning:  #188-D: enumerated type mixed with another type
                                SSD1306_DrawFilledCircle(x1,y1, r, 0);
../Src/main.c(727): warning:  #188-D: enumerated type mixed with another type
                                SSD1306_DrawFilledCircle(x1,y1, r, 0);
../Src/main.c(729): warning:  #188-D: enumerated type mixed with another type
                                SSD1306_DrawFilledCircle(x1,y1, r, 0);
../Src/main.c: 46 warnings, 0 errors
linking...
Program Size: Code=17380 RO-data=2204 RW-data=60 ZI-data=2900  
FromELF: creating hex file...
"Hand\Hand.axf" - 0 Error(s), 46 Warning(s).

<h2>Software Packages used:</h2>

Package Vendor: ARM
                http://www.keil.com/pack/ARM.CMSIS.5.3.0.pack
                ARM::CMSIS:CORE:5.1.1
                CMSIS (Cortex Microcontroller Software Interface Standard)
   * Component: CORE Version: 5.1.1

<h2>Collection of Component include folders:</h2>
  .\RTE\_Hand
  C:\Keil_v5\ARM\PACK\ARM\CMSIS\5.3.0\CMSIS\Include
  C:\Keil_v5\ARM\PACK\Keil\STM32F1xx_DFP\2.2.0\Device\Include

<h2>Collection of Component Files used:</h2>

   * Component: ARM::CMSIS:CORE:5.1.1
Build Time Elapsed:  00:00:04
</pre>
</body>
</html>
