Component: ARM Compiler 5.06 update 4 (build 422) Tool: armlink [4d35d2]

==============================================================================

Section Cross References

    startup_stm32f103xb.o(RESET) refers to startup_stm32f103xb.o(STACK) for __initial_sp
    startup_stm32f103xb.o(RESET) refers to startup_stm32f103xb.o(.text) for Reset_Handler
    startup_stm32f103xb.o(RESET) refers to stm32f1xx_it.o(i.NMI_Handler) for NMI_Handler
    startup_stm32f103xb.o(RESET) refers to stm32f1xx_it.o(i.HardFault_Handler) for HardFault_Handler
    startup_stm32f103xb.o(RESET) refers to stm32f1xx_it.o(i.MemManage_Handler) for MemManage_Handler
    startup_stm32f103xb.o(RESET) refers to stm32f1xx_it.o(i.BusFault_Handler) for BusFault_Handler
    startup_stm32f103xb.o(RESET) refers to stm32f1xx_it.o(i.UsageFault_Handler) for UsageFault_Handler
    startup_stm32f103xb.o(RESET) refers to stm32f1xx_it.o(i.SVC_Handler) for SVC_Handler
    startup_stm32f103xb.o(RESET) refers to stm32f1xx_it.o(i.DebugMon_Handler) for DebugMon_Handler
    startup_stm32f103xb.o(RESET) refers to stm32f1xx_it.o(i.PendSV_Handler) for PendSV_Handler
    startup_stm32f103xb.o(RESET) refers to stm32f1xx_it.o(i.SysTick_Handler) for SysTick_Handler
    startup_stm32f103xb.o(RESET) refers to stm32f1xx_it.o(i.TIM3_IRQHandler) for TIM3_IRQHandler
    startup_stm32f103xb.o(RESET) refers to stm32f1xx_it.o(i.USART1_IRQHandler) for USART1_IRQHandler
    startup_stm32f103xb.o(RESET) refers to stm32f1xx_it.o(i.USART2_IRQHandler) for USART2_IRQHandler
    startup_stm32f103xb.o(.text) refers to system_stm32f1xx.o(i.SystemInit) for SystemInit
    startup_stm32f103xb.o(.text) refers to entry.o(.ARM.Collect$$$$00000000) for __main
    fonts.o(i.FONTS_GetStringSize) refers to strlen.o(.text) for strlen
    fonts.o(.data) refers to fonts.o(.constdata) for Font7x10
    fonts.o(.data) refers to fonts.o(.constdata) for Font11x18
    fonts.o(.data) refers to fonts.o(.constdata) for Font16x26
    ssd1306.o(i.SSD1306_DrawCircle) refers to ssd1306.o(i.SSD1306_DrawPixel) for SSD1306_DrawPixel
    ssd1306.o(i.SSD1306_DrawFilledCircle) refers to ssd1306.o(i.SSD1306_DrawPixel) for SSD1306_DrawPixel
    ssd1306.o(i.SSD1306_DrawFilledCircle) refers to ssd1306.o(i.SSD1306_DrawLine) for SSD1306_DrawLine
    ssd1306.o(i.SSD1306_DrawFilledRectangle) refers to ssd1306.o(i.SSD1306_DrawLine) for SSD1306_DrawLine
    ssd1306.o(i.SSD1306_DrawFilledTriangle) refers to ssd1306.o(i.SSD1306_DrawLine) for SSD1306_DrawLine
    ssd1306.o(i.SSD1306_DrawLine) refers to ssd1306.o(i.SSD1306_DrawPixel) for SSD1306_DrawPixel
    ssd1306.o(i.SSD1306_DrawPixel) refers to ssd1306.o(.data) for .data
    ssd1306.o(i.SSD1306_DrawPixel) refers to ssd1306.o(.bss) for .bss
    ssd1306.o(i.SSD1306_DrawRectangle) refers to ssd1306.o(i.SSD1306_DrawLine) for SSD1306_DrawLine
    ssd1306.o(i.SSD1306_DrawTriangle) refers to ssd1306.o(i.SSD1306_DrawLine) for SSD1306_DrawLine
    ssd1306.o(i.SSD1306_Fill) refers to memseta.o(.text) for __aeabi_memset
    ssd1306.o(i.SSD1306_Fill) refers to ssd1306.o(.bss) for .bss
    ssd1306.o(i.SSD1306_GotoXY) refers to ssd1306.o(.data) for .data
    ssd1306.o(i.SSD1306_Init) refers to ssd1306.o(i.ssd1306_I2C_Init) for ssd1306_I2C_Init
    ssd1306.o(i.SSD1306_Init) refers to stm32f1xx_hal_i2c.o(i.HAL_I2C_IsDeviceReady) for HAL_I2C_IsDeviceReady
    ssd1306.o(i.SSD1306_Init) refers to ssd1306.o(i.ssd1306_I2C_Write) for ssd1306_I2C_Write
    ssd1306.o(i.SSD1306_Init) refers to ssd1306.o(i.SSD1306_Fill) for SSD1306_Fill
    ssd1306.o(i.SSD1306_Init) refers to ssd1306.o(i.SSD1306_UpdateScreen) for SSD1306_UpdateScreen
    ssd1306.o(i.SSD1306_Init) refers to main.o(.bss) for hi2c1
    ssd1306.o(i.SSD1306_Init) refers to ssd1306.o(.data) for .data
    ssd1306.o(i.SSD1306_OFF) refers to ssd1306.o(i.ssd1306_I2C_Write) for ssd1306_I2C_Write
    ssd1306.o(i.SSD1306_ON) refers to ssd1306.o(i.ssd1306_I2C_Write) for ssd1306_I2C_Write
    ssd1306.o(i.SSD1306_Putc) refers to ssd1306.o(i.SSD1306_DrawPixel) for SSD1306_DrawPixel
    ssd1306.o(i.SSD1306_Putc) refers to ssd1306.o(.data) for .data
    ssd1306.o(i.SSD1306_Puts) refers to ssd1306.o(i.SSD1306_Putc) for SSD1306_Putc
    ssd1306.o(i.SSD1306_ToggleInvert) refers to ssd1306.o(.data) for .data
    ssd1306.o(i.SSD1306_ToggleInvert) refers to ssd1306.o(.bss) for .bss
    ssd1306.o(i.SSD1306_UpdateScreen) refers to ssd1306.o(i.ssd1306_I2C_Write) for ssd1306_I2C_Write
    ssd1306.o(i.SSD1306_UpdateScreen) refers to ssd1306.o(i.ssd1306_I2C_WriteMulti) for ssd1306_I2C_WriteMulti
    ssd1306.o(i.SSD1306_UpdateScreen) refers to ssd1306.o(.bss) for .bss
    ssd1306.o(i.ssd1306_I2C_Write) refers to stm32f1xx_hal_i2c.o(i.HAL_I2C_Master_Transmit) for HAL_I2C_Master_Transmit
    ssd1306.o(i.ssd1306_I2C_Write) refers to main.o(.bss) for hi2c1
    ssd1306.o(i.ssd1306_I2C_WriteMulti) refers to malloc.o(i.malloc) for malloc
    ssd1306.o(i.ssd1306_I2C_WriteMulti) refers to stm32f1xx_hal_i2c.o(i.HAL_I2C_Master_Transmit) for HAL_I2C_Master_Transmit
[...]
    Removing stm32f1xx_hal_flash_ex.o(i.HAL_FLASHEx_OBGetUserData), (32 bytes).
    Removing stm32f1xx_hal_flash_ex.o(i.HAL_FLASHEx_OBProgram), (124 bytes).
    Removing system_stm32f1xx.o(.rev16_text), (4 bytes).
    Removing system_stm32f1xx.o(.revsh_text), (4 bytes).
    Removing system_stm32f1xx.o(.rrx_text), (6 bytes).
    Removing system_stm32f1xx.o(i.SystemCoreClockUpdate), (124 bytes).
    Removing dfixul.o(.text), (48 bytes).
    Removing cdcmple.o(.text), (48 bytes).

414 unused section(s) (total 36949 bytes) removed from the image.

==============================================================================

Image Symbol Table

    Local Symbols

    Symbol Name                              Value     Ov Type        Size  Object(Section)

    ..//Src/system_stm32f1xx.c               0x00000000   Number         0  system_stm32f1xx.o ABSOLUTE
    ../Drivers/STM32F1xx_HAL_Driver/Src/stm32f1xx_hal.c 0x00000000   Number         0  stm32f1xx_hal.o ABSOLUTE
    ../Drivers/STM32F1xx_HAL_Driver/Src/stm32f1xx_hal_cortex.c 0x00000000   Number         0  stm32f1xx_hal_cortex.o ABSOLUTE
    ../Drivers/STM32F1xx_HAL_Driver/Src/stm32f1xx_hal_dma.c 0x00000000   Number         0  stm32f1xx_hal_dma.o ABSOLUTE
    ../Drivers/STM32F1xx_HAL_Driver/Src/stm32f1xx_hal_flash.c 0x00000000   Number         0  stm32f1xx_hal_flash.o ABSOLUTE
    ../Drivers/STM32F1xx_HAL_Driver/Src/stm32f1xx_hal_flash_ex.c 0x00000000   Number         0  stm32f1xx_hal_flash_ex.o ABSOLUTE
    ../Drivers/STM32F1xx_HAL_Driver/Src/stm32f1xx_hal_gpio.c 0x00000000   Number         0  stm32f1xx_hal_gpio.o ABSOLUTE
    ../Drivers/STM32F1xx_HAL_Driver/Src/stm32f1xx_hal_gpio_ex.c 0x00000000   Number         0  stm32f1xx_hal_gpio_ex.o ABSOLUTE
    ../Drivers/STM32F1xx_HAL_Driver/Src/stm32f1xx_hal_i2c.c 0x00000000   Number         0  stm32f1xx_hal_i2c.o ABSOLUTE
    ../Drivers/STM32F1xx_HAL_Driver/Src/stm32f1xx_hal_pwr.c 0x00000000   Number         0  stm32f1xx_hal_pwr.o ABSOLUTE
    ../Drivers/STM32F1xx_HAL_Driver/Src/stm32f1xx_hal_rcc.c 0x00000000   Number         0  stm32f1xx_hal_rcc.o ABSOLUTE
    ../Drivers/STM32F1xx_HAL_Driver/Src/stm32f1xx_hal_rcc_ex.c 0x00000000   Number         0  stm32f1xx_hal_rcc_ex.o ABSOLUTE
    ../Drivers/STM32F1xx_HAL_Driver/Src/stm32f1xx_hal_tim.c 0x00000000   Number         0  stm32f1xx_hal_tim.o ABSOLUTE
    ../Drivers/STM32F1xx_HAL_Driver/Src/stm32f1xx_hal_tim_ex.c 0x00000000   Number         0  stm32f1xx_hal_tim_ex.o ABSOLUTE
    ../Drivers/STM32F1xx_HAL_Driver/Src/stm32f1xx_hal_uart.c 0x00000000   Number         0  stm32f1xx_hal_uart.o ABSOLUTE
    ../Src/main.c                            0x00000000   Number         0  main.o ABSOLUTE
    ../Src/stm32f1xx_hal_msp.c               0x00000000   Number         0  stm32f1xx_hal_msp.o ABSOLUTE
    ../Src/stm32f1xx_it.c                    0x00000000   Number         0  stm32f1xx_it.o ABSOLUTE
    ../clib/microlib/division.c              0x00000000   Number         0  uidiv.o ABSOLUTE
    ../clib/microlib/division.c              0x00000000   Number         0  uldiv.o ABSOLUTE
    ../clib/microlib/errno.c                 0x00000000   Number         0  errno.o ABSOLUTE
    ../clib/microlib/init/entry.s            0x00000000   Number         0  entry8a.o ABSOLUTE
    ../clib/microlib/init/entry.s            0x00000000   Number         0  entry5.o ABSOLUTE
    ../clib/microlib/init/entry.s            0x00000000   Number         0  entry10a.o ABSOLUTE
    ../clib/microlib/init/entry.s            0x00000000   Number         0  entry7a.o ABSOLUTE
    ../clib/microlib/init/entry.s            0x00000000   Number         0  entry10b.o ABSOLUTE
    ../clib/microlib/init/entry.s            0x00000000   Number         0  entry7b.o ABSOLUTE
    ../clib/microlib/init/entry.s            0x00000000   Number         0  entry11a.o ABSOLUTE
    ../clib/microlib/init/entry.s            0x00000000   Number         0  entry.o ABSOLUTE
    ../clib/microlib/init/entry.s            0x00000000   Number         0  entry11b.o ABSOLUTE
    ../clib/microlib/init/entry.s            0x00000000   Number         0  entry8b.o ABSOLUTE
    ../clib/microlib/init/entry.s            0x00000000   Number         0  entry2.o ABSOLUTE
    ../clib/microlib/init/entry.s            0x00000000   Number         0  entry9b.o ABSOLUTE
    ../clib/microlib/init/entry.s            0x00000000   Number         0  entry9a.o ABSOLUTE
    ../clib/microlib/longlong.c              0x00000000   Number         0  llshl.o ABSOLUTE
    ../clib/microlib/longlong.c              0x00000000   Number         0  llsshr.o ABSOLUTE
    ../clib/microlib/longlong.c              0x00000000   Number         0  llushr.o ABSOLUTE
    ../clib/microlib/malloc/malloc.c         0x00000000   Number         0  malloc.o ABSOLUTE
    ../clib/microlib/malloc/malloc.c         0x00000000   Number         0  mallocr.o ABSOLUTE
    ../clib/microlib/malloc/malloc.c         0x00000000   Number         0  mallocra.o ABSOLUTE
    ../clib/microlib/malloc/malloc.c         0x00000000   Number         0  malloca.o ABSOLUTE
    ../clib/microlib/malloc/mvars.c          0x00000000   Number         0  mvars.o ABSOLUTE
    ../clib/microlib/printf/printf.c         0x00000000   Number         0  printf5.o ABSOLUTE
    ../clib/microlib/printf/printf.c         0x00000000   Number         0  printf3.o ABSOLUTE
    ../clib/microlib/printf/printf.c         0x00000000   Number         0  printf2.o ABSOLUTE
    ../clib/microlib/printf/printf.c         0x00000000   Number         0  printf1.o ABSOLUTE
    ../clib/microlib/printf/printf.c         0x00000000   Number         0  printf0.o ABSOLUTE
    ../clib/microlib/printf/printf.c         0x00000000   Number         0  printfb.o ABSOLUTE
    ../clib/microlib/printf/printf.c         0x00000000   Number         0  printf4.o ABSOLUTE
    ../clib/microlib/printf/printf.c         0x00000000   Number         0  printfa.o ABSOLUTE
    ../clib/microlib/printf/printf.c         0x00000000   Number         0  printf8.o ABSOLUTE
    ../clib/microlib/printf/printf.c         0x00000000   Number         0  printf7.o ABSOLUTE
    ../clib/microlib/printf/printf.c         0x00000000   Number         0  printf6.o ABSOLUTE
    ../clib/microlib/printf/stubs.s          0x00000000   Number         0  stubs.o ABSOLUTE
    ../clib/microlib/stdio/fputc.c           0x00000000   Number         0  fputc.o ABSOLUTE
    ../clib/microlib/stdio/semi.s            0x00000000   Number         0  semi.o ABSOLUTE
    ../clib/microlib/stdio/streams.c         0x00000000   Number         0  stdout.o ABSOLUTE
    ../clib/microlib/string/memcpy.c         0x00000000   Number         0  memcpyb.o ABSOLUTE
    ../clib/microlib/string/memcpy.c         0x00000000   Number         0  memcpya.o ABSOLUTE
    ../clib/microlib/string/memset.c         0x00000000   Number         0  memseta.o ABSOLUTE
    ../clib/microlib/string/strlen.c         0x00000000   Number         0  strlen.o ABSOLUTE
    ../clib/microlib/stubs.s                 0x00000000   Number         0  iusesemip.o ABSOLUTE
    ../clib/microlib/stubs.s                 0x00000000   Number         0  iusefp.o ABSOLUTE
    ../fplib/microlib/f2d.c                  0x00000000   Number         0  f2d.o ABSOLUTE
    ../fplib/microlib/fpadd.c                0x00000000   Number         0  dadd.o ABSOLUTE
    ../fplib/microlib/fpdiv.c                0x00000000   Number         0  ddiv.o ABSOLUTE
    ../fplib/microlib/fpepilogue.c           0x00000000   Number         0  depilogue.o ABSOLUTE
    ../fplib/microlib/fpepilogue.c           0x00000000   Number         0  fepilogue.o ABSOLUTE
    ../fplib/microlib/fpfix.c                0x00000000   Number         0  dfixi.o ABSOLUTE
    ../fplib/microlib/fpfix.c                0x00000000   Number         0  dfixul.o ABSOLUTE
    ../fplib/microlib/fpflt.c                0x00000000   Number         0  dflti.o ABSOLUTE
    ../fplib/microlib/fpflt.c                0x00000000   Number         0  fflti.o ABSOLUTE
    ../fplib/microlib/fpmul.c                0x00000000   Number         0  dmul.o ABSOLUTE
    ../fplib/microlib/fpscalb.c              0x00000000   Number         0  dscalb.o ABSOLUTE
    ../fplib/microlib/fpscalb.c              0x00000000   Number         0  fscalb.o ABSOLUTE
    ../fplib/microlib/fpsqrt.c               0x00000000   Number         0  dsqrt.o ABSOLUTE
    ../mathlib/atan.c                        0x00000000   Number         0  atan_x.o ABSOLUTE
    ../mathlib/atan.c                        0x00000000   Number         0  atan.o ABSOLUTE
    ../mathlib/dunder.c                      0x00000000   Number         0  dunder.o ABSOLUTE
    ../mathlib/fpclassify.c                  0x00000000   Number         0  fpclassify.o ABSOLUTE
    ../mathlib/poly.c                        0x00000000   Number         0  poly.o ABSOLUTE
    ../mathlib/pow.c                         0x00000000   Number         0  pow.o ABSOLUTE
    ../mathlib/pow.c                         0x00000000   Number         0  pow_x.o ABSOLUTE
    ../mathlib/qnan.c                        0x00000000   Number         0  qnan.o ABSOLUTE
    ../mathlib/sqrt.c                        0x00000000   Number         0  sqrt.o ABSOLUTE
    ../mathlib/sqrt.c                        0x00000000   Number         0  sqrt_x.o ABSOLUTE
    ..\Drivers\STM32F1xx_HAL_Driver\Src\stm32f1xx_hal.c 0x00000000   Number         0  stm32f1xx_hal.o ABSOLUTE
    ..\Drivers\STM32F1xx_HAL_Driver\Src\stm32f1xx_hal_cortex.c 0x00000000   Number         0  stm32f1xx_hal_cortex.o ABSOLUTE
    ..\Drivers\STM32F1xx_HAL_Driver\Src\stm32f1xx_hal_dma.c 0x00000000   Number         0  stm32f1xx_hal_dma.o ABSOLUTE
    ..\Drivers\STM32F1xx_HAL_Driver\Src\stm32f1xx_hal_flash.c 0x00000000   Number         0  stm32f1xx_hal_flash.o ABSOLUTE
    ..\Drivers\STM32F1xx_HAL_Driver\Src\stm32f1xx_hal_flash_ex.c 0x00000000   Number         0  stm32f1xx_hal_flash_ex.o ABSOLUTE
    ..\Drivers\STM32F1xx_HAL_Driver\Src\stm32f1xx_hal_gpio.c 0x00000000   Number         0  stm32f1xx_hal_gpio.o ABSOLUTE
    ..\Drivers\STM32F1xx_HAL_Driver\Src\stm32f1xx_hal_gpio_ex.c 0x00000000   Number         0  stm32f1xx_hal_gpio_ex.o ABSOLUTE
    ..\Drivers\STM32F1xx_HAL_Driver\Src\stm32f1xx_hal_i2c.c 0x00000000   Number         0  stm32f1xx_hal_i2c.o ABSOLUTE
    ..\Drivers\STM32F1xx_HAL_Driver\Src\stm32f1xx_hal_pwr.c 0x00000000   Number         0  stm32f1xx_hal_pwr.o ABSOLUTE
    ..\Drivers\STM32F1xx_HAL_Driver\Src\stm32f1xx_hal_rcc.c 0x00000000   Number         0  stm32f1xx_hal_rcc.o ABSOLUTE
    ..\Drivers\STM32F1xx_HAL_Driver\Src\stm32f1xx_hal_rcc_ex.c 0x00000000   Number         0  stm32f1xx_hal_rcc_ex.o ABSOLUTE
    ..\Drivers\STM32F1xx_HAL_Driver\Src\stm32f1xx_hal_tim.c 0x00000000   Number         0  stm32f1xx_hal_tim.o ABSOLUTE
    ..\Drivers\STM32F1xx_HAL_Driver\Src\stm32f1xx_hal_tim_ex.c 0x00000000   Number         0  stm32f1xx_hal_tim_ex.o ABSOLUTE
    ..\Drivers\STM32F1xx_HAL_Driver\Src\stm32f1xx_hal_uart.c 0x00000000   Number         0  stm32f1xx_hal_uart.o ABSOLUTE
    ..\Src\fonts.c                           0x00000000   Number         0  fonts.o ABSOLUTE
    ..\Src\main.c                            0x00000000   Number         0  main.o ABSOLUTE
    ..\Src\ssd1306.c                         0x00000000   Number         0  ssd1306.o ABSOLUTE
    ..\Src\stm32f1xx_hal_msp.c               0x00000000   Number         0  stm32f1xx_hal_msp.o ABSOLUTE
    ..\Src\stm32f1xx_it.c                    0x00000000   Number         0  stm32f1xx_it.o ABSOLUTE
    ..\\Src\\fonts.c                         0x00000000   Number         0  fonts.o ABSOLUTE
    ..\\Src\\ssd1306.c                       0x00000000   Number         0  ssd1306.o ABSOLUTE
    ..\\Src\system_stm32f1xx.c               0x00000000   Number         0  system_stm32f1xx.o ABSOLUTE
    cdcmple.s                                0x00000000   Number         0  cdcmple.o ABSOLUTE
    cdrcmple.s                               0x00000000   Number         0  cdrcmple.o ABSOLUTE
    dc.s                                     0x00000000   Number         0  dc.o ABSOLUTE
    handlers.s                               0x00000000   Number         0  handlers.o ABSOLUTE
    init.s                                   0x00000000   Number         0  init.o ABSOLUTE
    startup_stm32f103xb.s                    0x00000000   Number         0  startup_stm32f103xb.o ABSOLUTE
    RESET                                    0x08000000   Section      236  startup_stm32f103xb.o(RESET)
    .ARM.Collect$$$$00000000                 0x080000ec   Section        0  entry.o(.ARM.Collect$$$$00000000)
    .ARM.Collect$$$$00000001                 0x080000ec   Section        4  entry2.o(.ARM.Collect$$$$00000001)
    .ARM.Collect$$$$00000004                 0x080000f0   Section        4  entry5.o(.ARM.Collect$$$$00000004)
    .ARM.Collect$$$$00000008                 0x080000f4   Section        0  entry7b.o(.ARM.Collect$$$$00000008)
    .ARM.Collect$$$$0000000A                 0x080000f4   Section        0  entry8b.o(.ARM.Collect$$$$0000000A)
    .ARM.Collect$$$$0000000B                 0x080000f4   Section        8  entry9a.o(.ARM.Collect$$$$0000000B)
    .ARM.Collect$$$$0000000D                 0x080000fc   Section        0  entry10a.o(.ARM.Collect$$$$0000000D)
    .ARM.Collect$$$$0000000F                 0x080000fc   Section        0  entry11a.o(.ARM.Collect$$$$0000000F)
    .ARM.Collect$$$$00002712                 0x080000fc   Section        4  entry2.o(.ARM.Collect$$$$00002712)
    __lit__00000000                          0x080000fc   Data           4  entry2.o(.ARM.Collect$$$$00002712)
    .text                                    0x08000100   Section       36  startup_stm32f103xb.o(.text)
    .text                                    0x08000124   Section        0  llushr.o(.text)
    .text                                    0x08000144   Section        0  memseta.o(.text)
    .text                                    0x08000168   Section        0  strlen.o(.text)
    .text                                    0x08000176   Section        0  fscalb.o(.text)
    .text                                    0x0800018e   Section        0  dadd.o(.text)
    .text                                    0x080002dc   Section        0  dmul.o(.text)
    .text                                    0x080003c0   Section        0  ddiv.o(.text)
    .text                                    0x0800049e   Section        0  fflti.o(.text)
    .text                                    0x080004b0   Section        0  dfixi.o(.text)
    .text                                    0x080004ee   Section        0  f2d.o(.text)
    .text                                    0x08000514   Section        0  uldiv.o(.text)
    .text                                    0x08000576   Section        0  llshl.o(.text)
    .text                                    0x08000594   Section        0  llsshr.o(.text)
    .text                                    0x080005b8   Section        0  fepilogue.o(.text)
    .text                                    0x080005b8   Section        0  iusefp.o(.text)
    .text                                    0x08000626   Section        0  depilogue.o(.text)
    .text                                    0x080006e0   Section        0  dscalb.o(.text)
    .text                                    0x0800070e   Section        0  dsqrt.o(.text)
    .text                                    0x080007b0   Section        0  dflti.o(.text)
    .text                                    0x080007d4   Section       48  cdrcmple.o(.text)
    .text                                    0x08000804   Section       36  init.o(.text)
    i.BACK                                   0x08000828   Section        0  main.o(i.BACK)
    i.BusFault_Handler                       0x08000876   Section        0  stm32f1xx_it.o(i.BusFault_Handler)
    i.DebugMon_Handler                       0x08000878   Section        0  stm32f1xx_it.o(i.DebugMon_Handler)
    i.FORWARD                                0x0800087a   Section        0  main.o(i.FORWARD)
    i.HAL_DMA_Abort_IT                       0x080008c8   Section        0  stm32f1xx_hal_dma.o(i.HAL_DMA_Abort_IT)
    i.HAL_Delay                              0x08000960   Section        0  stm32f1xx_hal.o(i.HAL_Delay)
    i.HAL_GPIO_Init                          0x08000984   Section        0  stm32f1xx_hal_gpio.o(i.HAL_GPIO_Init)
    i.HAL_GPIO_TogglePin                     0x08000b70   Section        0  stm32f1xx_hal_gpio.o(i.HAL_GPIO_TogglePin)
    i.HAL_GPIO_WritePin                      0x08000b78   Section        0  stm32f1xx_hal_gpio.o(i.HAL_GPIO_WritePin)
    i.HAL_GetTick                            0x08000b88   Section        0  stm32f1xx_hal.o(i.HAL_GetTick)
    i.HAL_I2C_Init                           0x08000b94   Section        0  stm32f1xx_hal_i2c.o(i.HAL_I2C_Init)
    i.HAL_I2C_IsDeviceReady                  0x08000ce4   Section        0  stm32f1xx_hal_i2c.o(i.HAL_I2C_IsDeviceReady)
    i.HAL_I2C_Master_Transmit                0x08000e54   Section        0  stm32f1xx_hal_i2c.o(i.HAL_I2C_Master_Transmit)
    i.HAL_I2C_Mem_Read                       0x08000fb4   Section        0  stm32f1xx_hal_i2c.o(i.HAL_I2C_Mem_Read)
    i.HAL_I2C_Mem_Write                      0x08001270   Section        0  stm32f1xx_hal_i2c.o(i.HAL_I2C_Mem_Write)
    i.HAL_I2C_MspInit                        0x080013d0   Section        0  stm32f1xx_hal_msp.o(i.HAL_I2C_MspInit)
    i.HAL_IncTick                            0x08001414   Section        0  stm32f1xx_hal.o(i.HAL_IncTick)
    i.HAL_Init                               0x08001424   Section        0  stm32f1xx_hal.o(i.HAL_Init)
    i.HAL_InitTick                           0x08001448   Section        0  stm32f1xx_hal.o(i.HAL_InitTick)
    i.HAL_MspInit                            0x0800148c   Section        0  stm32f1xx_hal_msp.o(i.HAL_MspInit)
    i.HAL_NVIC_EnableIRQ                     0x0800151c   Section        0  stm32f1xx_hal_cortex.o(i.HAL_NVIC_EnableIRQ)
    i.HAL_NVIC_SetPriority                   0x08001534   Section        0  stm32f1xx_hal_cortex.o(i.HAL_NVIC_SetPriority)
    i.HAL_NVIC_SetPriorityGrouping           0x08001574   Section        0  stm32f1xx_hal_cortex.o(i.HAL_NVIC_SetPriorityGrouping)
    i.HAL_RCC_ClockConfig                    0x08001598   Section        0  stm32f1xx_hal_rcc.o(i.HAL_RCC_ClockConfig)
    i.HAL_RCC_GetHCLKFreq                    0x080016fc   Section        0  stm32f1xx_hal_rcc.o(i.HAL_RCC_GetHCLKFreq)
    i.HAL_RCC_GetPCLK1Freq                   0x08001708   Section        0  stm32f1xx_hal_rcc.o(i.HAL_RCC_GetPCLK1Freq)
    i.HAL_RCC_GetPCLK2Freq                   0x08001728   Section        0  stm32f1xx_hal_rcc.o(i.HAL_RCC_GetPCLK2Freq)
    i.HAL_RCC_GetSysClockFreq                0x08001748   Section        0  stm32f1xx_hal_rcc.o(i.HAL_RCC_GetSysClockFreq)
    i.HAL_RCC_OscConfig                      0x080017bc   Section        0  stm32f1xx_hal_rcc.o(i.HAL_RCC_OscConfig)
    i.HAL_SYSTICK_CLKSourceConfig            0x08001b14   Section        0  stm32f1xx_hal_cortex.o(i.HAL_SYSTICK_CLKSourceConfig)
    i.HAL_SYSTICK_Callback                   0x08001b30   Section        0  stm32f1xx_hal_cortex.o(i.HAL_SYSTICK_Callback)
    i.HAL_SYSTICK_Config                     0x08001b32   Section        0  stm32f1xx_hal_cortex.o(i.HAL_SYSTICK_Config)
    i.HAL_SYSTICK_IRQHandler                 0x08001b5a   Section        0  stm32f1xx_hal_cortex.o(i.HAL_SYSTICK_IRQHandler)
    i.HAL_TIMEx_BreakCallback                0x08001b62   Section        0  stm32f1xx_hal_tim_ex.o(i.HAL_TIMEx_BreakCallback)
    i.HAL_TIMEx_CommutationCallback          0x08001b64   Section        0  stm32f1xx_hal_tim_ex.o(i.HAL_TIMEx_CommutationCallback)
    i.HAL_TIMEx_MasterConfigSynchronization  0x08001b66   Section        0  stm32f1xx_hal_tim_ex.o(i.HAL_TIMEx_MasterConfigSynchronization)
    i.HAL_TIM_Base_Init                      0x08001bb6   Section        0  stm32f1xx_hal_tim.o(i.HAL_TIM_Base_Init)
    i.HAL_TIM_Base_MspInit                   0x08001bf0   Section        0  stm32f1xx_hal_msp.o(i.HAL_TIM_Base_MspInit)
    i.HAL_TIM_Base_Start                     0x08001c2c   Section        0  stm32f1xx_hal_tim.o(i.HAL_TIM_Base_Start)
    i.HAL_TIM_Base_Start_IT                  0x08001c46   Section        0  stm32f1xx_hal_tim.o(i.HAL_TIM_Base_Start_IT)
    i.HAL_TIM_Base_Stop                      0x08001c5e   Section        0  stm32f1xx_hal_tim.o(i.HAL_TIM_Base_Stop)
    i.HAL_TIM_ConfigClockSource              0x08001c8a   Section        0  stm32f1xx_hal_tim.o(i.HAL_TIM_ConfigClockSource)
    i.HAL_TIM_IC_CaptureCallback             0x08001d98   Section        0  stm32f1xx_hal_tim.o(i.HAL_TIM_IC_CaptureCallback)
    i.HAL_TIM_IRQHandler                     0x08001d9a   Section        0  stm32f1xx_hal_tim.o(i.HAL_TIM_IRQHandler)
    i.HAL_TIM_OC_DelayElapsedCallback        0x08001f08   Section        0  stm32f1xx_hal_tim.o(i.HAL_TIM_OC_DelayElapsedCallback)
    i.HAL_TIM_PWM_PulseFinishedCallback      0x08001f0a   Section        0  stm32f1xx_hal_tim.o(i.HAL_TIM_PWM_PulseFinishedCallback)
    i.HAL_TIM_PeriodElapsedCallback          0x08001f0c   Section        0  stm32f1xx_hal_tim.o(i.HAL_TIM_PeriodElapsedCallback)
    i.HAL_TIM_TriggerCallback                0x08001f0e   Section        0  stm32f1xx_hal_tim.o(i.HAL_TIM_TriggerCallback)
    i.HAL_UART_ErrorCallback                 0x08001f10   Section        0  stm32f1xx_hal_uart.o(i.HAL_UART_ErrorCallback)
    i.HAL_UART_IRQHandler                    0x08001f14   Section        0  stm32f1xx_hal_uart.o(i.HAL_UART_IRQHandler)
    i.HAL_UART_Init                          0x08002024   Section        0  stm32f1xx_hal_uart.o(i.HAL_UART_Init)
    i.HAL_UART_MspInit                       0x08002088   Section        0  stm32f1xx_hal_msp.o(i.HAL_UART_MspInit)
    i.HAL_UART_Receive_IT                    0x0800217c   Section        0  stm32f1xx_hal_uart.o(i.HAL_UART_Receive_IT)
    i.HAL_UART_RxCpltCallback                0x080021d4   Section        0  main.o(i.HAL_UART_RxCpltCallback)
    i.HAL_UART_Transmit                      0x0800221c   Section        0  stm32f1xx_hal_uart.o(i.HAL_UART_Transmit)
    i.HAL_UART_TxCpltCallback                0x080022e8   Section        0  stm32f1xx_hal_uart.o(i.HAL_UART_TxCpltCallback)
    i.HardFault_Handler                      0x080022ea   Section        0  stm32f1xx_it.o(i.HardFault_Handler)
    i.I2C_IsAcknowledgeFailed                0x080022ec   Section        0  stm32f1xx_hal_i2c.o(i.I2C_IsAcknowledgeFailed)
    I2C_IsAcknowledgeFailed                  0x080022ed   Thumb Code    40  stm32f1xx_hal_i2c.o(i.I2C_IsAcknowledgeFailed)
    i.I2C_MasterRequestWrite                 0x08002314   Section        0  stm32f1xx_hal_i2c.o(i.I2C_MasterRequestWrite)
    I2C_MasterRequestWrite                   0x08002315   Thumb Code   178  stm32f1xx_hal_i2c.o(i.I2C_MasterRequestWrite)
    i.I2C_RequestMemoryRead                  0x080023cc   Section        0  stm32f1xx_hal_i2c.o(i.I2C_RequestMemoryRead)
    I2C_RequestMemoryRead                    0x080023cd   Thumb Code   318  stm32f1xx_hal_i2c.o(i.I2C_RequestMemoryRead)
    i.I2C_RequestMemoryWrite                 0x08002510   Section        0  stm32f1xx_hal_i2c.o(i.I2C_RequestMemoryWrite)
    I2C_RequestMemoryWrite                   0x08002511   Thumb Code   194  stm32f1xx_hal_i2c.o(i.I2C_RequestMemoryWrite)
    i.I2C_WaitOnBTFFlagUntilTimeout          0x080025d8   Section        0  stm32f1xx_hal_i2c.o(i.I2C_WaitOnBTFFlagUntilTimeout)
    I2C_WaitOnBTFFlagUntilTimeout            0x080025d9   Thumb Code    76  stm32f1xx_hal_i2c.o(i.I2C_WaitOnBTFFlagUntilTimeout)
    i.I2C_WaitOnFlagUntilTimeout             0x08002624   Section        0  stm32f1xx_hal_i2c.o(i.I2C_WaitOnFlagUntilTimeout)
    I2C_WaitOnFlagUntilTimeout               0x08002625   Thumb Code   116  stm32f1xx_hal_i2c.o(i.I2C_WaitOnFlagUntilTimeout)
    i.I2C_WaitOnMasterAddressFlagUntilTimeout 0x08002698   Section        0  stm32f1xx_hal_i2c.o(i.I2C_WaitOnMasterAddressFlagUntilTimeout)
    I2C_WaitOnMasterAddressFlagUntilTimeout  0x08002699   Thumb Code   148  stm32f1xx_hal_i2c.o(i.I2C_WaitOnMasterAddressFlagUntilTimeout)
    i.I2C_WaitOnRXNEFlagUntilTimeout         0x0800272c   Section        0  stm32f1xx_hal_i2c.o(i.I2C_WaitOnRXNEFlagUntilTimeout)
    I2C_WaitOnRXNEFlagUntilTimeout           0x0800272d   Thumb Code    98  stm32f1xx_hal_i2c.o(i.I2C_WaitOnRXNEFlagUntilTimeout)
    i.I2C_WaitOnTXEFlagUntilTimeout          0x0800278e   Section        0  stm32f1xx_hal_i2c.o(i.I2C_WaitOnTXEFlagUntilTimeout)
    I2C_WaitOnTXEFlagUntilTimeout            0x0800278f   Thumb Code    76  stm32f1xx_hal_i2c.o(i.I2C_WaitOnTXEFlagUntilTimeout)
    i.LEFT                                   0x080027da   Section        0  main.o(i.LEFT)
    i.MX_GPIO_Init                           0x0800282c   Section        0  main.o(i.MX_GPIO_Init)
    MX_GPIO_Init                             0x0800282d   Thumb Code   112  main.o(i.MX_GPIO_Init)
    i.MX_I2C1_Init                           0x080028a4   Section        0  main.o(i.MX_I2C1_Init)
    MX_I2C1_Init                             0x080028a5   Thumb Code    52  main.o(i.MX_I2C1_Init)
    i.MX_TIM3_Init                           0x080028f4   Section        0  main.o(i.MX_TIM3_Init)
    MX_TIM3_Init                             0x080028f5   Thumb Code   100  main.o(i.MX_TIM3_Init)
    i.MX_USART1_UART_Init                    0x08002970   Section        0  main.o(i.MX_USART1_UART_Init)
    MX_USART1_UART_Init                      0x08002971   Thumb Code    50  main.o(i.MX_USART1_UART_Init)
    i.MX_USART2_UART_Init                    0x080029bc   Section        0  main.o(i.MX_USART2_UART_Init)
    MX_USART2_UART_Init                      0x080029bd   Thumb Code    50  main.o(i.MX_USART2_UART_Init)
    i.MX_USART3_UART_Init                    0x08002a08   Section        0  main.o(i.MX_USART3_UART_Init)
    MX_USART3_UART_Init                      0x08002a09   Thumb Code    50  main.o(i.MX_USART3_UART_Init)
    i.MemManage_Handler                      0x08002a54   Section        0  stm32f1xx_it.o(i.MemManage_Handler)
    i.NMI_Handler                            0x08002a56   Section        0  stm32f1xx_it.o(i.NMI_Handler)
    i.NVIC_SetPriority                       0x08002a58   Section        0  stm32f1xx_hal_cortex.o(i.NVIC_SetPriority)
    NVIC_SetPriority                         0x08002a59   Thumb Code    32  stm32f1xx_hal_cortex.o(i.NVIC_SetPriority)
    i.PendSV_Handler                         0x08002a78   Section        0  stm32f1xx_it.o(i.PendSV_Handler)
    i.RCC_Delay                              0x08002a7c   Section        0  stm32f1xx_hal_rcc.o(i.RCC_Delay)
    RCC_Delay                                0x08002a7d   Thumb Code    30  stm32f1xx_hal_rcc.o(i.RCC_Delay)
    i.RIGHT                                  0x08002aa0   Section        0  main.o(i.RIGHT)
    i.SSD1306_DrawCircle                     0x08002af0   Section        0  ssd1306.o(i.SSD1306_DrawCircle)
    i.SSD1306_DrawFilledCircle               0x08002c06   Section        0  ssd1306.o(i.SSD1306_DrawFilledCircle)
    i.SSD1306_DrawLine                       0x08002d12   Section        0  ssd1306.o(i.SSD1306_DrawLine)
    i.SSD1306_DrawPixel                      0x08002e24   Section        0  ssd1306.o(i.SSD1306_DrawPixel)
    i.SSD1306_DrawRectangle                  0x08002e68   Section        0  ssd1306.o(i.SSD1306_DrawRectangle)
    i.SSD1306_Fill                           0x08002ee0   Section        0  ssd1306.o(i.SSD1306_Fill)
    i.SSD1306_GotoXY                         0x08002ef8   Section        0  ssd1306.o(i.SSD1306_GotoXY)
    i.SSD1306_Init                           0x08002f04   Section        0  ssd1306.o(i.SSD1306_Init)
    i.SSD1306_Putc                           0x08003064   Section        0  ssd1306.o(i.SSD1306_Putc)
    i.SSD1306_Puts                           0x0800310c   Section        0  ssd1306.o(i.SSD1306_Puts)
    i.SSD1306_UpdateScreen                   0x08003134   Section        0  ssd1306.o(i.SSD1306_UpdateScreen)
    i.STOP                                   0x08003178   Section        0  main.o(i.STOP)
    i.SVC_Handler                            0x080031c6   Section        0  stm32f1xx_it.o(i.SVC_Handler)
    i.SysTick_Handler                        0x080031c8   Section        0  stm32f1xx_it.o(i.SysTick_Handler)
    i.SystemClock_Config                     0x080031d8   Section        0  main.o(i.SystemClock_Config)
    i.SystemInit                             0x08003260   Section        0  system_stm32f1xx.o(i.SystemInit)
    i.TIM3_IRQHandler                        0x080032a8   Section        0  stm32f1xx_it.o(i.TIM3_IRQHandler)
    i.TIM_Base_SetConfig                     0x080032cc   Section        0  stm32f1xx_hal_tim.o(i.TIM_Base_SetConfig)
    i.TIM_ETR_SetConfig                      0x08003338   Section        0  stm32f1xx_hal_tim.o(i.TIM_ETR_SetConfig)
    TIM_ETR_SetConfig                        0x08003339   Thumb Code    20  stm32f1xx_hal_tim.o(i.TIM_ETR_SetConfig)
    i.TIM_ITRx_SetConfig                     0x0800334c   Section        0  stm32f1xx_hal_tim.o(i.TIM_ITRx_SetConfig)
    TIM_ITRx_SetConfig                       0x0800334d   Thumb Code    16  stm32f1xx_hal_tim.o(i.TIM_ITRx_SetConfig)
    i.TIM_TI1_ConfigInputStage               0x0800335c   Section        0  stm32f1xx_hal_tim.o(i.TIM_TI1_ConfigInputStage)
    TIM_TI1_ConfigInputStage                 0x0800335d   Thumb Code    34  stm32f1xx_hal_tim.o(i.TIM_TI1_ConfigInputStage)
    i.TIM_TI2_ConfigInputStage               0x0800337e   Section        0  stm32f1xx_hal_tim.o(i.TIM_TI2_ConfigInputStage)
    TIM_TI2_ConfigInputStage                 0x0800337f   Thumb Code    36  stm32f1xx_hal_tim.o(i.TIM_TI2_ConfigInputStage)
    i.UART_DMAAbortOnError                   0x080033a2   Section        0  stm32f1xx_hal_uart.o(i.UART_DMAAbortOnError)
    UART_DMAAbortOnError                     0x080033a3   Thumb Code    16  stm32f1xx_hal_uart.o(i.UART_DMAAbortOnError)
    i.UART_EndRxTransfer                     0x080033b2   Section        0  stm32f1xx_hal_uart.o(i.UART_EndRxTransfer)
    UART_EndRxTransfer                       0x080033b3   Thumb Code    28  stm32f1xx_hal_uart.o(i.UART_EndRxTransfer)
    i.UART_EndTransmit_IT                    0x080033ce   Section        0  stm32f1xx_hal_uart.o(i.UART_EndTransmit_IT)
    UART_EndTransmit_IT                      0x080033cf   Thumb Code    26  stm32f1xx_hal_uart.o(i.UART_EndTransmit_IT)
    i.UART_Receive_IT                        0x080033e8   Section        0  stm32f1xx_hal_uart.o(i.UART_Receive_IT)
    UART_Receive_IT                          0x080033e9   Thumb Code   156  stm32f1xx_hal_uart.o(i.UART_Receive_IT)
    i.UART_SetConfig                         0x08003484   Section        0  stm32f1xx_hal_uart.o(i.UART_SetConfig)
    UART_SetConfig                           0x08003485   Thumb Code   408  stm32f1xx_hal_uart.o(i.UART_SetConfig)
    i.UART_Transmit_IT                       0x08003620   Section        0  stm32f1xx_hal_uart.o(i.UART_Transmit_IT)
    UART_Transmit_IT                         0x08003621   Thumb Code   102  stm32f1xx_hal_uart.o(i.UART_Transmit_IT)
    i.UART_WaitOnFlagUntilTimeout            0x08003686   Section        0  stm32f1xx_hal_uart.o(i.UART_WaitOnFlagUntilTimeout)
    UART_WaitOnFlagUntilTimeout              0x08003687   Thumb Code   100  stm32f1xx_hal_uart.o(i.UART_WaitOnFlagUntilTimeout)
    i.USART1_IRQHandler                      0x080036ec   Section        0  stm32f1xx_it.o(i.USART1_IRQHandler)
    i.USART2_IRQHandler                      0x080036f8   Section        0  stm32f1xx_it.o(i.USART2_IRQHandler)
    i.UsageFault_Handler                     0x08003704   Section        0  stm32f1xx_it.o(i.UsageFault_Handler)
    i._Error_Handler                         0x08003706   Section        0  main.o(i._Error_Handler)
    i.__0sprintf$5                           0x08003708   Section        0  printf5.o(i.__0sprintf$5)
    i.__ARM_fpclassify                       0x08003730   Section        0  fpclassify.o(i.__ARM_fpclassify)
    i.__kernel_poly                          0x08003758   Section        0  poly.o(i.__kernel_poly)
    i.__mathlib_dbl_divzero                  0x08003804   Section        0  dunder.o(i.__mathlib_dbl_divzero)
    i.__mathlib_dbl_infnan                   0x08003814   Section        0  dunder.o(i.__mathlib_dbl_infnan)
    i.__mathlib_dbl_infnan2                  0x0800381a   Section        0  dunder.o(i.__mathlib_dbl_infnan2)
    i.__mathlib_dbl_invalid                  0x0800381e   Section        0  dunder.o(i.__mathlib_dbl_invalid)
    i.__mathlib_dbl_overflow                 0x0800382a   Section        0  dunder.o(i.__mathlib_dbl_overflow)
    i.__mathlib_dbl_underflow                0x08003838   Section        0  dunder.o(i.__mathlib_dbl_underflow)
    i.__scatterload_copy                     0x08003848   Section       14  handlers.o(i.__scatterload_copy)
    i.__scatterload_null                     0x08003856   Section        2  handlers.o(i.__scatterload_null)
    i.__scatterload_zeroinit                 0x08003858   Section       14  handlers.o(i.__scatterload_zeroinit)
    i.__set_errno                            0x08003868   Section        0  errno.o(i.__set_errno)
    i._printf_core                           0x08003874   Section        0  printf5.o(i._printf_core)
    _printf_core                             0x08003875   Thumb Code   658  printf5.o(i._printf_core)
    i._sputc                                 0x08003b34   Section        0  printf5.o(i._sputc)
    _sputc                                   0x08003b35   Thumb Code    10  printf5.o(i._sputc)
    i.atan                                   0x08003b40   Section        0  atan.o(i.atan)
    i.convert_accel_data_in_angle            0x08003d60   Section        0  main.o(i.convert_accel_data_in_angle)
    i.data_from_ADXL345                      0x08003e80   Section        0  main.o(i.data_from_ADXL345)
    i.drow_data_on_OLED                      0x08003f14   Section        0  main.o(i.drow_data_on_OLED)
    i.free                                   0x08004038   Section        0  malloc.o(i.free)
    i.init_ADXL345                           0x08004088   Section        0  main.o(i.init_ADXL345)
    i.init_oled                              0x08004238   Section        0  main.o(i.init_oled)
    i.main                                   0x08004344   Section        0  main.o(i.main)
    i.malloc                                 0x08004468   Section        0  malloc.o(i.malloc)
    i.pow                                    0x080044d4   Section        0  pow.o(i.pow)
    i.sqrt                                   0x08004eac   Section        0  sqrt.o(i.sqrt)
    i.ssd1306_I2C_Init                       0x08004ef8   Section        0  ssd1306.o(i.ssd1306_I2C_Init)
    i.ssd1306_I2C_Write                      0x08004f08   Section        0  ssd1306.o(i.ssd1306_I2C_Write)
    i.ssd1306_I2C_WriteMulti                 0x08004f28   Section        0  ssd1306.o(i.ssd1306_I2C_WriteMulti)
    i.transmit_data_in_BLUETOOTH             0x08004f74   Section        0  main.o(i.transmit_data_in_BLUETOOTH)
    i.transmit_data_in_comport               0x08004fc8   Section        0  main.o(i.transmit_data_in_comport)
    .constdata                               0x0800501c   Section     1900  fonts.o(.constdata)
    .constdata                               0x08005788   Section       10  main.o(.constdata)
    .constdata                               0x08005792   Section       16  system_stm32f1xx.o(.constdata)
    .constdata                               0x080057a2   Section        8  system_stm32f1xx.o(.constdata)
    .constdata                               0x080057b0   Section      152  atan.o(.constdata)
    atanhi                                   0x080057b0   Data          32  atan.o(.constdata)
    atanlo                                   0x080057d0   Data          32  atan.o(.constdata)
    aTodd                                    0x080057f0   Data          40  atan.o(.constdata)
    aTeven                                   0x08005818   Data          48  atan.o(.constdata)
    .constdata                               0x08005848   Section      136  pow.o(.constdata)
    bp                                       0x08005848   Data          16  pow.o(.constdata)
    dp_h                                     0x08005858   Data          16  pow.o(.constdata)
    dp_l                                     0x08005868   Data          16  pow.o(.constdata)
    L                                        0x08005878   Data          48  pow.o(.constdata)
    P                                        0x080058a8   Data          40  pow.o(.constdata)
    .constdata                               0x080058d0   Section        8  qnan.o(.constdata)
    .data                                    0x20000000   Section        8  fonts.o(.data)
    .data                                    0x20000008   Section        6  ssd1306.o(.data)
    SSD1306                                  0x20000008   Data           6  ssd1306.o(.data)
    .data                                    0x20000010   Section       36  main.o(.data)
    .data                                    0x20000034   Section       12  stm32f1xx_hal.o(.data)
    .data                                    0x20000040   Section        4  system_stm32f1xx.o(.data)
    .data                                    0x20000044   Section        4  mvars.o(.data)
    .data                                    0x20000048   Section        4  mvars.o(.data)
    .data                                    0x2000004c   Section        4  errno.o(.data)
    _errno                                   0x2000004c   Data           4  errno.o(.data)
    .bss                                     0x20000050   Section     1024  ssd1306.o(.bss)
    SSD1306_Buffer                           0x20000050   Data        1024  ssd1306.o(.bss)
    .bss                                     0x20000450   Section      540  main.o(.bss)
    HEAP                                     0x20000670   Section      512  startup_stm32f103xb.o(HEAP)
    STACK                                    0x20000870   Section     1024  startup_stm32f103xb.o(STACK)

    Global Symbols

    Symbol Name                              Value     Ov Type        Size  Object(Section)

    BuildAttributes$$THM_ISAv4$P$D$K$B$S$PE$A:L22UL41UL21$X:L11$S22US41US21$IEEE1$IW$USESV6$~STKCKD$USESV7$~SHL$OTIME$ROPI$IEEEX$EBA8$MICROLIB$REQ8$PRES8$EABIv2 0x00000000   Number         0  anon$$obj.o ABSOLUTE
    __ARM_use_no_argv                        0x00000000   Number         0  main.o ABSOLUTE
    _printf_a                                0x00000000   Number         0  stubs.o ABSOLUTE
    _printf_c                                0x00000000   Number         0  stubs.o ABSOLUTE
    _printf_charcount                        0x00000000   Number         0  stubs.o ABSOLUTE
    _printf_d                                0x00000000   Number         0  stubs.o ABSOLUTE
    _printf_e                                0x00000000   Number         0  stubs.o ABSOLUTE
    _printf_f                                0x00000000   Number         0  stubs.o ABSOLUTE
    _printf_flags                            0x00000000   Number         0  stubs.o ABSOLUTE
    _printf_fp_dec                           0x00000000   Number         0  stubs.o ABSOLUTE
    _printf_fp_hex                           0x00000000   Number         0  stubs.o ABSOLUTE
    _printf_g                                0x00000000   Number         0  stubs.o ABSOLUTE
    _printf_i                                0x00000000   Number         0  stubs.o ABSOLUTE
    _printf_int_dec                          0x00000000   Number         0  stubs.o ABSOLUTE
    _printf_l                                0x00000000   Number         0  stubs.o ABSOLUTE
    _printf_lc                               0x00000000   Number         0  stubs.o ABSOLUTE
    _printf_ll                               0x00000000   Number         0  stubs.o ABSOLUTE
    _printf_lld                              0x00000000   Number         0  stubs.o ABSOLUTE
    _printf_lli                              0x00000000   Number         0  stubs.o ABSOLUTE
    _printf_llo                              0x00000000   Number         0  stubs.o ABSOLUTE
    _printf_llu                              0x00000000   Number         0  stubs.o ABSOLUTE
    _printf_llx                              0x00000000   Number         0  stubs.o ABSOLUTE
    _printf_longlong_dec                     0x00000000   Number         0  stubs.o ABSOLUTE
    _printf_longlong_hex                     0x00000000   Number         0  stubs.o ABSOLUTE
    _printf_longlong_oct                     0x00000000   Number         0  stubs.o ABSOLUTE
    _printf_ls                               0x00000000   Number         0  stubs.o ABSOLUTE
    _printf_mbtowc                           0x00000000   Number         0  stubs.o ABSOLUTE
    _printf_n                                0x00000000   Number         0  stubs.o ABSOLUTE
    _printf_o                                0x00000000   Number         0  stubs.o ABSOLUTE
    _printf_p                                0x00000000   Number         0  stubs.o ABSOLUTE
    _printf_percent                          0x00000000   Number         0  stubs.o ABSOLUTE
    _printf_pre_padding                      0x00000000   Number         0  stubs.o ABSOLUTE
    _printf_return_value                     0x00000000   Number         0  stubs.o ABSOLUTE
    _printf_s                                0x00000000   Number         0  stubs.o ABSOLUTE
    _printf_sizespec                         0x00000000   Number         0  stubs.o ABSOLUTE
    _printf_str                              0x00000000   Number         0  stubs.o ABSOLUTE
    _printf_truncate_signed                  0x00000000   Number         0  stubs.o ABSOLUTE
    _printf_truncate_unsigned                0x00000000   Number         0  stubs.o ABSOLUTE
    _printf_u                                0x00000000   Number         0  stubs.o ABSOLUTE
    _printf_wc                               0x00000000   Number         0  stubs.o ABSOLUTE
    _printf_wctomb                           0x00000000   Number         0  stubs.o ABSOLUTE
    _printf_widthprec                        0x00000000   Number         0  stubs.o ABSOLUTE
    _printf_x                                0x00000000   Number         0  stubs.o ABSOLUTE
    __cpp_initialize__aeabi_                  - Undefined Weak Reference
    __cxa_finalize                            - Undefined Weak Reference
    __decompress                              - Undefined Weak Reference
    _clock_init                               - Undefined Weak Reference
    _microlib_exit                            - Undefined Weak Reference
    __Vectors_Size                           0x000000ec   Number         0  startup_stm32f103xb.o ABSOLUTE
    __Vectors                                0x08000000   Data           4  startup_stm32f103xb.o(RESET)
    __Vectors_End                            0x080000ec   Data           0  startup_stm32f103xb.o(RESET)
    __main                                   0x080000ed   Thumb Code     0  entry.o(.ARM.Collect$$$$00000000)
    _main_stk                                0x080000ed   Thumb Code     0  entry2.o(.ARM.Collect$$$$00000001)
    _main_scatterload                        0x080000f1   Thumb Code     0  entry5.o(.ARM.Collect$$$$00000004)
    __main_after_scatterload                 0x080000f5   Thumb Code     0  entry5.o(.ARM.Collect$$$$00000004)
    _main_clock                              0x080000f5   Thumb Code     0  entry7b.o(.ARM.Collect$$$$00000008)
    _main_cpp_init                           0x080000f5   Thumb Code     0  entry8b.o(.ARM.Collect$$$$0000000A)
    _main_init                               0x080000f5   Thumb Code     0  entry9a.o(.ARM.Collect$$$$0000000B)
    __rt_final_cpp                           0x080000fd   Thumb Code     0  entry10a.o(.ARM.Collect$$$$0000000D)
    __rt_final_exit                          0x080000fd   Thumb Code     0  entry11a.o(.ARM.Collect$$$$0000000F)
    Reset_Handler                            0x08000101   Thumb Code     8  startup_stm32f103xb.o(.text)
    ADC1_2_IRQHandler                        0x0800011b   Thumb Code     0  startup_stm32f103xb.o(.text)
    CAN1_RX1_IRQHandler                      0x0800011b   Thumb Code     0  startup_stm32f103xb.o(.text)
    CAN1_SCE_IRQHandler                      0x0800011b   Thumb Code     0  startup_stm32f103xb.o(.text)
    DMA1_Channel1_IRQHandler                 0x0800011b   Thumb Code     0  startup_stm32f103xb.o(.text)
    DMA1_Channel2_IRQHandler                 0x0800011b   Thumb Code     0  startup_stm32f103xb.o(.text)
    DMA1_Channel3_IRQHandler                 0x0800011b   Thumb Code     0  startup_stm32f103xb.o(.text)
    DMA1_Channel4_IRQHandler                 0x0800011b   Thumb Code     0  startup_stm32f103xb.o(.text)
    DMA1_Channel5_IRQHandler                 0x0800011b   Thumb Code     0  startup_stm32f103xb.o(.text)
    DMA1_Channel6_IRQHandler                 0x0800011b   Thumb Code     0  startup_stm32f103xb.o(.text)
    DMA1_Channel7_IRQHandler                 0x0800011b   Thumb Code     0  startup_stm32f103xb.o(.text)
    EXTI0_IRQHandler                         0x0800011b   Thumb Code     0  startup_stm32f103xb.o(.text)
    EXTI15_10_IRQHandler                     0x0800011b   Thumb Code     0  startup_stm32f103xb.o(.text)
    EXTI1_IRQHandler                         0x0800011b   Thumb Code     0  startup_stm32f103xb.o(.text)
    EXTI2_IRQHandler                         0x0800011b   Thumb Code     0  startup_stm32f103xb.o(.text)
    EXTI3_IRQHandler                         0x0800011b   Thumb Code     0  startup_stm32f103xb.o(.text)
    EXTI4_IRQHandler                         0x0800011b   Thumb Code     0  startup_stm32f103xb.o(.text)
    EXTI9_5_IRQHandler                       0x0800011b   Thumb Code     0  startup_stm32f103xb.o(.text)
    FLASH_IRQHandler                         0x0800011b   Thumb Code     0  startup_stm32f103xb.o(.text)
    I2C1_ER_IRQHandler                       0x0800011b   Thumb Code     0  startup_stm32f103xb.o(.text)
    I2C1_EV_IRQHandler                       0x0800011b   Thumb Code     0  startup_stm32f103xb.o(.text)
    I2C2_ER_IRQHandler                       0x0800011b   Thumb Code     0  startup_stm32f103xb.o(.text)
    I2C2_EV_IRQHandler                       0x0800011b   Thumb Code     0  startup_stm32f103xb.o(.text)
    PVD_IRQHandler                           0x0800011b   Thumb Code     0  startup_stm32f103xb.o(.text)
    RCC_IRQHandler                           0x0800011b   Thumb Code     0  startup_stm32f103xb.o(.text)
    RTC_Alarm_IRQHandler                     0x0800011b   Thumb Code     0  startup_stm32f103xb.o(.text)
    RTC_IRQHandler                           0x0800011b   Thumb Code     0  startup_stm32f103xb.o(.text)
    SPI1_IRQHandler                          0x0800011b   Thumb Code     0  startup_stm32f103xb.o(.text)
    SPI2_IRQHandler                          0x0800011b   Thumb Code     0  startup_stm32f103xb.o(.text)
    TAMPER_IRQHandler                        0x0800011b   Thumb Code     0  startup_stm32f103xb.o(.text)
    TIM1_BRK_IRQHandler                      0x0800011b   Thumb Code     0  startup_stm32f103xb.o(.text)
    TIM1_CC_IRQHandler                       0x0800011b   Thumb Code     0  startup_stm32f103xb.o(.text)
    TIM1_TRG_COM_IRQHandler                  0x0800011b   Thumb Code     0  startup_stm32f103xb.o(.text)
    TIM1_UP_IRQHandler                       0x0800011b   Thumb Code     0  startup_stm32f103xb.o(.text)
    TIM2_IRQHandler                          0x0800011b   Thumb Code     0  startup_stm32f103xb.o(.text)
    TIM4_IRQHandler                          0x0800011b   Thumb Code     0  startup_stm32f103xb.o(.text)
    USART3_IRQHandler                        0x0800011b   Thumb Code     0  startup_stm32f103xb.o(.text)
    USBWakeUp_IRQHandler                     0x0800011b   Thumb Code     0  startup_stm32f103xb.o(.text)
    USB_HP_CAN1_TX_IRQHandler                0x0800011b   Thumb Code     0  startup_stm32f103xb.o(.text)
    USB_LP_CAN1_RX0_IRQHandler               0x0800011b   Thumb Code     0  startup_stm32f103xb.o(.text)
    WWDG_IRQHandler                          0x0800011b   Thumb Code     0  startup_stm32f103xb.o(.text)
    __aeabi_llsr                             0x08000125   Thumb Code    32  llushr.o(.text)
    _ll_ushift_r                             0x08000125   Thumb Code     0  llushr.o(.text)
    __aeabi_memset                           0x08000145   Thumb Code    14  memseta.o(.text)
    __aeabi_memset4                          0x08000145   Thumb Code     0  memseta.o(.text)
    __aeabi_memset8                          0x08000145   Thumb Code     0  memseta.o(.text)
    __aeabi_memclr                           0x08000153   Thumb Code     4  memseta.o(.text)
    __aeabi_memclr4                          0x08000153   Thumb Code     0  memseta.o(.text)
    __aeabi_memclr8                          0x08000153   Thumb Code     0  memseta.o(.text)
    _memset$wrapper                          0x08000157   Thumb Code    18  memseta.o(.text)
    strlen                                   0x08000169   Thumb Code    14  strlen.o(.text)
    __ARM_scalbnf                            0x08000177   Thumb Code    24  fscalb.o(.text)
    scalbnf                                  0x08000177   Thumb Code     0  fscalb.o(.text)
    __aeabi_dadd                             0x0800018f   Thumb Code   322  dadd.o(.text)
    __aeabi_dsub                             0x080002d1   Thumb Code     6  dadd.o(.text)
    __aeabi_drsub                            0x080002d7   Thumb Code     6  dadd.o(.text)
    __aeabi_dmul                             0x080002dd   Thumb Code   228  dmul.o(.text)
    __aeabi_ddiv                             0x080003c1   Thumb Code   222  ddiv.o(.text)
    __aeabi_i2f                              0x0800049f   Thumb Code    18  fflti.o(.text)
    __aeabi_d2iz                             0x080004b1   Thumb Code    62  dfixi.o(.text)
    __aeabi_f2d                              0x080004ef   Thumb Code    38  f2d.o(.text)
    __aeabi_uldivmod                         0x08000515   Thumb Code    98  uldiv.o(.text)
    __aeabi_llsl                             0x08000577   Thumb Code    30  llshl.o(.text)
    _ll_shift_l                              0x08000577   Thumb Code     0  llshl.o(.text)
    __aeabi_lasr                             0x08000595   Thumb Code    36  llsshr.o(.text)
    _ll_sshift_r                             0x08000595   Thumb Code     0  llsshr.o(.text)
    __I$use$fp                               0x080005b9   Thumb Code     0  iusefp.o(.text)
    _float_round                             0x080005b9   Thumb Code    18  fepilogue.o(.text)
    _float_epilogue                          0x080005cb   Thumb Code    92  fepilogue.o(.text)
    _double_round                            0x08000627   Thumb Code    30  depilogue.o(.text)
    _double_epilogue                         0x08000645   Thumb Code   156  depilogue.o(.text)
    __ARM_scalbn                             0x080006e1   Thumb Code    46  dscalb.o(.text)
    scalbn                                   0x080006e1   Thumb Code     0  dscalb.o(.text)
    _dsqrt                                   0x0800070f   Thumb Code   162  dsqrt.o(.text)
    __aeabi_i2d                              0x080007b1   Thumb Code    34  dflti.o(.text)
    __aeabi_cdrcmple                         0x080007d5   Thumb Code    48  cdrcmple.o(.text)
    __scatterload                            0x08000805   Thumb Code    28  init.o(.text)
    __scatterload_rt2                        0x08000805   Thumb Code     0  init.o(.text)
    BACK                                     0x08000829   Thumb Code    78  main.o(i.BACK)
    BusFault_Handler                         0x08000877   Thumb Code     2  stm32f1xx_it.o(i.BusFault_Handler)
    DebugMon_Handler                         0x08000879   Thumb Code     2  stm32f1xx_it.o(i.DebugMon_Handler)
    FORWARD                                  0x0800087b   Thumb Code    78  main.o(i.FORWARD)
    HAL_DMA_Abort_IT                         0x080008c9   Thumb Code   148  stm32f1xx_hal_dma.o(i.HAL_DMA_Abort_IT)
    HAL_Delay                                0x08000961   Thumb Code    32  stm32f1xx_hal.o(i.HAL_Delay)
    HAL_GPIO_Init                            0x08000985   Thumb Code   460  stm32f1xx_hal_gpio.o(i.HAL_GPIO_Init)
    HAL_GPIO_TogglePin                       0x08000b71   Thumb Code     8  stm32f1xx_hal_gpio.o(i.HAL_GPIO_TogglePin)
    HAL_GPIO_WritePin                        0x08000b79   Thumb Code    14  stm32f1xx_hal_gpio.o(i.HAL_GPIO_WritePin)
    HAL_GetTick                              0x08000b89   Thumb Code     6  stm32f1xx_hal.o(i.HAL_GetTick)
    HAL_I2C_Init                             0x08000b95   Thumb Code   318  stm32f1xx_hal_i2c.o(i.HAL_I2C_Init)
    HAL_I2C_IsDeviceReady                    0x08000ce5   Thumb Code   358  stm32f1xx_hal_i2c.o(i.HAL_I2C_IsDeviceReady)
    HAL_I2C_Master_Transmit                  0x08000e55   Thumb Code   342  stm32f1xx_hal_i2c.o(i.HAL_I2C_Master_Transmit)
    HAL_I2C_Mem_Read                         0x08000fb5   Thumb Code   688  stm32f1xx_hal_i2c.o(i.HAL_I2C_Mem_Read)
    HAL_I2C_Mem_Write                        0x08001271   Thumb Code   342  stm32f1xx_hal_i2c.o(i.HAL_I2C_Mem_Write)
    HAL_I2C_MspInit                          0x080013d1   Thumb Code    54  stm32f1xx_hal_msp.o(i.HAL_I2C_MspInit)
    HAL_IncTick                              0x08001415   Thumb Code    12  stm32f1xx_hal.o(i.HAL_IncTick)
    HAL_Init                                 0x08001425   Thumb Code    32  stm32f1xx_hal.o(i.HAL_Init)
    HAL_InitTick                             0x08001449   Thumb Code    58  stm32f1xx_hal.o(i.HAL_InitTick)
    HAL_MspInit                              0x0800148d   Thumb Code   134  stm32f1xx_hal_msp.o(i.HAL_MspInit)
    HAL_NVIC_EnableIRQ                       0x0800151d   Thumb Code    22  stm32f1xx_hal_cortex.o(i.HAL_NVIC_EnableIRQ)
    HAL_NVIC_SetPriority                     0x08001535   Thumb Code    60  stm32f1xx_hal_cortex.o(i.HAL_NVIC_SetPriority)
    HAL_NVIC_SetPriorityGrouping             0x08001575   Thumb Code    26  stm32f1xx_hal_cortex.o(i.HAL_NVIC_SetPriorityGrouping)
    HAL_RCC_ClockConfig                      0x08001599   Thumb Code   338  stm32f1xx_hal_rcc.o(i.HAL_RCC_ClockConfig)
    HAL_RCC_GetHCLKFreq                      0x080016fd   Thumb Code     6  stm32f1xx_hal_rcc.o(i.HAL_RCC_GetHCLKFreq)
    HAL_RCC_GetPCLK1Freq                     0x08001709   Thumb Code    22  stm32f1xx_hal_rcc.o(i.HAL_RCC_GetPCLK1Freq)
    HAL_RCC_GetPCLK2Freq                     0x08001729   Thumb Code    22  stm32f1xx_hal_rcc.o(i.HAL_RCC_GetPCLK2Freq)
    HAL_RCC_GetSysClockFreq                  0x08001749   Thumb Code    82  stm32f1xx_hal_rcc.o(i.HAL_RCC_GetSysClockFreq)
    HAL_RCC_OscConfig                        0x080017bd   Thumb Code   840  stm32f1xx_hal_rcc.o(i.HAL_RCC_OscConfig)
    HAL_SYSTICK_CLKSourceConfig              0x08001b15   Thumb Code    28  stm32f1xx_hal_cortex.o(i.HAL_SYSTICK_CLKSourceConfig)
    HAL_SYSTICK_Callback                     0x08001b31   Thumb Code     2  stm32f1xx_hal_cortex.o(i.HAL_SYSTICK_Callback)
    HAL_SYSTICK_Config                       0x08001b33   Thumb Code    40  stm32f1xx_hal_cortex.o(i.HAL_SYSTICK_Config)
    HAL_SYSTICK_IRQHandler                   0x08001b5b   Thumb Code     8  stm32f1xx_hal_cortex.o(i.HAL_SYSTICK_IRQHandler)
    HAL_TIMEx_BreakCallback                  0x08001b63   Thumb Code     2  stm32f1xx_hal_tim_ex.o(i.HAL_TIMEx_BreakCallback)
    HAL_TIMEx_CommutationCallback            0x08001b65   Thumb Code     2  stm32f1xx_hal_tim_ex.o(i.HAL_TIMEx_CommutationCallback)
    HAL_TIMEx_MasterConfigSynchronization    0x08001b67   Thumb Code    80  stm32f1xx_hal_tim_ex.o(i.HAL_TIMEx_MasterConfigSynchronization)
    HAL_TIM_Base_Init                        0x08001bb7   Thumb Code    56  stm32f1xx_hal_tim.o(i.HAL_TIM_Base_Init)
    HAL_TIM_Base_MspInit                     0x08001bf1   Thumb Code    50  stm32f1xx_hal_msp.o(i.HAL_TIM_Base_MspInit)
    HAL_TIM_Base_Start                       0x08001c2d   Thumb Code    26  stm32f1xx_hal_tim.o(i.HAL_TIM_Base_Start)
    HAL_TIM_Base_Start_IT                    0x08001c47   Thumb Code    24  stm32f1xx_hal_tim.o(i.HAL_TIM_Base_Start_IT)
    HAL_TIM_Base_Stop                        0x08001c5f   Thumb Code    44  stm32f1xx_hal_tim.o(i.HAL_TIM_Base_Stop)
    HAL_TIM_ConfigClockSource                0x08001c8b   Thumb Code   270  stm32f1xx_hal_tim.o(i.HAL_TIM_ConfigClockSource)
    HAL_TIM_IC_CaptureCallback               0x08001d99   Thumb Code     2  stm32f1xx_hal_tim.o(i.HAL_TIM_IC_CaptureCallback)
    HAL_TIM_IRQHandler                       0x08001d9b   Thumb Code   366  stm32f1xx_hal_tim.o(i.HAL_TIM_IRQHandler)
    HAL_TIM_OC_DelayElapsedCallback          0x08001f09   Thumb Code     2  stm32f1xx_hal_tim.o(i.HAL_TIM_OC_DelayElapsedCallback)
    HAL_TIM_PWM_PulseFinishedCallback        0x08001f0b   Thumb Code     2  stm32f1xx_hal_tim.o(i.HAL_TIM_PWM_PulseFinishedCallback)
    HAL_TIM_PeriodElapsedCallback            0x08001f0d   Thumb Code     2  stm32f1xx_hal_tim.o(i.HAL_TIM_PeriodElapsedCallback)
    HAL_TIM_TriggerCallback                  0x08001f0f   Thumb Code     2  stm32f1xx_hal_tim.o(i.HAL_TIM_TriggerCallback)
    HAL_UART_ErrorCallback                   0x08001f11   Thumb Code     2  stm32f1xx_hal_uart.o(i.HAL_UART_ErrorCallback)
    HAL_UART_IRQHandler                      0x08001f15   Thumb Code   268  stm32f1xx_hal_uart.o(i.HAL_UART_IRQHandler)
    HAL_UART_Init                            0x08002025   Thumb Code   100  stm32f1xx_hal_uart.o(i.HAL_UART_Init)
    HAL_UART_MspInit                         0x08002089   Thumb Code   218  stm32f1xx_hal_msp.o(i.HAL_UART_MspInit)
    HAL_UART_Receive_IT                      0x0800217d   Thumb Code    86  stm32f1xx_hal_uart.o(i.HAL_UART_Receive_IT)
    HAL_UART_RxCpltCallback                  0x080021d5   Thumb Code    62  main.o(i.HAL_UART_RxCpltCallback)
    HAL_UART_Transmit                        0x0800221d   Thumb Code   204  stm32f1xx_hal_uart.o(i.HAL_UART_Transmit)
    HAL_UART_TxCpltCallback                  0x080022e9   Thumb Code     2  stm32f1xx_hal_uart.o(i.HAL_UART_TxCpltCallback)
    HardFault_Handler                        0x080022eb   Thumb Code     2  stm32f1xx_it.o(i.HardFault_Handler)
    LEFT                                     0x080027db   Thumb Code    80  main.o(i.LEFT)
    MemManage_Handler                        0x08002a55   Thumb Code     2  stm32f1xx_it.o(i.MemManage_Handler)
    NMI_Handler                              0x08002a57   Thumb Code     2  stm32f1xx_it.o(i.NMI_Handler)
    PendSV_Handler                           0x08002a79   Thumb Code     2  stm32f1xx_it.o(i.PendSV_Handler)
    RIGHT                                    0x08002aa1   Thumb Code    80  main.o(i.RIGHT)
    SSD1306_DrawCircle                       0x08002af1   Thumb Code   278  ssd1306.o(i.SSD1306_DrawCircle)
    SSD1306_DrawFilledCircle                 0x08002c07   Thumb Code   268  ssd1306.o(i.SSD1306_DrawFilledCircle)
    SSD1306_DrawLine                         0x08002d13   Thumb Code   272  ssd1306.o(i.SSD1306_DrawLine)
    SSD1306_DrawPixel                        0x08002e25   Thumb Code    60  ssd1306.o(i.SSD1306_DrawPixel)
    SSD1306_DrawRectangle                    0x08002e69   Thumb Code   120  ssd1306.o(i.SSD1306_DrawRectangle)
    SSD1306_Fill                             0x08002ee1   Thumb Code    20  ssd1306.o(i.SSD1306_Fill)
    SSD1306_GotoXY                           0x08002ef9   Thumb Code     8  ssd1306.o(i.SSD1306_GotoXY)
    SSD1306_Init                             0x08002f05   Thumb Code   342  ssd1306.o(i.SSD1306_Init)
    SSD1306_Putc                             0x08003065   Thumb Code   162  ssd1306.o(i.SSD1306_Putc)
    SSD1306_Puts                             0x0800310d   Thumb Code    40  ssd1306.o(i.SSD1306_Puts)
    SSD1306_UpdateScreen                     0x08003135   Thumb Code    64  ssd1306.o(i.SSD1306_UpdateScreen)
    STOP                                     0x08003179   Thumb Code    78  main.o(i.STOP)
    SVC_Handler                              0x080031c7   Thumb Code     2  stm32f1xx_it.o(i.SVC_Handler)
    SysTick_Handler                          0x080031c9   Thumb Code    14  stm32f1xx_it.o(i.SysTick_Handler)
    SystemClock_Config                       0x080031d9   Thumb Code   120  main.o(i.SystemClock_Config)
    SystemInit                               0x08003261   Thumb Code    56  system_stm32f1xx.o(i.SystemInit)
    TIM3_IRQHandler                          0x080032a9   Thumb Code    26  stm32f1xx_it.o(i.TIM3_IRQHandler)
    TIM_Base_SetConfig                       0x080032cd   Thumb Code    94  stm32f1xx_hal_tim.o(i.TIM_Base_SetConfig)
    USART1_IRQHandler                        0x080036ed   Thumb Code     6  stm32f1xx_it.o(i.USART1_IRQHandler)
    USART2_IRQHandler                        0x080036f9   Thumb Code     6  stm32f1xx_it.o(i.USART2_IRQHandler)
    UsageFault_Handler                       0x08003705   Thumb Code     2  stm32f1xx_it.o(i.UsageFault_Handler)
    _Error_Handler                           0x08003707   Thumb Code     2  main.o(i._Error_Handler)
    __0sprintf$5                             0x08003709   Thumb Code    34  printf5.o(i.__0sprintf$5)
    __1sprintf$5                             0x08003709   Thumb Code     0  printf5.o(i.__0sprintf$5)
    __2sprintf                               0x08003709   Thumb Code     0  printf5.o(i.__0sprintf$5)
    __ARM_fpclassify                         0x08003731   Thumb Code    40  fpclassify.o(i.__ARM_fpclassify)
    __kernel_poly                            0x08003759   Thumb Code   170  poly.o(i.__kernel_poly)
    __mathlib_dbl_divzero                    0x08003805   Thumb Code    12  dunder.o(i.__mathlib_dbl_divzero)
    __mathlib_dbl_infnan                     0x08003815   Thumb Code     6  dunder.o(i.__mathlib_dbl_infnan)
    __mathlib_dbl_infnan2                    0x0800381b   Thumb Code     4  dunder.o(i.__mathlib_dbl_infnan2)
    __mathlib_dbl_invalid                    0x0800381f   Thumb Code    12  dunder.o(i.__mathlib_dbl_invalid)
    __mathlib_dbl_overflow                   0x0800382b   Thumb Code    14  dunder.o(i.__mathlib_dbl_overflow)
    __mathlib_dbl_underflow                  0x08003839   Thumb Code    10  dunder.o(i.__mathlib_dbl_underflow)
    __scatterload_copy                       0x08003849   Thumb Code    14  handlers.o(i.__scatterload_copy)
    __scatterload_null                       0x08003857   Thumb Code     2  handlers.o(i.__scatterload_null)
    __scatterload_zeroinit                   0x08003859   Thumb Code    14  handlers.o(i.__scatterload_zeroinit)
    __set_errno                              0x08003869   Thumb Code     6  errno.o(i.__set_errno)
    atan                                     0x08003b41   Thumb Code   474  atan.o(i.atan)
    convert_accel_data_in_angle              0x08003d61   Thumb Code   274  main.o(i.convert_accel_data_in_angle)
    data_from_ADXL345                        0x08003e81   Thumb Code   140  main.o(i.data_from_ADXL345)
    drow_data_on_OLED                        0x08003f15   Thumb Code   244  main.o(i.drow_data_on_OLED)
    free                                     0x08004039   Thumb Code    76  malloc.o(i.free)
    init_ADXL345                             0x08004089   Thumb Code   298  main.o(i.init_ADXL345)
    init_oled                                0x08004239   Thumb Code   222  main.o(i.init_oled)
    main                                     0x08004345   Thumb Code   248  main.o(i.main)
    malloc                                   0x08004469   Thumb Code    92  malloc.o(i.malloc)
    pow                                      0x080044d5   Thumb Code  2512  pow.o(i.pow)
    sqrt                                     0x08004ead   Thumb Code    76  sqrt.o(i.sqrt)
    ssd1306_I2C_Init                         0x08004ef9   Thumb Code    10  ssd1306.o(i.ssd1306_I2C_Init)
    ssd1306_I2C_Write                        0x08004f09   Thumb Code    28  ssd1306.o(i.ssd1306_I2C_Write)
    ssd1306_I2C_WriteMulti                   0x08004f29   Thumb Code    70  ssd1306.o(i.ssd1306_I2C_WriteMulti)
    transmit_data_in_BLUETOOTH               0x08004f75   Thumb Code    54  main.o(i.transmit_data_in_BLUETOOTH)
    transmit_data_in_comport                 0x08004fc9   Thumb Code    54  main.o(i.transmit_data_in_comport)
    Font7x10                                 0x0800501c   Data        1900  fonts.o(.constdata)
    AHBPrescTable                            0x08005792   Data          16  system_stm32f1xx.o(.constdata)
    APBPrescTable                            0x080057a2   Data           8  system_stm32f1xx.o(.constdata)
    __mathlib_zero                           0x080058d0   Data           8  qnan.o(.constdata)
    Region$$Table$$Base                      0x080058d8   Number         0  anon$$obj.o(Region$$Table)
    Region$$Table$$Limit                     0x080058f8   Number         0  anon$$obj.o(Region$$Table)
    Font_7x10                                0x20000000   Data           8  fonts.o(.data)
    Device_ID                                0x20000010   Data           1  main.o(.data)
    Device_addres                            0x20000011   Data           1  main.o(.data)
    DEVID                                    0x20000012   Data           1  main.o(.data)
    DATAX0                                   0x20000013   Data           1  main.o(.data)
    BW_RATE                                  0x20000014   Data           1  main.o(.data)
    POWER_CTL                                0x20000015   Data           1  main.o(.data)
    DATA_FORMAT                              0x20000016   Data           1  main.o(.data)
    Rx_indx                                  0x20000017   Data           1  main.o(.data)
    Transfer_cplt                            0x20000018   Data           1  main.o(.data)
    ACCEL_XANGLE                             0x2000001a   Data           2  main.o(.data)
    ACCEL_YANGLE                             0x2000001c   Data           2  main.o(.data)
    ACCEL_ZANGLE                             0x2000001e   Data           2  main.o(.data)
    Rx_data                                  0x20000020   Data           2  main.o(.data)
    X                                        0x20000024   Data           4  main.o(.data)
    Y                                        0x20000028   Data           4  main.o(.data)
    Z                                        0x2000002c   Data           4  main.o(.data)
    len                                      0x20000030   Data           4  main.o(.data)
    uwTickFreq                               0x20000034   Data           1  stm32f1xx_hal.o(.data)
    uwTickPrio                               0x20000038   Data           4  stm32f1xx_hal.o(.data)
    uwTick                                   0x2000003c   Data           4  stm32f1xx_hal.o(.data)
    SystemCoreClock                          0x20000040   Data           4  system_stm32f1xx.o(.data)
    __microlib_freelist                      0x20000044   Data           4  mvars.o(.data)
    __microlib_freelist_initialised          0x20000048   Data           4  mvars.o(.data)
    hi2c1                                    0x20000450   Data          84  main.o(.bss)
    htim3                                    0x200004a4   Data          64  main.o(.bss)
    huart1                                   0x200004e4   Data          64  main.o(.bss)
    huart2                                   0x20000524   Data          64  main.o(.bss)
    huart3                                   0x20000564   Data          64  main.o(.bss)
    buffer                                   0x200005a4   Data         100  main.o(.bss)
    Rx_Buffer                                0x20000608   Data         100  main.o(.bss)
    __heap_base                              0x20000670   Data           0  startup_stm32f103xb.o(HEAP)
    __heap_limit                             0x20000870   Data           0  startup_stm32f103xb.o(HEAP)
    __initial_sp                             0x20000c70   Data           0  startup_stm32f103xb.o(STACK)



==============================================================================

Memory Map of the image

  Image Entry point : 0x080000ed

  Load Region LR_IROM1 (Base: 0x08000000, Size: 0x00005948, Max: 0x00010000, ABSOLUTE)

    Execution Region ER_IROM1 (Base: 0x08000000, Size: 0x000058f8, Max: 0x00010000, ABSOLUTE)

    Base Addr    Size         Type   Attr      Idx    E Section Name        Object

    0x08000000   0x000000ec   Data   RO            3    RESET               startup_stm32f103xb.o
    0x080000ec   0x00000000   Code   RO         3257  * .ARM.Collect$$$$00000000  mc_w.l(entry.o)
    0x080000ec   0x00000004   Code   RO         3588    .ARM.Collect$$$$00000001  mc_w.l(entry2.o)
    0x080000f0   0x00000004   Code   RO         3591    .ARM.Collect$$$$00000004  mc_w.l(entry5.o)
    0x080000f4   0x00000000   Code   RO         3593    .ARM.Collect$$$$00000008  mc_w.l(entry7b.o)
    0x080000f4   0x00000000   Code   RO         3595    .ARM.Collect$$$$0000000A  mc_w.l(entry8b.o)
    0x080000f4   0x00000008   Code   RO         3596    .ARM.Collect$$$$0000000B  mc_w.l(entry9a.o)
    0x080000fc   0x00000000   Code   RO         3598    .ARM.Collect$$$$0000000D  mc_w.l(entry10a.o)
    0x080000fc   0x00000000   Code   RO         3600    .ARM.Collect$$$$0000000F  mc_w.l(entry11a.o)
    0x080000fc   0x00000004   Code   RO         3589    .ARM.Collect$$$$00002712  mc_w.l(entry2.o)
    0x08000100   0x00000024   Code   RO            4    .text               startup_stm32f103xb.o
    0x08000124   0x00000020   Code   RO         3260    .text               mc_w.l(llushr.o)
    0x08000144   0x00000024   Code   RO         3262    .text               mc_w.l(memseta.o)
    0x08000168   0x0000000e   Code   RO         3264    .text               mc_w.l(strlen.o)
    0x08000176   0x00000018   Code   RO         3555    .text               mf_w.l(fscalb.o)
    0x0800018e   0x0000014e   Code   RO         3557    .text               mf_w.l(dadd.o)
    0x080002dc   0x000000e4   Code   RO         3559    .text               mf_w.l(dmul.o)
    0x080003c0   0x000000de   Code   RO         3561    .text               mf_w.l(ddiv.o)
    0x0800049e   0x00000012   Code   RO         3563    .text               mf_w.l(fflti.o)
    0x080004b0   0x0000003e   Code   RO         3565    .text               mf_w.l(dfixi.o)
    0x080004ee   0x00000026   Code   RO         3567    .text               mf_w.l(f2d.o)
    0x08000514   0x00000062   Code   RO         3607    .text               mc_w.l(uldiv.o)
    0x08000576   0x0000001e   Code   RO         3609    .text               mc_w.l(llshl.o)
    0x08000594   0x00000024   Code   RO         3611    .text               mc_w.l(llsshr.o)
    0x080005b8   0x00000000   Code   RO         3626    .text               mc_w.l(iusefp.o)
    0x080005b8   0x0000006e   Code   RO         3627    .text               mf_w.l(fepilogue.o)
    0x08000626   0x000000ba   Code   RO         3629    .text               mf_w.l(depilogue.o)
    0x080006e0   0x0000002e   Code   RO         3631    .text               mf_w.l(dscalb.o)
    0x0800070e   0x000000a2   Code   RO         3633    .text               mf_w.l(dsqrt.o)
    0x080007b0   0x00000022   Code   RO         3635    .text               mf_w.l(dflti.o)
    0x080007d2   0x00000002   PAD
    0x080007d4   0x00000030   Code   RO         3641    .text               mf_w.l(cdrcmple.o)
    0x08000804   0x00000024   Code   RO         3643    .text               mc_w.l(init.o)
    0x08000828   0x0000004e   Code   RO          288    i.BACK              main.o
    0x08000876   0x00000002   Code   RO          452    i.BusFault_Handler  stm32f1xx_it.o
    0x08000878   0x00000002   Code   RO          453    i.DebugMon_Handler  stm32f1xx_it.o
    0x0800087a   0x0000004e   Code   RO          289    i.FORWARD           main.o
    0x080008c8   0x00000098   Code   RO         2650    i.HAL_DMA_Abort_IT  stm32f1xx_hal_dma.o
    0x08000960   0x00000024   Code   RO         2287    i.HAL_Delay         stm32f1xx_hal.o
    0x08000984   0x000001ec   Code   RO         2585    i.HAL_GPIO_Init     stm32f1xx_hal_gpio.o
    0x08000b70   0x00000008   Code   RO         2588    i.HAL_GPIO_TogglePin  stm32f1xx_hal_gpio.o
    0x08000b78   0x0000000e   Code   RO         2589    i.HAL_GPIO_WritePin  stm32f1xx_hal_gpio.o
    0x08000b86   0x00000002   PAD
    0x08000b88   0x0000000c   Code   RO         2291    i.HAL_GetTick       stm32f1xx_hal.o
    0x08000b94   0x00000150   Code   RO          653    i.HAL_I2C_Init      stm32f1xx_hal_i2c.o
    0x08000ce4   0x00000170   Code   RO          654    i.HAL_I2C_IsDeviceReady  stm32f1xx_hal_i2c.o
    0x08000e54   0x00000160   Code   RO          664    i.HAL_I2C_Master_Transmit  stm32f1xx_hal_i2c.o
    0x08000fb4   0x000002bc   Code   RO          669    i.HAL_I2C_Mem_Read  stm32f1xx_hal_i2c.o
    0x08001270   0x00000160   Code   RO          672    i.HAL_I2C_Mem_Write  stm32f1xx_hal_i2c.o
    0x080013d0   0x00000044   Code   RO          547    i.HAL_I2C_MspInit   stm32f1xx_hal_msp.o
    0x08001414   0x00000010   Code   RO         2295    i.HAL_IncTick       stm32f1xx_hal.o
    0x08001424   0x00000024   Code   RO         2296    i.HAL_Init          stm32f1xx_hal.o
    0x08001448   0x00000044   Code   RO         2297    i.HAL_InitTick      stm32f1xx_hal.o
    0x0800148c   0x00000090   Code   RO          548    i.HAL_MspInit       stm32f1xx_hal_msp.o
    0x0800151c   0x00000016   Code   RO         2745    i.HAL_NVIC_EnableIRQ  stm32f1xx_hal_cortex.o
    0x08001532   0x00000002   PAD
    0x08001534   0x00000040   Code   RO         2751    i.HAL_NVIC_SetPriority  stm32f1xx_hal_cortex.o
    0x08001574   0x00000024   Code   RO         2752    i.HAL_NVIC_SetPriorityGrouping  stm32f1xx_hal_cortex.o
    0x08001598   0x00000164   Code   RO         2440    i.HAL_RCC_ClockConfig  stm32f1xx_hal_rcc.o
    0x080016fc   0x0000000c   Code   RO         2445    i.HAL_RCC_GetHCLKFreq  stm32f1xx_hal_rcc.o
    0x08001708   0x00000020   Code   RO         2447    i.HAL_RCC_GetPCLK1Freq  stm32f1xx_hal_rcc.o
    0x08001728   0x00000020   Code   RO         2448    i.HAL_RCC_GetPCLK2Freq  stm32f1xx_hal_rcc.o
    0x08001748   0x00000074   Code   RO         2449    i.HAL_RCC_GetSysClockFreq  stm32f1xx_hal_rcc.o
    0x080017bc   0x00000358   Code   RO         2452    i.HAL_RCC_OscConfig  stm32f1xx_hal_rcc.o
    0x08001b14   0x0000001c   Code   RO         2754    i.HAL_SYSTICK_CLKSourceConfig  stm32f1xx_hal_cortex.o
    0x08001b30   0x00000002   Code   RO         2755    i.HAL_SYSTICK_Callback  stm32f1xx_hal_cortex.o
    0x08001b32   0x00000028   Code   RO         2756    i.HAL_SYSTICK_Config  stm32f1xx_hal_cortex.o
    0x08001b5a   0x00000008   Code   RO         2757    i.HAL_SYSTICK_IRQHandler  stm32f1xx_hal_cortex.o
    0x08001b62   0x00000002   Code   RO         1716    i.HAL_TIMEx_BreakCallback  stm32f1xx_hal_tim_ex.o
    0x08001b64   0x00000002   Code   RO         1717    i.HAL_TIMEx_CommutationCallback  stm32f1xx_hal_tim_ex.o
    0x08001b66   0x00000050   Code   RO         1733    i.HAL_TIMEx_MasterConfigSynchronization  stm32f1xx_hal_tim_ex.o
    0x08001bb6   0x00000038   Code   RO         1077    i.HAL_TIM_Base_Init  stm32f1xx_hal_tim.o
    0x08001bee   0x00000002   PAD
    0x08001bf0   0x0000003c   Code   RO          550    i.HAL_TIM_Base_MspInit  stm32f1xx_hal_msp.o
    0x08001c2c   0x0000001a   Code   RO         1080    i.HAL_TIM_Base_Start  stm32f1xx_hal_tim.o
    0x08001c46   0x00000018   Code   RO         1082    i.HAL_TIM_Base_Start_IT  stm32f1xx_hal_tim.o
    0x08001c5e   0x0000002c   Code   RO         1083    i.HAL_TIM_Base_Stop  stm32f1xx_hal_tim.o
    0x08001c8a   0x0000010e   Code   RO         1086    i.HAL_TIM_ConfigClockSource  stm32f1xx_hal_tim.o
    0x08001d98   0x00000002   Code   RO         1106    i.HAL_TIM_IC_CaptureCallback  stm32f1xx_hal_tim.o
    0x08001d9a   0x0000016e   Code   RO         1119    i.HAL_TIM_IRQHandler  stm32f1xx_hal_tim.o
    0x08001f08   0x00000002   Code   RO         1122    i.HAL_TIM_OC_DelayElapsedCallback  stm32f1xx_hal_tim.o
    0x08001f0a   0x00000002   Code   RO         1149    i.HAL_TIM_PWM_PulseFinishedCallback  stm32f1xx_hal_tim.o
    0x08001f0c   0x00000002   Code   RO         1156    i.HAL_TIM_PeriodElapsedCallback  stm32f1xx_hal_tim.o
    0x08001f0e   0x00000002   Code   RO         1160    i.HAL_TIM_TriggerCallback  stm32f1xx_hal_tim.o
    0x08001f10   0x00000002   Code   RO         1970    i.HAL_UART_ErrorCallback  stm32f1xx_hal_uart.o
    0x08001f12   0x00000002   PAD
    0x08001f14   0x00000110   Code   RO         1973    i.HAL_UART_IRQHandler  stm32f1xx_hal_uart.o
    0x08002024   0x00000064   Code   RO         1974    i.HAL_UART_Init     stm32f1xx_hal_uart.o
    0x08002088   0x000000f4   Code   RO          552    i.HAL_UART_MspInit  stm32f1xx_hal_msp.o
    0x0800217c   0x00000056   Code   RO         1979    i.HAL_UART_Receive_IT  stm32f1xx_hal_uart.o
    0x080021d2   0x00000002   PAD
    0x080021d4   0x00000048   Code   RO          290    i.HAL_UART_RxCpltCallback  main.o
    0x0800221c   0x000000cc   Code   RO         1982    i.HAL_UART_Transmit  stm32f1xx_hal_uart.o
    0x080022e8   0x00000002   Code   RO         1985    i.HAL_UART_TxCpltCallback  stm32f1xx_hal_uart.o
    0x080022ea   0x00000002   Code   RO          454    i.HardFault_Handler  stm32f1xx_it.o
    0x080022ec   0x00000028   Code   RO          691    i.I2C_IsAcknowledgeFailed  stm32f1xx_hal_i2c.o
    0x08002314   0x000000b8   Code   RO          695    i.I2C_MasterRequestWrite  stm32f1xx_hal_i2c.o
    0x080023cc   0x00000144   Code   RO          701    i.I2C_RequestMemoryRead  stm32f1xx_hal_i2c.o
    0x08002510   0x000000c8   Code   RO          702    i.I2C_RequestMemoryWrite  stm32f1xx_hal_i2c.o
    0x080025d8   0x0000004c   Code   RO          710    i.I2C_WaitOnBTFFlagUntilTimeout  stm32f1xx_hal_i2c.o
    0x08002624   0x00000074   Code   RO          711    i.I2C_WaitOnFlagUntilTimeout  stm32f1xx_hal_i2c.o
    0x08002698   0x00000094   Code   RO          712    i.I2C_WaitOnMasterAddressFlagUntilTimeout  stm32f1xx_hal_i2c.o
    0x0800272c   0x00000062   Code   RO          713    i.I2C_WaitOnRXNEFlagUntilTimeout  stm32f1xx_hal_i2c.o
    0x0800278e   0x0000004c   Code   RO          715    i.I2C_WaitOnTXEFlagUntilTimeout  stm32f1xx_hal_i2c.o
    0x080027da   0x00000050   Code   RO          292    i.LEFT              main.o
    0x0800282a   0x00000002   PAD
    0x0800282c   0x00000078   Code   RO          293    i.MX_GPIO_Init      main.o
    0x080028a4   0x00000050   Code   RO          294    i.MX_I2C1_Init      main.o
    0x080028f4   0x0000007c   Code   RO          295    i.MX_TIM3_Init      main.o
    0x08002970   0x0000004c   Code   RO          296    i.MX_USART1_UART_Init  main.o
    0x080029bc   0x0000004c   Code   RO          297    i.MX_USART2_UART_Init  main.o
    0x08002a08   0x0000004c   Code   RO          298    i.MX_USART3_UART_Init  main.o
    0x08002a54   0x00000002   Code   RO          455    i.MemManage_Handler  stm32f1xx_it.o
    0x08002a56   0x00000002   Code   RO          456    i.NMI_Handler       stm32f1xx_it.o
    0x08002a58   0x00000020   Code   RO         2758    i.NVIC_SetPriority  stm32f1xx_hal_cortex.o
    0x08002a78   0x00000002   Code   RO          457    i.PendSV_Handler    stm32f1xx_it.o
    0x08002a7a   0x00000002   PAD
    0x08002a7c   0x00000024   Code   RO         2453    i.RCC_Delay         stm32f1xx_hal_rcc.o
    0x08002aa0   0x00000050   Code   RO          299    i.RIGHT             main.o
    0x08002af0   0x00000116   Code   RO          136    i.SSD1306_DrawCircle  ssd1306.o
    0x08002c06   0x0000010c   Code   RO          137    i.SSD1306_DrawFilledCircle  ssd1306.o
    0x08002d12   0x00000110   Code   RO          140    i.SSD1306_DrawLine  ssd1306.o
    0x08002e22   0x00000002   PAD
    0x08002e24   0x00000044   Code   RO          141    i.SSD1306_DrawPixel  ssd1306.o
    0x08002e68   0x00000078   Code   RO          142    i.SSD1306_DrawRectangle  ssd1306.o
    0x08002ee0   0x00000018   Code   RO          144    i.SSD1306_Fill      ssd1306.o
    0x08002ef8   0x0000000c   Code   RO          145    i.SSD1306_GotoXY    ssd1306.o
    0x08002f04   0x00000160   Code   RO          146    i.SSD1306_Init      ssd1306.o
    0x08003064   0x000000a8   Code   RO          149    i.SSD1306_Putc      ssd1306.o
    0x0800310c   0x00000028   Code   RO          150    i.SSD1306_Puts      ssd1306.o
    0x08003134   0x00000044   Code   RO          152    i.SSD1306_UpdateScreen  ssd1306.o
    0x08003178   0x0000004e   Code   RO          300    i.STOP              main.o
    0x080031c6   0x00000002   Code   RO          458    i.SVC_Handler       stm32f1xx_it.o
    0x080031c8   0x0000000e   Code   RO          459    i.SysTick_Handler   stm32f1xx_it.o
    0x080031d6   0x00000002   PAD
    0x080031d8   0x00000088   Code   RO          301    i.SystemClock_Config  main.o
    0x08003260   0x00000048   Code   RO         3195    i.SystemInit        system_stm32f1xx.o
    0x080032a8   0x00000024   Code   RO          460    i.TIM3_IRQHandler   stm32f1xx_it.o
    0x080032cc   0x0000006c   Code   RO         1161    i.TIM_Base_SetConfig  stm32f1xx_hal_tim.o
    0x08003338   0x00000014   Code   RO         1168    i.TIM_ETR_SetConfig  stm32f1xx_hal_tim.o
    0x0800334c   0x00000010   Code   RO         1169    i.TIM_ITRx_SetConfig  stm32f1xx_hal_tim.o
    0x0800335c   0x00000022   Code   RO         1175    i.TIM_TI1_ConfigInputStage  stm32f1xx_hal_tim.o
    0x0800337e   0x00000024   Code   RO         1177    i.TIM_TI2_ConfigInputStage  stm32f1xx_hal_tim.o
    0x080033a2   0x00000010   Code   RO         1987    i.UART_DMAAbortOnError  stm32f1xx_hal_uart.o
    0x080033b2   0x0000001c   Code   RO         1997    i.UART_EndRxTransfer  stm32f1xx_hal_uart.o
    0x080033ce   0x0000001a   Code   RO         1998    i.UART_EndTransmit_IT  stm32f1xx_hal_uart.o
    0x080033e8   0x0000009c   Code   RO         2000    i.UART_Receive_IT   stm32f1xx_hal_uart.o
    0x08003484   0x0000019c   Code   RO         2001    i.UART_SetConfig    stm32f1xx_hal_uart.o
    0x08003620   0x00000066   Code   RO         2002    i.UART_Transmit_IT  stm32f1xx_hal_uart.o
    0x08003686   0x00000064   Code   RO         2003    i.UART_WaitOnFlagUntilTimeout  stm32f1xx_hal_uart.o
    0x080036ea   0x00000002   PAD
    0x080036ec   0x0000000c   Code   RO          461    i.USART1_IRQHandler  stm32f1xx_it.o
    0x080036f8   0x0000000c   Code   RO          462    i.USART2_IRQHandler  stm32f1xx_it.o
    0x08003704   0x00000002   Code   RO          463    i.UsageFault_Handler  stm32f1xx_it.o
    0x08003706   0x00000002   Code   RO          302    i._Error_Handler    main.o
    0x08003708   0x00000028   Code   RO         3401    i.__0sprintf$5      mc_w.l(printf5.o)
    0x08003730   0x00000028   Code   RO         3583    i.__ARM_fpclassify  m_ws.l(fpclassify.o)
    0x08003758   0x000000aa   Code   RO         3585    i.__kernel_poly     m_ws.l(poly.o)
    0x08003802   0x00000002   PAD
    0x08003804   0x00000010   Code   RO         3569    i.__mathlib_dbl_divzero  m_ws.l(dunder.o)
    0x08003814   0x00000006   Code   RO         3570    i.__mathlib_dbl_infnan  m_ws.l(dunder.o)
    0x0800381a   0x00000004   Code   RO         3571    i.__mathlib_dbl_infnan2  m_ws.l(dunder.o)
    0x0800381e   0x0000000c   Code   RO         3572    i.__mathlib_dbl_invalid  m_ws.l(dunder.o)
    0x0800382a   0x0000000e   Code   RO         3573    i.__mathlib_dbl_overflow  m_ws.l(dunder.o)
    0x08003838   0x00000010   Code   RO         3575    i.__mathlib_dbl_underflow  m_ws.l(dunder.o)
    0x08003848   0x0000000e   Code   RO         3649    i.__scatterload_copy  mc_w.l(handlers.o)
    0x08003856   0x00000002   Code   RO         3650    i.__scatterload_null  mc_w.l(handlers.o)
    0x08003858   0x0000000e   Code   RO         3651    i.__scatterload_zeroinit  mc_w.l(handlers.o)
    0x08003866   0x00000002   PAD
    0x08003868   0x0000000c   Code   RO         3621    i.__set_errno       mc_w.l(errno.o)
    0x08003874   0x000002c0   Code   RO         3406    i._printf_core      mc_w.l(printf5.o)
    0x08003b34   0x0000000a   Code   RO         3408    i._sputc            mc_w.l(printf5.o)
    0x08003b3e   0x00000002   PAD
    0x08003b40   0x00000220   Code   RO         3230    i.atan              m_ws.l(atan.o)
    0x08003d60   0x00000120   Code   RO          303    i.convert_accel_data_in_angle  main.o
    0x08003e80   0x00000094   Code   RO          304    i.data_from_ADXL345  main.o
    0x08003f14   0x00000124   Code   RO          305    i.drow_data_on_OLED  main.o
    0x08004038   0x00000050   Code   RO         3527    i.free              mc_w.l(malloc.o)
    0x08004088   0x000001b0   Code   RO          306    i.init_ADXL345      main.o
    0x08004238   0x0000010c   Code   RO          307    i.init_oled         main.o
    0x08004344   0x00000124   Code   RO          308    i.main              main.o
    0x08004468   0x0000006c   Code   RO         3528    i.malloc            mc_w.l(malloc.o)
    0x080044d4   0x000009d8   Code   RO         3240    i.pow               m_ws.l(pow.o)
    0x08004eac   0x0000004c   Code   RO         3250    i.sqrt              m_ws.l(sqrt.o)
    0x08004ef8   0x00000010   Code   RO          153    i.ssd1306_I2C_Init  ssd1306.o
    0x08004f08   0x00000020   Code   RO          154    i.ssd1306_I2C_Write  ssd1306.o
    0x08004f28   0x0000004c   Code   RO          155    i.ssd1306_I2C_WriteMulti  ssd1306.o
    0x08004f74   0x00000054   Code   RO          309    i.transmit_data_in_BLUETOOTH  main.o
    0x08004fc8   0x00000054   Code   RO          310    i.transmit_data_in_comport  main.o
    0x0800501c   0x0000076c   Data   RO           14    .constdata          fonts.o
    0x08005788   0x0000000a   Data   RO          312    .constdata          main.o
    0x08005792   0x00000010   Data   RO         3196    .constdata          system_stm32f1xx.o
    0x080057a2   0x00000008   Data   RO         3197    .constdata          system_stm32f1xx.o
    0x080057aa   0x00000006   PAD
    0x080057b0   0x00000098   Data   RO         3231    .constdata          m_ws.l(atan.o)
    0x08005848   0x00000088   Data   RO         3241    .constdata          m_ws.l(pow.o)
    0x080058d0   0x00000008   Data   RO         3587    .constdata          m_ws.l(qnan.o)
    0x080058d8   0x00000020   Data   RO         3647    Region$$Table       anon$$obj.o


    Execution Region RW_IRAM1 (Base: 0x20000000, Size: 0x00000c70, Max: 0x00005000, ABSOLUTE)

    Base Addr    Size         Type   Attr      Idx    E Section Name        Object

    0x20000000   0x00000008   Data   RW           17    .data               fonts.o
    0x20000008   0x00000006   Data   RW          157    .data               ssd1306.o
    0x2000000e   0x00000002   PAD
    0x20000010   0x00000024   Data   RW          313    .data               main.o
    0x20000034   0x0000000c   Data   RW         2303    .data               stm32f1xx_hal.o
    0x20000040   0x00000004   Data   RW         3198    .data               system_stm32f1xx.o
    0x20000044   0x00000004   Data   RW         3617    .data               mc_w.l(mvars.o)
    0x20000048   0x00000004   Data   RW         3618    .data               mc_w.l(mvars.o)
    0x2000004c   0x00000004   Data   RW         3622    .data               mc_w.l(errno.o)
    0x20000050   0x00000400   Zero   RW          156    .bss                ssd1306.o
    0x20000450   0x0000021c   Zero   RW          311    .bss                main.o
    0x2000066c   0x00000004   PAD
    0x20000670   0x00000200   Zero   RW            2    HEAP                startup_stm32f103xb.o
    0x20000870   0x00000400   Zero   RW            1    STACK               startup_stm32f103xb.o


==============================================================================

Image component sizes


      Code (inc. data)   RO Data    RW Data    ZI Data      Debug   Object Name

         0          0       1900          8          0     440063   fonts.o
      3044        518         10         36        540      13364   main.o
      1794         52          0          6       1024      11409   ssd1306.o
        36          8        236          0       1536        780   startup_stm32f103xb.o
       168         28          0         12          0       3685   stm32f1xx_hal.o
       232         14          0          0          0      27277   stm32f1xx_hal_cortex.o
       152          4          0          0          0       1027   stm32f1xx_hal_dma.o
       514         32          0          0          0       3293   stm32f1xx_hal_gpio.o
      3370         78          0          0          0      15916   stm32f1xx_hal_i2c.o
       516         60          0          0          0       2882   stm32f1xx_hal_msp.o
      1440        100          0          0          0       6400   stm32f1xx_hal_rcc.o
      1010         14          0          0          0      10616   stm32f1xx_hal_tim.o
        84          0          0          0          0       2206   stm32f1xx_hal_tim_ex.o
      1506          8          0          0          0       9531   stm32f1xx_hal_uart.o
        90         22          0          0          0       4872   stm32f1xx_it.o
        72         16         24          4          0       1091   system_stm32f1xx.o

    ----------------------------------------------------------------------
     14048        954       2208         68       3104     554412   Object Totals
         0          0         32          0          0          0   (incl. Generated)
        20          0          6          2          4          0   (incl. Padding)

    ----------------------------------------------------------------------

      Code (inc. data)   RO Data    RW Data    ZI Data      Debug   Library Member Name

       544         70        152          0          0        124   atan.o
        68         10          0          0          0        408   dunder.o
        40          0          0          0          0         68   fpclassify.o
       170          0          0          0          0         96   poly.o
      2520        190        136          0          0        324   pow.o
         0          0          8          0          0          0   qnan.o
        76          0          0          0          0         84   sqrt.o
         0          0          0          0          0          0   entry.o
         0          0          0          0          0          0   entry10a.o
         0          0          0          0          0          0   entry11a.o
         8          4          0          0          0          0   entry2.o
         4          0          0          0          0          0   entry5.o
         0          0          0          0          0          0   entry7b.o
         0          0          0          0          0          0   entry8b.o
         8          4          0          0          0          0   entry9a.o
        12          6          0          4          0         68   errno.o
        30          0          0          0          0          0   handlers.o
        36          8          0          0          0         68   init.o
         0          0          0          0          0          0   iusefp.o
        30          0          0          0          0         68   llshl.o
        36          0          0          0          0         68   llsshr.o
        32          0          0          0          0         68   llushr.o
       188         20          0          0          0        160   malloc.o
        36          0          0          0          0        108   memseta.o
         0          0          0          8          0          0   mvars.o
       754         52          0          0          0        252   printf5.o
        14          0          0          0          0         68   strlen.o
        98          0          0          0          0         92   uldiv.o
        48          0          0          0          0         68   cdrcmple.o
       334          0          0          0          0        148   dadd.o
       222          0          0          0          0        100   ddiv.o
       186          0          0          0          0        176   depilogue.o
        62          0          0          0          0         80   dfixi.o
        34          0          0          0          0         76   dflti.o
       228          0          0          0          0         96   dmul.o
        46          0          0          0          0         80   dscalb.o
       162          0          0          0          0        100   dsqrt.o
        38          0          0          0          0         68   f2d.o
       110          0          0          0          0        168   fepilogue.o
        18          0          0          0          0         68   fflti.o
        24          0          0          0          0         68   fscalb.o

    ----------------------------------------------------------------------
      6224        364        296         12          0       3420   Library Totals
         8          0          0          0          0          0   (incl. Padding)

    ----------------------------------------------------------------------

      Code (inc. data)   RO Data    RW Data    ZI Data      Debug   Library Name

      3418        270        296          0          0       1104   m_ws.l
      1286         94          0         12          0       1020   mc_w.l
      1512          0          0          0          0       1296   mf_w.l

    ----------------------------------------------------------------------
      6224        364        296         12          0       3420   Library Totals

    ----------------------------------------------------------------------

==============================================================================


      Code (inc. data)   RO Data    RW Data    ZI Data      Debug   

     20272       1318       2504         80       3104     550028   Grand Totals
     20272       1318       2504         80       3104     550028   ELF Image Totals
     20272       1318       2504         80          0          0   ROM Totals

==============================================================================

    Total RO  Size (Code + RO Data)                22776 (  22.24kB)
    Total RW  Size (RW Data + ZI Data)              3184 (   3.11kB)
    Total ROM Size (Code + RO Data + RW Data)      22856 (  22.32kB)

==============================================================================

