<html>
<body>
<pre>
<h1>µVision Build Log</h1>
<h2>Tool Versions:</h2>
IDE-Version: µVision V5.24.2.0
Copyright (C) 2017 ARM Ltd and ARM Germany GmbH. All rights reserved.
License Information: Oleg Demkiv, home, LIC=----
 
Tool Versions:
Toolchain:       MDK-Lite  Version: 5.24.1
Toolchain Path:  C:\Keil_v5\ARM\ARMCC\Bin
C Compiler:      Armcc.exe V5.06 update 5 (build 528)
Assembler:       Armasm.exe V5.06 update 5 (build 528)
Linker/Locator:  ArmLink.exe V5.06 update 5 (build 528)
Library Manager: ArmAr.exe V5.06 update 5 (build 528)
Hex Converter:   FromElf.exe V5.06 update 5 (build 528)
CPU DLL:         SARMCM3.DLL V5.24.1
Dialog DLL:      DCM.DLL V1.16.0.0
Target DLL:      STLink\ST-LINKIII-KEIL_SWO.dll V3.0.1.0
Dialog DLL:      TCM.DLL V1.32.0.0
 
<h2>Project:</h2>
D:\My  Project\IN PROCESS\Hand_Robot\Hand_Control\MDK-ARM\ssd1306.uvprojx
Project File Date:  08/07/2018

<h2>Output:</h2>
*** Using Compiler 'V5.06 update 5 (build 528)', folder: 'C:\Keil_v5\ARM\ARMCC\Bin'
Rebuild target 'ssd1306'
compiling stm32f1xx_it.c...
compiling stm32f1xx_hal_msp.c...
compiling main.c...
../Inc/ssd1306.h(238): warning:  #1295-D: Deprecated declaration ssd1306_I2C_Init - give arg types
  void ssd1306_I2C_Init();
../Src/main.c(170): warning:  #188-D: enumerated type mixed with another type
  					 SSD1306_Puts(buf1, &Font_7x10, 1);
../Src/main.c(173): warning:  #188-D: enumerated type mixed with another type
  					 SSD1306_Puts(buf1, &Font_7x10, 1);
../Src/main.c(176): warning:  #188-D: enumerated type mixed with another type
  					 SSD1306_Puts(buf1, &Font_7x10, 1);
../Src/main.c(141): warning:  #177-D: variable "receive_data"  was declared but never referenced
  			 uint8_t receive_data=0;
../Src/main.c(133): warning:  #177-D: variable "lst"  was declared but never referenced
  	uint32_t lst = 0, cu;
../Src/main.c(133): warning:  #177-D: variable "cu"  was declared but never referenced
  	uint32_t lst = 0, cu;
../Src/main.c(398): warning:  #177-D: variable "str1"  was declared but never referenced
  			char str1[40]={0};
../Src/main.c(402): warning:  #177-D: variable "timeout_1"  was declared but never referenced
  			uint32_t timeout_1=1000;
../Src/main.c(446): warning:  #188-D: enumerated type mixed with another type
  			 SSD1306_Fill(0);			//Erice  OLED
../Src/main.c(452): warning:  #188-D: enumerated type mixed with another type
  						SSD1306_DrawLine(0, y2, x2, y2, 1);
../Src/main.c(456): warning:  #188-D: enumerated type mixed with another type
  								SSD1306_DrawLine(0, y2, x2, y2, 0);
../Src/main.c(465): warning:  #188-D: enumerated type mixed with another type
  			 SSD1306_Puts("ACCELERATION g/sec", &Font_7x10, 1);
../Src/main.c(468): warning:  #188-D: enumerated type mixed with another type
  			 SSD1306_DrawLine(x1, y1, x2, y2, 1);
../Src/main.c(469): warning:  #188-D: enumerated type mixed with another type
  			 SSD1306_DrawRectangle(0, 16, 60, 34, 1);    	// Draw rectangle
../Src/main.c(471): warning:  #188-D: enumerated type mixed with another type
  			 SSD1306_DrawCircle(x1,y1, r, 1);
../Src/main.c(473): warning:  #188-D: enumerated type mixed with another type
  			 SSD1306_DrawCircle(x1,y1, r, 1);
../Src/main.c(475): warning:  #188-D: enumerated type mixed with another type
  			 SSD1306_DrawCircle(x1,y1, r, 1);
../Src/main.c(477): warning:  #188-D: enumerated type mixed with another type
  			 SSD1306_DrawCircle(x1,y1, r, 1);
../Src/main.c(479): warning:  #188-D: enumerated type mixed with another type
  			 SSD1306_DrawCircle(x1,y1, r, 1);
../Src/main.c(491): warning:  #188-D: enumerated type mixed with another type
  				SSD1306_DrawFilledCircle(x1,y1, r, 1);
../Src/main.c(494): warning:  #188-D: enumerated type mixed with another type
  				SSD1306_DrawFilledCircle(x1,y1, r, 0);
../Src/main.c(496): warning:  #188-D: enumerated type mixed with another type
  				SSD1306_DrawFilledCircle(x1,y1, r, 0);
../Src/main.c(498): warning:  #188-D: enumerated type mixed with another type
  				SSD1306_DrawFilledCircle(x1,y1, r, 0);
../Src/main.c(500): warning:  #188-D: enumerated type mixed with another type
  				SSD1306_DrawFilledCircle(x1,y1, r, 0);
../Src/main.c(511): warning:  #188-D: enumerated type mixed with another type
  				SSD1306_DrawFilledCircle(x1,y1, r, 1);
../Src/main.c(514): warning:  #188-D: enumerated type mixed with another type
  				SSD1306_DrawFilledCircle(x1,y1, r, 0);
../Src/main.c(516): warning:  #188-D: enumerated type mixed with another type
  				SSD1306_DrawFilledCircle(x1,y1, r, 0);
../Src/main.c(518): warning:  #188-D: enumerated type mixed with another type
  				SSD1306_DrawFilledCircle(x1,y1, r, 0);
../Src/main.c(520): warning:  #188-D: enumerated type mixed with another type
  				SSD1306_DrawFilledCircle(x1,y1, r, 0);
../Src/main.c(531): warning:  #188-D: enumerated type mixed with another type
  				SSD1306_DrawFilledCircle(x1,y1, r, 1);
../Src/main.c(534): warning:  #188-D: enumerated type mixed with another type
  				SSD1306_DrawFilledCircle(x1,y1, r, 0);
../Src/main.c(536): warning:  #188-D: enumerated type mixed with another type
  				SSD1306_DrawFilledCircle(x1,y1, r, 0);
../Src/main.c(538): warning:  #188-D: enumerated type mixed with another type
  				SSD1306_DrawFilledCircle(x1,y1, r, 0);
../Src/main.c(540): warning:  #188-D: enumerated type mixed with another type
  				SSD1306_DrawFilledCircle(x1,y1, r, 0);
../Src/main.c(551): warning:  #188-D: enumerated type mixed with another type
  				SSD1306_DrawFilledCircle(x1,y1, r, 1);
../Src/main.c(554): warning:  #188-D: enumerated type mixed with another type
  				SSD1306_DrawFilledCircle(x1,y1, r, 0);
../Src/main.c(556): warning:  #188-D: enumerated type mixed with another type
  				SSD1306_DrawFilledCircle(x1,y1, r, 0);
../Src/main.c(558): warning:  #188-D: enumerated type mixed with another type
  				SSD1306_DrawFilledCircle(x1,y1, r, 0);
../Src/main.c(560): warning:  #188-D: enumerated type mixed with another type
  				SSD1306_DrawFilledCircle(x1,y1, r, 0);
../Src/main.c(571): warning:  #188-D: enumerated type mixed with another type
  				SSD1306_DrawFilledCircle(x1,y1, r, 1);
../Src/main.c(574): warning:  #188-D: enumerated type mixed with another type
  				SSD1306_DrawFilledCircle(x1,y1, r, 0);
../Src/main.c(576): warning:  #188-D: enumerated type mixed with another type
  				SSD1306_DrawFilledCircle(x1,y1, r, 0);
../Src/main.c(578): warning:  #188-D: enumerated type mixed with another type
  				SSD1306_DrawFilledCircle(x1,y1, r, 0);
../Src/main.c(580): warning:  #188-D: enumerated type mixed with another type
  				SSD1306_DrawFilledCircle(x1,y1, r, 0);
../Src/main.c: 45 warnings, 0 errors
compiling gpio.c...
compiling usart.c...
compiling i2c.c...
assembling startup_stm32f103xb.s...
compiling printf.c...
compiling tim.c...
compiling stm32f1xx_hal_cortex.c...
compiling stm32f1xx_hal_flash_ex.c...
compiling stm32f1xx_hal_uart.c...
compiling stm32f1xx_hal.c...
compiling stm32f1xx_hal_tim_ex.c...
compiling stm32f1xx_hal_rcc.c...
compiling stm32f1xx_hal_gpio.c...
compiling stm32f1xx_hal_pwr.c...
compiling stm32f1xx_hal_dma.c...
compiling stm32f1xx_hal_i2c.c...
compiling stm32f1xx_hal_rcc_ex.c...
compiling stm32f1xx_hal_flash.c...
compiling stm32f1xx_hal_tim.c...
compiling fonts.c...
compiling system_stm32f1xx.c...
compiling stm32f1xx_hal_gpio_ex.c...
compiling ssd1306.c...
../Inc/ssd1306.h(238): warning:  #1295-D: Deprecated declaration ssd1306_I2C_Init - give arg types
  void ssd1306_I2C_Init();
..\Src\ssd1306.c: 1 warning, 0 errors
linking...
Program Size: Code=19940 RO-data=10564 RW-data=72 ZI-data=2904  
"ssd1306\ssd1306.axf" - 0 Error(s), 46 Warning(s).

<h2>Software Packages used:</h2>

Package Vendor: ARM
                http://www.keil.com/pack/ARM.CMSIS.5.2.0.pack
                ARM.CMSIS.5.2.0
                CMSIS (Cortex Microcontroller Software Interface Standard)
   * Component: CORE Version: 5.0.2

Package Vendor: Keil
                http://www.keil.com/pack/Keil.STM32F1xx_DFP.2.2.0.pack
                Keil.STM32F1xx_DFP.2.2.0
                STMicroelectronics STM32F1 Series Device Support, Drivers and Examples

<h2>Collection of Component include folders:</h2>
  .\RTE\_ssd1306
  C:\Keil_v5\ARM\PACK\ARM\CMSIS\5.2.0\CMSIS\Include
  C:\Keil_v5\ARM\PACK\Keil\STM32F1xx_DFP\2.2.0\Device\Include

<h2>Collection of Component Files used:</h2>

   * Component: ARM::CMSIS:CORE:5.0.2
Build Time Elapsed:  00:00:20
</pre>
</body>
</html>
