<html>
<body>
<pre>
<h1>µVision Build Log</h1>
<h2>Tool Versions:</h2>
IDE-Version: µVision V5.23.0.0
Copyright (C) 2017 ARM Ltd and ARM Germany GmbH. All rights reserved.
License Information: Oleg Demkiv, Hone, LIC=----
 
Tool Versions:
Toolchain:       MDK-Lite  Version: 5.23
Toolchain Path:  C:\Keil_v5\ARM\ARMCC\Bin
C Compiler:      Armcc.exe V5.06 update 4 (build 422)
Assembler:       Armasm.exe V5.06 update 4 (build 422)
Linker/Locator:  ArmLink.exe V5.06 update 4 (build 422)
Library Manager: ArmAr.exe V5.06 update 4 (build 422)
Hex Converter:   FromElf.exe V5.06 update 4 (build 422)
CPU DLL:         SARMCM3.DLL V5.23
Dialog DLL:      DCM.DLL V1.15.0.0
Target DLL:      STLink\ST-LINKIII-KEIL_SWO.dll V2.0.18.0
Dialog DLL:      TCM.DLL V1.27.0.0
 
<h2>Project:</h2>
D:\STM32F407\Hand_Robot\Hand_Control\MDK-ARM\ssd1306.uvprojx
Project File Date:  08/05/2018

<h2>Output:</h2>
*** Using Compiler 'V5.06 update 4 (build 422)', folder: 'C:\Keil_v5\ARM\ARMCC\Bin'
Rebuild target 'ssd1306'
compiling stm32f1xx_hal_msp.c...
compiling main.c...
../Inc/ssd1306.h(238): warning:  #1295-D: Deprecated declaration ssd1306_I2C_Init - give arg types
  void ssd1306_I2C_Init();
../Src/main.c(167): warning:  #188-D: enumerated type mixed with another type
                                         SSD1306_Puts(buf1, &Font_7x10, 1);
../Src/main.c(170): warning:  #188-D: enumerated type mixed with another type
                                         SSD1306_Puts(buf1, &Font_7x10, 1);
../Src/main.c(173): warning:  #188-D: enumerated type mixed with another type
                                         SSD1306_Puts(buf1, &Font_7x10, 1);
../Src/main.c(141): warning:  #177-D: variable "receive_data"  was declared but never referenced
                         uint8_t receive_data=0;
../Src/main.c(134): warning:  #177-D: variable "lst"  was declared but never referenced
        uint32_t lst = 0, cu;
../Src/main.c(134): warning:  #177-D: variable "cu"  was declared but never referenced
        uint32_t lst = 0, cu;
../Src/main.c(392): warning:  #177-D: variable "str1"  was declared but never referenced
                        char str1[40]={0};
../Src/main.c(430): warning:  #188-D: enumerated type mixed with another type
                         SSD1306_Fill(0);                       //Erice  OLED
../Src/main.c(436): warning:  #188-D: enumerated type mixed with another type
                                                SSD1306_DrawLine(0, y2, x2, y2, 1);
../Src/main.c(440): warning:  #188-D: enumerated type mixed with another type
                                                                SSD1306_DrawLine(0, y2, x2, y2, 0);
../Src/main.c(449): warning:  #188-D: enumerated type mixed with another type
                         SSD1306_Puts("ACCELERATION g/sec", &Font_7x10, 1);
../Src/main.c(452): warning:  #188-D: enumerated type mixed with another type
                         SSD1306_DrawLine(x1, y1, x2, y2, 1);
../Src/main.c(453): warning:  #188-D: enumerated type mixed with another type
                         SSD1306_DrawRectangle(0, 16, 60, 34, 1);       // Draw rectangle
../Src/main.c(455): warning:  #188-D: enumerated type mixed with another type
                         SSD1306_DrawCircle(x1,y1, r, 1);
../Src/main.c(457): warning:  #188-D: enumerated type mixed with another type
                         SSD1306_DrawCircle(x1,y1, r, 1);
../Src/main.c(459): warning:  #188-D: enumerated type mixed with another type
                         SSD1306_DrawCircle(x1,y1, r, 1);
../Src/main.c(461): warning:  #188-D: enumerated type mixed with another type
                         SSD1306_DrawCircle(x1,y1, r, 1);
../Src/main.c(463): warning:  #188-D: enumerated type mixed with another type
                         SSD1306_DrawCircle(x1,y1, r, 1);
../Src/main.c(474): warning:  #188-D: enumerated type mixed with another type
                                SSD1306_DrawFilledCircle(x1,y1, r, 1);
../Src/main.c(477): warning:  #188-D: enumerated type mixed with another type
                                SSD1306_DrawFilledCircle(x1,y1, r, 0);
../Src/main.c(479): warning:  #188-D: enumerated type mixed with another type
                                SSD1306_DrawFilledCircle(x1,y1, r, 0);
../Src/main.c(481): warning:  #188-D: enumerated type mixed with another type
                                SSD1306_DrawFilledCircle(x1,y1, r, 0);
../Src/main.c(483): warning:  #188-D: enumerated type mixed with another type
                                SSD1306_DrawFilledCircle(x1,y1, r, 0);
../Src/main.c(493): warning:  #188-D: enumerated type mixed with another type
                                SSD1306_DrawFilledCircle(x1,y1, r, 1);
../Src/main.c(496): warning:  #188-D: enumerated type mixed with another type
                                SSD1306_DrawFilledCircle(x1,y1, r, 0);
../Src/main.c(498): warning:  #188-D: enumerated type mixed with another type
                                SSD1306_DrawFilledCircle(x1,y1, r, 0);
../Src/main.c(500): warning:  #188-D: enumerated type mixed with another type
                                SSD1306_DrawFilledCircle(x1,y1, r, 0);
../Src/main.c(502): warning:  #188-D: enumerated type mixed with another type
                                SSD1306_DrawFilledCircle(x1,y1, r, 0);
../Src/main.c(512): warning:  #188-D: enumerated type mixed with another type
                                SSD1306_DrawFilledCircle(x1,y1, r, 1);
../Src/main.c(515): warning:  #188-D: enumerated type mixed with another type
                                SSD1306_DrawFilledCircle(x1,y1, r, 0);
../Src/main.c(517): warning:  #188-D: enumerated type mixed with another type
                                SSD1306_DrawFilledCircle(x1,y1, r, 0);
../Src/main.c(519): warning:  #188-D: enumerated type mixed with another type
                                SSD1306_DrawFilledCircle(x1,y1, r, 0);
../Src/main.c(521): warning:  #188-D: enumerated type mixed with another type
                                SSD1306_DrawFilledCircle(x1,y1, r, 0);
../Src/main.c(531): warning:  #188-D: enumerated type mixed with another type
                                SSD1306_DrawFilledCircle(x1,y1, r, 1);
../Src/main.c(534): warning:  #188-D: enumerated type mixed with another type
                                SSD1306_DrawFilledCircle(x1,y1, r, 0);
../Src/main.c(536): warning:  #188-D: enumerated type mixed with another type
                                SSD1306_DrawFilledCircle(x1,y1, r, 0);
../Src/main.c(538): warning:  #188-D: enumerated type mixed with another type
                                SSD1306_DrawFilledCircle(x1,y1, r, 0);
../Src/main.c(540): warning:  #188-D: enumerated type mixed with another type
                                SSD1306_DrawFilledCircle(x1,y1, r, 0);
../Src/main.c(550): warning:  #188-D: enumerated type mixed with another type
                                SSD1306_DrawFilledCircle(x1,y1, r, 1);
../Src/main.c(553): warning:  #188-D: enumerated type mixed with another type
                                SSD1306_DrawFilledCircle(x1,y1, r, 0);
../Src/main.c(555): warning:  #188-D: enumerated type mixed with another type
                                SSD1306_DrawFilledCircle(x1,y1, r, 0);
../Src/main.c(557): warning:  #188-D: enumerated type mixed with another type
                                SSD1306_DrawFilledCircle(x1,y1, r, 0);
../Src/main.c(559): warning:  #188-D: enumerated type mixed with another type
                                SSD1306_DrawFilledCircle(x1,y1, r, 0);
../Src/main.c: 44 warnings, 0 errors
compiling stm32f1xx_it.c...
compiling gpio.c...
compiling usart.c...
compiling i2c.c...
compiling printf.c...
compiling tim.c...
assembling startup_stm32f103xb.s...
compiling stm32f1xx_hal_cortex.c...
compiling stm32f1xx_hal_flash_ex.c...
compiling stm32f1xx_hal_uart.c...
compiling stm32f1xx_hal.c...
compiling stm32f1xx_hal_tim_ex.c...
compiling stm32f1xx_hal_rcc.c...
compiling stm32f1xx_hal_gpio.c...
compiling stm32f1xx_hal_i2c.c...
compiling stm32f1xx_hal_dma.c...
compiling stm32f1xx_hal_pwr.c...
compiling stm32f1xx_hal_rcc_ex.c...
compiling stm32f1xx_hal_tim.c...
compiling stm32f1xx_hal_flash.c...
compiling stm32f1xx_hal_gpio_ex.c...
compiling system_stm32f1xx.c...
compiling fonts.c...
compiling ssd1306.c...
../Inc/ssd1306.h(238): warning:  #1295-D: Deprecated declaration ssd1306_I2C_Init - give arg types
  void ssd1306_I2C_Init();
..\Src\ssd1306.c: 1 warning, 0 errors
linking...
Program Size: Code=19920 RO-data=10564 RW-data=72 ZI-data=2904  
"ssd1306\ssd1306.axf" - 0 Error(s), 45 Warning(s).

<h2>Software Packages used:</h2>

Package Vendor: ARM
                http://www.keil.com/pack/ARM.CMSIS.5.3.0.pack
                ARM::CMSIS:CORE:5.1.1
                CMSIS (Cortex Microcontroller Software Interface Standard)
   * Component: CORE Version: 5.1.1

<h2>Collection of Component include folders:</h2>
  .\RTE\_ssd1306
  C:\Keil_v5\ARM\PACK\ARM\CMSIS\5.3.0\CMSIS\Include
  C:\Keil_v5\ARM\PACK\Keil\STM32F1xx_DFP\2.2.0\Device\Include

<h2>Collection of Component Files used:</h2>

   * Component: ARM::CMSIS:CORE:5.1.1
Build Time Elapsed:  00:01:18
</pre>
</body>
</html>
