Component: ARM Compiler 5.06 update 5 (build 528) Tool: armlink [4d35e2]

==============================================================================

Section Cross References

    stm32f1xx_hal_msp.o(i.HAL_MspInit) refers to stm32f1xx_hal_cortex.o(i.HAL_NVIC_SetPriorityGrouping) for HAL_NVIC_SetPriorityGrouping
    stm32f1xx_hal_msp.o(i.HAL_MspInit) refers to stm32f1xx_hal_cortex.o(i.HAL_NVIC_SetPriority) for HAL_NVIC_SetPriority
    main.o(i.BACK) refers to ssd1306.o(i.SSD1306_DrawFilledCircle) for SSD1306_DrawFilledCircle
    main.o(i.BACK) refers to ssd1306.o(i.SSD1306_UpdateScreen) for SSD1306_UpdateScreen
    main.o(i.FORWARD) refers to ssd1306.o(i.SSD1306_DrawFilledCircle) for SSD1306_DrawFilledCircle
    main.o(i.FORWARD) refers to ssd1306.o(i.SSD1306_UpdateScreen) for SSD1306_UpdateScreen
    main.o(i.I2C_scaner) refers to memseta.o(.text) for __aeabi_memclr4
    main.o(i.I2C_scaner) refers to printfa.o(i.__0sprintf) for __2sprintf
    main.o(i.I2C_scaner) refers to stm32f1xx_hal_uart.o(i.HAL_UART_Transmit) for HAL_UART_Transmit
    main.o(i.I2C_scaner) refers to stm32f1xx_hal.o(i.HAL_Delay) for HAL_Delay
    main.o(i.I2C_scaner) refers to stm32f1xx_hal_i2c.o(i.HAL_I2C_Mem_Read) for HAL_I2C_Mem_Read
    main.o(i.I2C_scaner) refers to usart.o(.bss) for huart2
    main.o(i.I2C_scaner) refers to i2c.o(.bss) for hi2c1
    main.o(i.LEFT) refers to ssd1306.o(i.SSD1306_DrawFilledCircle) for SSD1306_DrawFilledCircle
    main.o(i.LEFT) refers to ssd1306.o(i.SSD1306_UpdateScreen) for SSD1306_UpdateScreen
    main.o(i.RIGHT) refers to ssd1306.o(i.SSD1306_DrawFilledCircle) for SSD1306_DrawFilledCircle
    main.o(i.RIGHT) refers to ssd1306.o(i.SSD1306_UpdateScreen) for SSD1306_UpdateScreen
    main.o(i.STOP) refers to ssd1306.o(i.SSD1306_DrawFilledCircle) for SSD1306_DrawFilledCircle
    main.o(i.STOP) refers to ssd1306.o(i.SSD1306_UpdateScreen) for SSD1306_UpdateScreen
    main.o(i.SystemClock_Config) refers to stm32f1xx_hal_rcc.o(i.HAL_RCC_OscConfig) for HAL_RCC_OscConfig
    main.o(i.SystemClock_Config) refers to main.o(i._Error_Handler) for _Error_Handler
    main.o(i.SystemClock_Config) refers to stm32f1xx_hal_rcc.o(i.HAL_RCC_ClockConfig) for HAL_RCC_ClockConfig
    main.o(i.SystemClock_Config) refers to stm32f1xx_hal_rcc.o(i.HAL_RCC_GetHCLKFreq) for HAL_RCC_GetHCLKFreq
    main.o(i.SystemClock_Config) refers to stm32f1xx_hal_cortex.o(i.HAL_SYSTICK_Config) for HAL_SYSTICK_Config
    main.o(i.SystemClock_Config) refers to stm32f1xx_hal_cortex.o(i.HAL_SYSTICK_CLKSourceConfig) for HAL_SYSTICK_CLKSourceConfig
    main.o(i.SystemClock_Config) refers to stm32f1xx_hal_cortex.o(i.HAL_NVIC_SetPriority) for HAL_NVIC_SetPriority
    main.o(i.data_from_ADXL345) refers to memseta.o(.text) for __aeabi_memclr4
    main.o(i.data_from_ADXL345) refers to stm32f1xx_hal_i2c.o(i.HAL_I2C_Mem_Read) for HAL_I2C_Mem_Read
    main.o(i.data_from_ADXL345) refers to fflti.o(.text) for __aeabi_i2f
    main.o(i.data_from_ADXL345) refers to f2d.o(.text) for __aeabi_f2d
    main.o(i.data_from_ADXL345) refers to ddiv.o(.text) for __aeabi_ddiv
    main.o(i.data_from_ADXL345) refers to d2f.o(.text) for __aeabi_d2f
    main.o(i.data_from_ADXL345) refers to printfa.o(i.__0sprintf) for __2sprintf
    main.o(i.data_from_ADXL345) refers to stm32f1xx_hal_uart.o(i.HAL_UART_Transmit) for HAL_UART_Transmit
    main.o(i.data_from_ADXL345) refers to main.o(.data) for Device_addres
    main.o(i.data_from_ADXL345) refers to i2c.o(.bss) for hi2c1
    main.o(i.data_from_ADXL345) refers to usart.o(.bss) for huart2
    main.o(i.init_ADXL345) refers to memseta.o(.text) for __aeabi_memclr4
    main.o(i.init_ADXL345) refers to stm32f1xx_hal_i2c.o(i.HAL_I2C_Mem_Read) for HAL_I2C_Mem_Read
    main.o(i.init_ADXL345) refers to printfa.o(i.__0sprintf) for __2sprintf
    main.o(i.init_ADXL345) refers to stm32f1xx_hal_uart.o(i.HAL_UART_Transmit) for HAL_UART_Transmit
    main.o(i.init_ADXL345) refers to stm32f1xx_hal.o(i.HAL_Delay) for HAL_Delay
    main.o(i.init_ADXL345) refers to stm32f1xx_hal_i2c.o(i.HAL_I2C_Mem_Write) for HAL_I2C_Mem_Write
    main.o(i.init_ADXL345) refers to main.o(.data) for Device_addres
    main.o(i.init_ADXL345) refers to i2c.o(.bss) for hi2c1
    main.o(i.init_ADXL345) refers to usart.o(.bss) for huart2
    main.o(i.init_oled) refers to ssd1306.o(i.SSD1306_GotoXY) for SSD1306_GotoXY
    main.o(i.init_oled) refers to ssd1306.o(i.SSD1306_Puts) for SSD1306_Puts
    main.o(i.init_oled) refers to ssd1306.o(i.SSD1306_DrawLine) for SSD1306_DrawLine
    main.o(i.init_oled) refers to ssd1306.o(i.SSD1306_DrawRectangle) for SSD1306_DrawRectangle
    main.o(i.init_oled) refers to ssd1306.o(i.SSD1306_DrawCircle) for SSD1306_DrawCircle
    main.o(i.init_oled) refers to ssd1306.o(i.SSD1306_UpdateScreen) for SSD1306_UpdateScreen
    main.o(i.init_oled) refers to fonts.o(.data) for Font_7x10
    main.o(i.main) refers to stm32f1xx_hal.o(i.HAL_Init) for HAL_Init
    main.o(i.main) refers to main.o(i.SystemClock_Config) for SystemClock_Config
[...]
    Removing stm32f1xx_it.o(.revsh_text), (4 bytes).
    Removing stm32f1xx_it.o(.rrx_text), (6 bytes).
    Removing gpio.o(.rev16_text), (4 bytes).
    Removing gpio.o(.revsh_text), (4 bytes).
    Removing gpio.o(.rrx_text), (6 bytes).
    Removing usart.o(.rev16_text), (4 bytes).
    Removing usart.o(.revsh_text), (4 bytes).
    Removing usart.o(.rrx_text), (6 bytes).
    Removing usart.o(i.HAL_UART_MspDeInit), (124 bytes).
    Removing i2c.o(.rev16_text), (4 bytes).
    Removing i2c.o(.revsh_text), (4 bytes).
    Removing i2c.o(.rrx_text), (6 bytes).
    Removing i2c.o(i.HAL_I2C_MspDeInit), (48 bytes).
    Removing printf.o(.rev16_text), (4 bytes).
    Removing printf.o(.revsh_text), (4 bytes).
    Removing printf.o(.rrx_text), (6 bytes).
    Removing printf.o(i._sys_exit), (4 bytes).
    Removing printf.o(i._ttywrch), (28 bytes).
    Removing printf.o(i.ferror), (8 bytes).
    Removing printf.o(i.fgetc), (6 bytes).
    Removing printf.o(i.fputc), (32 bytes).
    Removing printf.o(.data), (8 bytes).
    Removing stm32f1xx_hal_cortex.o(.rev16_text), (4 bytes).
    Removing stm32f1xx_hal_cortex.o(.revsh_text), (4 bytes).
    Removing stm32f1xx_hal_cortex.o(.rrx_text), (6 bytes).
    Removing stm32f1xx_hal_cortex.o(i.HAL_NVIC_ClearPendingIRQ), (28 bytes).
    Removing stm32f1xx_hal_cortex.o(i.HAL_NVIC_DisableIRQ), (28 bytes).
    Removing stm32f1xx_hal_cortex.o(i.HAL_NVIC_EnableIRQ), (26 bytes).
    Removing stm32f1xx_hal_cortex.o(i.HAL_NVIC_GetActive), (40 bytes).
    Removing stm32f1xx_hal_cortex.o(i.HAL_NVIC_GetPendingIRQ), (40 bytes).
    Removing stm32f1xx_hal_cortex.o(i.HAL_NVIC_GetPriority), (148 bytes).
    Removing stm32f1xx_hal_cortex.o(i.HAL_NVIC_GetPriorityGrouping), (8 bytes).
    Removing stm32f1xx_hal_cortex.o(i.HAL_NVIC_SetPendingIRQ), (28 bytes).
    Removing stm32f1xx_hal_cortex.o(i.HAL_NVIC_SystemReset), (68 bytes).
    Removing stm32f1xx_hal_flash_ex.o(.rev16_text), (4 bytes).
    Removing stm32f1xx_hal_flash_ex.o(.revsh_text), (4 bytes).
    Removing stm32f1xx_hal_flash_ex.o(.rrx_text), (6 bytes).
    Removing stm32f1xx_hal_flash_ex.o(i.FLASH_MassErase), (40 bytes).
    Removing stm32f1xx_hal_flash_ex.o(i.FLASH_OB_DisableWRP), (232 bytes).
    Removing stm32f1xx_hal_flash_ex.o(i.FLASH_OB_EnableWRP), (236 bytes).
    Removing stm32f1xx_hal_flash_ex.o(i.FLASH_OB_GetRDP), (28 bytes).
    Removing stm32f1xx_hal_flash_ex.o(i.FLASH_OB_GetUser), (16 bytes).
    Removing stm32f1xx_hal_flash_ex.o(i.FLASH_OB_GetWRP), (12 bytes).
    Removing stm32f1xx_hal_flash_ex.o(i.FLASH_OB_ProgramData), (76 bytes).
    Removing stm32f1xx_hal_flash_ex.o(i.FLASH_OB_RDP_LevelConfig), (124 bytes).
    Removing stm32f1xx_hal_flash_ex.o(i.FLASH_OB_UserConfig), (84 bytes).
    Removing stm32f1xx_hal_flash_ex.o(i.FLASH_PageErase), (40 bytes).
    Removing stm32f1xx_hal_flash_ex.o(i.HAL_FLASHEx_Erase), (176 bytes).
    Removing stm32f1xx_hal_flash_ex.o(i.HAL_FLASHEx_Erase_IT), (100 bytes).
    Removing stm32f1xx_hal_flash_ex.o(i.HAL_FLASHEx_OBErase), (96 bytes).
    Removing stm32f1xx_hal_flash_ex.o(i.HAL_FLASHEx_OBGetConfig), (28 bytes).
    Removing stm32f1xx_hal_flash_ex.o(i.HAL_FLASHEx_OBGetUserData), (40 bytes).
    Removing stm32f1xx_hal_flash_ex.o(i.HAL_FLASHEx_OBProgram), (200 bytes).
    Removing stm32f1xx_hal_uart.o(.rev16_text), (4 bytes).
    Removing stm32f1xx_hal_uart.o(.revsh_text), (4 bytes).
    Removing stm32f1xx_hal_uart.o(.rrx_text), (6 bytes).
    Removing stm32f1xx_hal_uart.o(i.HAL_HalfDuplex_EnableReceiver), (68 bytes).
    Removing stm32f1xx_hal_uart.o(i.HAL_HalfDuplex_EnableTransmitter), (68 bytes).
    Removing stm32f1xx_hal_uart.o(i.HAL_HalfDuplex_Init), (118 bytes).
    Removing stm32f1xx_hal_uart.o(i.HAL_LIN_Init), (134 bytes).
    Removing stm32f1xx_hal_uart.o(i.HAL_LIN_SendBreak), (62 bytes).
    Removing stm32f1xx_hal_uart.o(i.HAL_MultiProcessor_EnterMuteMode), (62 bytes).
    Removing stm32f1xx_hal_uart.o(i.HAL_MultiProcessor_ExitMuteMode), (62 bytes).
    Removing stm32f1xx_hal_uart.o(i.HAL_MultiProcessor_Init), (138 bytes).
    Removing stm32f1xx_hal_uart.o(i.HAL_UART_Abort), (126 bytes).
    Removing stm32f1xx_hal_uart.o(i.HAL_UART_AbortCpltCallback), (2 bytes).
    Removing stm32f1xx_hal_uart.o(i.HAL_UART_AbortReceive), (80 bytes).
    Removing stm32f1xx_hal_uart.o(i.HAL_UART_AbortReceiveCpltCallback), (2 bytes).
    Removing stm32f1xx_hal_uart.o(i.HAL_UART_AbortReceive_IT), (120 bytes).
    Removing stm32f1xx_hal_uart.o(i.HAL_UART_AbortTransmit), (68 bytes).
    Removing stm32f1xx_hal_uart.o(i.HAL_UART_AbortTransmitCpltCallback), (2 bytes).
    Removing stm32f1xx_hal_uart.o(i.HAL_UART_AbortTransmit_IT), (108 bytes).
    Removing stm32f1xx_hal_uart.o(i.HAL_UART_Abort_IT), (216 bytes).
    Removing stm32f1xx_hal_uart.o(i.HAL_UART_DMAPause), (124 bytes).
    Removing stm32f1xx_hal_uart.o(i.HAL_UART_DMAResume), (126 bytes).
    Removing stm32f1xx_hal_uart.o(i.HAL_UART_DMAStop), (102 bytes).
    Removing stm32f1xx_hal_uart.o(i.HAL_UART_DeInit), (46 bytes).
    Removing stm32f1xx_hal_uart.o(i.HAL_UART_ErrorCallback), (2 bytes).
    Removing stm32f1xx_hal_uart.o(i.HAL_UART_GetError), (6 bytes).
    Removing stm32f1xx_hal_uart.o(i.HAL_UART_GetState), (20 bytes).
    Removing stm32f1xx_hal_uart.o(i.HAL_UART_IRQHandler), (332 bytes).
    Removing stm32f1xx_hal_uart.o(i.HAL_UART_MspDeInit), (2 bytes).
    Removing stm32f1xx_hal_uart.o(i.HAL_UART_MspInit), (2 bytes).
    Removing stm32f1xx_hal_uart.o(i.HAL_UART_Receive_DMA), (196 bytes).
    Removing stm32f1xx_hal_uart.o(i.HAL_UART_Receive_IT), (112 bytes).
    Removing stm32f1xx_hal_uart.o(i.HAL_UART_RxCpltCallback), (2 bytes).
    Removing stm32f1xx_hal_uart.o(i.HAL_UART_RxHalfCpltCallback), (2 bytes).
    Removing stm32f1xx_hal_uart.o(i.HAL_UART_Transmit_DMA), (156 bytes).
    Removing stm32f1xx_hal_uart.o(i.HAL_UART_Transmit_IT), (88 bytes).
    Removing stm32f1xx_hal_uart.o(i.HAL_UART_TxCpltCallback), (2 bytes).
    Removing stm32f1xx_hal_uart.o(i.HAL_UART_TxHalfCpltCallback), (2 bytes).
    Removing stm32f1xx_hal_uart.o(i.UART_DMAAbortOnError), (20 bytes).
    Removing stm32f1xx_hal_uart.o(i.UART_DMAError), (80 bytes).
    Removing stm32f1xx_hal_uart.o(i.UART_DMAReceiveCplt), (70 bytes).
    Removing stm32f1xx_hal_uart.o(i.UART_DMARxAbortCallback), (52 bytes).
    Removing stm32f1xx_hal_uart.o(i.UART_DMARxHalfCplt), (14 bytes).
    Removing stm32f1xx_hal_uart.o(i.UART_DMARxOnlyAbortCallback), (24 bytes).
    Removing stm32f1xx_hal_uart.o(i.UART_DMATransmitCplt), (54 bytes).
    Removing stm32f1xx_hal_uart.o(i.UART_DMATxAbortCallback), (52 bytes).
    Removing stm32f1xx_hal_uart.o(i.UART_DMATxHalfCplt), (14 bytes).
    Removing stm32f1xx_hal_uart.o(i.UART_DMATxOnlyAbortCallback), (24 bytes).
    Removing stm32f1xx_hal_uart.o(i.UART_EndRxTransfer), (32 bytes).
    Removing stm32f1xx_hal_uart.o(i.UART_EndTransmit_IT), (32 bytes).
    Removing stm32f1xx_hal_uart.o(i.UART_EndTxTransfer), (20 bytes).
    Removing stm32f1xx_hal_uart.o(i.UART_Receive_IT), (166 bytes).
    Removing stm32f1xx_hal_uart.o(i.UART_Transmit_IT), (104 bytes).
    Removing stm32f1xx_hal.o(.rev16_text), (4 bytes).
    Removing stm32f1xx_hal.o(.revsh_text), (4 bytes).
    Removing stm32f1xx_hal.o(.rrx_text), (6 bytes).
    Removing stm32f1xx_hal.o(i.HAL_DBGMCU_DisableDBGSleepMode), (20 bytes).
    Removing stm32f1xx_hal.o(i.HAL_DBGMCU_DisableDBGStandbyMode), (20 bytes).
    Removing stm32f1xx_hal.o(i.HAL_DBGMCU_DisableDBGStopMode), (20 bytes).
    Removing stm32f1xx_hal.o(i.HAL_DBGMCU_EnableDBGSleepMode), (20 bytes).
    Removing stm32f1xx_hal.o(i.HAL_DBGMCU_EnableDBGStandbyMode), (20 bytes).
    Removing stm32f1xx_hal.o(i.HAL_DBGMCU_EnableDBGStopMode), (20 bytes).
    Removing stm32f1xx_hal.o(i.HAL_DeInit), (36 bytes).
    Removing stm32f1xx_hal.o(i.HAL_GetDEVID), (16 bytes).
    Removing stm32f1xx_hal.o(i.HAL_GetHalVersion), (8 bytes).
    Removing stm32f1xx_hal.o(i.HAL_GetREVID), (12 bytes).
    Removing stm32f1xx_hal.o(i.HAL_GetUID), (28 bytes).
    Removing stm32f1xx_hal.o(i.HAL_MspDeInit), (2 bytes).
    Removing stm32f1xx_hal.o(i.HAL_MspInit), (2 bytes).
    Removing stm32f1xx_hal.o(i.HAL_ResumeTick), (18 bytes).
    Removing stm32f1xx_hal.o(i.HAL_SuspendTick), (18 bytes).
    Removing stm32f1xx_hal_tim_ex.o(.rev16_text), (4 bytes).
    Removing stm32f1xx_hal_tim_ex.o(.revsh_text), (4 bytes).
    Removing stm32f1xx_hal_tim_ex.o(.rrx_text), (6 bytes).
    Removing stm32f1xx_hal_rcc.o(.rev16_text), (4 bytes).
    Removing stm32f1xx_hal_rcc.o(.revsh_text), (4 bytes).
    Removing stm32f1xx_hal_rcc.o(.rrx_text), (6 bytes).
    Removing stm32f1xx_hal_rcc.o(i.HAL_RCC_CSSCallback), (2 bytes).
    Removing stm32f1xx_hal_rcc.o(i.HAL_RCC_DeInit), (80 bytes).
    Removing stm32f1xx_hal_rcc.o(i.HAL_RCC_DisableCSS), (12 bytes).
    Removing stm32f1xx_hal_rcc.o(i.HAL_RCC_EnableCSS), (12 bytes).
    Removing stm32f1xx_hal_rcc.o(i.HAL_RCC_GetClockConfig), (68 bytes).
    Removing stm32f1xx_hal_rcc.o(i.HAL_RCC_GetOscConfig), (200 bytes).
    Removing stm32f1xx_hal_rcc.o(i.HAL_RCC_MCOConfig), (100 bytes).
    Removing stm32f1xx_hal_rcc.o(i.HAL_RCC_NMI_IRQHandler), (32 bytes).
    Removing stm32f1xx_hal_gpio.o(.rev16_text), (4 bytes).
    Removing stm32f1xx_hal_gpio.o(.revsh_text), (4 bytes).
    Removing stm32f1xx_hal_gpio.o(.rrx_text), (6 bytes).
    Removing stm32f1xx_hal_gpio.o(i.HAL_GPIO_DeInit), (312 bytes).
    Removing stm32f1xx_hal_gpio.o(i.HAL_GPIO_EXTI_Callback), (2 bytes).
    Removing stm32f1xx_hal_gpio.o(i.HAL_GPIO_EXTI_IRQHandler), (28 bytes).
    Removing stm32f1xx_hal_gpio.o(i.HAL_GPIO_LockPin), (46 bytes).
    Removing stm32f1xx_hal_gpio.o(i.HAL_GPIO_ReadPin), (16 bytes).
    Removing stm32f1xx_hal_gpio.o(i.HAL_GPIO_TogglePin), (8 bytes).
    Removing stm32f1xx_hal_gpio.o(i.HAL_GPIO_WritePin), (12 bytes).
    Removing stm32f1xx_hal_i2c.o(.rev16_text), (4 bytes).
    Removing stm32f1xx_hal_i2c.o(.revsh_text), (4 bytes).
    Removing stm32f1xx_hal_i2c.o(.rrx_text), (6 bytes).
    Removing stm32f1xx_hal_i2c.o(i.HAL_I2C_AbortCpltCallback), (2 bytes).
    Removing stm32f1xx_hal_i2c.o(i.HAL_I2C_AddrCallback), (2 bytes).
    Removing stm32f1xx_hal_i2c.o(i.HAL_I2C_DeInit), (60 bytes).
    Removing stm32f1xx_hal_i2c.o(i.HAL_I2C_DisableListen_IT), (70 bytes).
    Removing stm32f1xx_hal_i2c.o(i.HAL_I2C_ER_IRQHandler), (240 bytes).
    Removing stm32f1xx_hal_i2c.o(i.HAL_I2C_EV_IRQHandler), (376 bytes).
    Removing stm32f1xx_hal_i2c.o(i.HAL_I2C_EnableListen_IT), (70 bytes).
    Removing stm32f1xx_hal_i2c.o(i.HAL_I2C_ErrorCallback), (2 bytes).
    Removing stm32f1xx_hal_i2c.o(i.HAL_I2C_GetError), (6 bytes).
    Removing stm32f1xx_hal_i2c.o(i.HAL_I2C_GetMode), (8 bytes).
    Removing stm32f1xx_hal_i2c.o(i.HAL_I2C_GetState), (8 bytes).
    Removing stm32f1xx_hal_i2c.o(i.HAL_I2C_ListenCpltCallback), (2 bytes).
    Removing stm32f1xx_hal_i2c.o(i.HAL_I2C_MasterRxCpltCallback), (2 bytes).
    Removing stm32f1xx_hal_i2c.o(i.HAL_I2C_MasterTxCpltCallback), (2 bytes).
    Removing stm32f1xx_hal_i2c.o(i.HAL_I2C_Master_Abort_IT), (110 bytes).
    Removing stm32f1xx_hal_i2c.o(i.HAL_I2C_Master_Receive), (828 bytes).
    Removing stm32f1xx_hal_i2c.o(i.HAL_I2C_Master_Receive_DMA), (364 bytes).
    Removing stm32f1xx_hal_i2c.o(i.HAL_I2C_Master_Receive_IT), (240 bytes).
    Removing stm32f1xx_hal_i2c.o(i.HAL_I2C_Master_Sequential_Receive_IT), (296 bytes).
    Removing stm32f1xx_hal_i2c.o(i.HAL_I2C_Master_Sequential_Transmit_IT), (272 bytes).
    Removing stm32f1xx_hal_i2c.o(i.HAL_I2C_Master_Transmit_DMA), (364 bytes).
    Removing stm32f1xx_hal_i2c.o(i.HAL_I2C_Master_Transmit_IT), (228 bytes).
    Removing stm32f1xx_hal_i2c.o(i.HAL_I2C_MemRxCpltCallback), (2 bytes).
    Removing stm32f1xx_hal_i2c.o(i.HAL_I2C_MemTxCpltCallback), (2 bytes).
    Removing stm32f1xx_hal_i2c.o(i.HAL_I2C_Mem_Read_DMA), (512 bytes).
    Removing stm32f1xx_hal_i2c.o(i.HAL_I2C_Mem_Read_IT), (252 bytes).
    Removing stm32f1xx_hal_i2c.o(i.HAL_I2C_Mem_Write), (392 bytes).
    Removing stm32f1xx_hal_i2c.o(i.HAL_I2C_Mem_Write_DMA), (380 bytes).
    Removing stm32f1xx_hal_i2c.o(i.HAL_I2C_Mem_Write_IT), (236 bytes).
    Removing stm32f1xx_hal_i2c.o(i.HAL_I2C_MspDeInit), (2 bytes).
    Removing stm32f1xx_hal_i2c.o(i.HAL_I2C_MspInit), (2 bytes).
    Removing stm32f1xx_hal_i2c.o(i.HAL_I2C_SlaveRxCpltCallback), (2 bytes).
    Removing stm32f1xx_hal_i2c.o(i.HAL_I2C_SlaveTxCpltCallback), (2 bytes).
    Removing stm32f1xx_hal_i2c.o(i.HAL_I2C_Slave_Receive), (408 bytes).
    Removing stm32f1xx_hal_i2c.o(i.HAL_I2C_Slave_Receive_DMA), (300 bytes).
    Removing stm32f1xx_hal_i2c.o(i.HAL_I2C_Slave_Receive_IT), (232 bytes).
    Removing stm32f1xx_hal_i2c.o(i.HAL_I2C_Slave_Sequential_Receive_IT), (154 bytes).
    Removing stm32f1xx_hal_i2c.o(i.HAL_I2C_Slave_Sequential_Transmit_IT), (154 bytes).
    Removing stm32f1xx_hal_i2c.o(i.HAL_I2C_Slave_Transmit), (412 bytes).
    Removing stm32f1xx_hal_i2c.o(i.HAL_I2C_Slave_Transmit_DMA), (300 bytes).
    Removing stm32f1xx_hal_i2c.o(i.HAL_I2C_Slave_Transmit_IT), (232 bytes).
    Removing stm32f1xx_hal_i2c.o(i.I2C_DMAAbort), (104 bytes).
    Removing stm32f1xx_hal_i2c.o(i.I2C_DMAError), (50 bytes).
    Removing stm32f1xx_hal_i2c.o(i.I2C_DMAXferCplt), (166 bytes).
    Removing stm32f1xx_hal_i2c.o(i.I2C_ITError), (368 bytes).
    Removing stm32f1xx_hal_i2c.o(i.I2C_MasterReceive_BTF), (258 bytes).
    Removing stm32f1xx_hal_i2c.o(i.I2C_MasterReceive_RXNE), (222 bytes).
    Removing stm32f1xx_hal_i2c.o(i.I2C_MasterRequestRead), (304 bytes).
    Removing stm32f1xx_hal_i2c.o(i.I2C_MasterTransmit_BTF), (160 bytes).
    Removing stm32f1xx_hal_i2c.o(i.I2C_MasterTransmit_TXE), (330 bytes).
    Removing stm32f1xx_hal_i2c.o(i.I2C_Master_ADD10), (14 bytes).
    Removing stm32f1xx_hal_i2c.o(i.I2C_Master_ADDR), (582 bytes).
    Removing stm32f1xx_hal_i2c.o(i.I2C_Master_SB), (130 bytes).
    Removing stm32f1xx_hal_i2c.o(i.I2C_RequestMemoryWrite), (224 bytes).
    Removing stm32f1xx_hal_i2c.o(i.I2C_SlaveReceive_BTF), (30 bytes).
    Removing stm32f1xx_hal_i2c.o(i.I2C_SlaveReceive_RXNE), (72 bytes).
    Removing stm32f1xx_hal_i2c.o(i.I2C_SlaveTransmit_BTF), (28 bytes).
    Removing stm32f1xx_hal_i2c.o(i.I2C_SlaveTransmit_TXE), (70 bytes).
    Removing stm32f1xx_hal_i2c.o(i.I2C_Slave_ADDR), (54 bytes).
    Removing stm32f1xx_hal_i2c.o(i.I2C_Slave_AF), (164 bytes).
    Removing stm32f1xx_hal_i2c.o(i.I2C_Slave_STOPF), (272 bytes).
    Removing stm32f1xx_hal_i2c.o(i.I2C_WaitOnSTOPFlagUntilTimeout), (82 bytes).
    Removing stm32f1xx_hal_dma.o(.rev16_text), (4 bytes).
    Removing stm32f1xx_hal_dma.o(.revsh_text), (4 bytes).
    Removing stm32f1xx_hal_dma.o(.rrx_text), (6 bytes).
    Removing stm32f1xx_hal_dma.o(i.DMA_SetConfig), (44 bytes).
    Removing stm32f1xx_hal_dma.o(i.HAL_DMA_Abort), (58 bytes).
    Removing stm32f1xx_hal_dma.o(i.HAL_DMA_Abort_IT), (176 bytes).
    Removing stm32f1xx_hal_dma.o(i.HAL_DMA_DeInit), (96 bytes).
    Removing stm32f1xx_hal_dma.o(i.HAL_DMA_GetError), (6 bytes).
    Removing stm32f1xx_hal_dma.o(i.HAL_DMA_GetState), (8 bytes).
    Removing stm32f1xx_hal_dma.o(i.HAL_DMA_IRQHandler), (412 bytes).
    Removing stm32f1xx_hal_dma.o(i.HAL_DMA_Init), (112 bytes).
    Removing stm32f1xx_hal_dma.o(i.HAL_DMA_PollForTransfer), (692 bytes).
    Removing stm32f1xx_hal_dma.o(i.HAL_DMA_RegisterCallback), (90 bytes).
    Removing stm32f1xx_hal_dma.o(i.HAL_DMA_Start), (114 bytes).
    Removing stm32f1xx_hal_dma.o(i.HAL_DMA_Start_IT), (156 bytes).
    Removing stm32f1xx_hal_dma.o(i.HAL_DMA_UnRegisterCallback), (106 bytes).
    Removing stm32f1xx_hal_pwr.o(.rev16_text), (4 bytes).
    Removing stm32f1xx_hal_pwr.o(.revsh_text), (4 bytes).
    Removing stm32f1xx_hal_pwr.o(.rrx_text), (6 bytes).
    Removing stm32f1xx_hal_pwr.o(i.HAL_PWR_ConfigPVD), (180 bytes).
    Removing stm32f1xx_hal_pwr.o(i.HAL_PWR_DeInit), (28 bytes).
    Removing stm32f1xx_hal_pwr.o(i.HAL_PWR_DisableBkUpAccess), (12 bytes).
    Removing stm32f1xx_hal_pwr.o(i.HAL_PWR_DisablePVD), (12 bytes).
    Removing stm32f1xx_hal_pwr.o(i.HAL_PWR_DisableSEVOnPend), (20 bytes).
    Removing stm32f1xx_hal_pwr.o(i.HAL_PWR_DisableSleepOnExit), (20 bytes).
    Removing stm32f1xx_hal_pwr.o(i.HAL_PWR_DisableWakeUpPin), (28 bytes).
    Removing stm32f1xx_hal_pwr.o(i.HAL_PWR_EnableBkUpAccess), (12 bytes).
    Removing stm32f1xx_hal_pwr.o(i.HAL_PWR_EnablePVD), (12 bytes).
    Removing stm32f1xx_hal_pwr.o(i.HAL_PWR_EnableSEVOnPend), (20 bytes).
    Removing stm32f1xx_hal_pwr.o(i.HAL_PWR_EnableSleepOnExit), (20 bytes).
    Removing stm32f1xx_hal_pwr.o(i.HAL_PWR_EnableWakeUpPin), (28 bytes).
    Removing stm32f1xx_hal_pwr.o(i.HAL_PWR_EnterSLEEPMode), (32 bytes).
    Removing stm32f1xx_hal_pwr.o(i.HAL_PWR_EnterSTANDBYMode), (40 bytes).
    Removing stm32f1xx_hal_pwr.o(i.HAL_PWR_EnterSTOPMode), (84 bytes).
    Removing stm32f1xx_hal_pwr.o(i.HAL_PWR_PVDCallback), (2 bytes).
    Removing stm32f1xx_hal_pwr.o(i.HAL_PWR_PVD_IRQHandler), (32 bytes).
    Removing stm32f1xx_hal_pwr.o(i.PWR_OverloadWfe), (6 bytes).
    Removing stm32f1xx_hal_rcc_ex.o(.rev16_text), (4 bytes).
    Removing stm32f1xx_hal_rcc_ex.o(.revsh_text), (4 bytes).
    Removing stm32f1xx_hal_rcc_ex.o(.rrx_text), (6 bytes).
    Removing stm32f1xx_hal_rcc_ex.o(i.HAL_RCCEx_GetPeriphCLKConfig), (60 bytes).
    Removing stm32f1xx_hal_rcc_ex.o(i.HAL_RCCEx_GetPeriphCLKFreq), (288 bytes).
    Removing stm32f1xx_hal_rcc_ex.o(i.HAL_RCCEx_PeriphCLKConfig), (304 bytes).
    Removing stm32f1xx_hal_tim.o(.rev16_text), (4 bytes).
    Removing stm32f1xx_hal_tim.o(.revsh_text), (4 bytes).
    Removing stm32f1xx_hal_tim.o(.rrx_text), (6 bytes).
    Removing stm32f1xx_hal_flash.o(.rev16_text), (4 bytes).
    Removing stm32f1xx_hal_flash.o(.revsh_text), (4 bytes).
    Removing stm32f1xx_hal_flash.o(.rrx_text), (6 bytes).
    Removing stm32f1xx_hal_flash.o(i.FLASH_Program_HalfWord), (32 bytes).
    Removing stm32f1xx_hal_flash.o(i.FLASH_SetErrorCode), (132 bytes).
    Removing stm32f1xx_hal_flash.o(i.FLASH_WaitForLastOperation), (112 bytes).
    Removing stm32f1xx_hal_flash.o(i.HAL_FLASH_EndOfOperationCallback), (2 bytes).
    Removing stm32f1xx_hal_flash.o(i.HAL_FLASH_GetError), (12 bytes).
    Removing stm32f1xx_hal_flash.o(i.HAL_FLASH_IRQHandler), (384 bytes).
    Removing stm32f1xx_hal_flash.o(i.HAL_FLASH_Lock), (20 bytes).
    Removing stm32f1xx_hal_flash.o(i.HAL_FLASH_OB_Launch), (8 bytes).
    Removing stm32f1xx_hal_flash.o(i.HAL_FLASH_OB_Lock), (20 bytes).
    Removing stm32f1xx_hal_flash.o(i.HAL_FLASH_OB_Unlock), (44 bytes).
    Removing stm32f1xx_hal_flash.o(i.HAL_FLASH_OperationErrorCallback), (2 bytes).
    Removing stm32f1xx_hal_flash.o(i.HAL_FLASH_Program), (176 bytes).
    Removing stm32f1xx_hal_flash.o(i.HAL_FLASH_Program_IT), (124 bytes).
    Removing stm32f1xx_hal_flash.o(i.HAL_FLASH_Unlock), (44 bytes).
    Removing stm32f1xx_hal_flash.o(.bss), (32 bytes).
    Removing stm32f1xx_hal_gpio_ex.o(.rev16_text), (4 bytes).
    Removing stm32f1xx_hal_gpio_ex.o(.revsh_text), (4 bytes).
    Removing stm32f1xx_hal_gpio_ex.o(.rrx_text), (6 bytes).
    Removing stm32f1xx_hal_gpio_ex.o(i.HAL_GPIOEx_ConfigEventout), (24 bytes).
    Removing stm32f1xx_hal_gpio_ex.o(i.HAL_GPIOEx_DisableEventout), (20 bytes).
    Removing stm32f1xx_hal_gpio_ex.o(i.HAL_GPIOEx_EnableEventout), (20 bytes).
    Removing system_stm32f1xx.o(.rev16_text), (4 bytes).
    Removing system_stm32f1xx.o(.revsh_text), (4 bytes).
    Removing system_stm32f1xx.o(.rrx_text), (6 bytes).
    Removing system_stm32f1xx.o(i.SystemCoreClockUpdate), (164 bytes).
    Removing fonts.o(.rev16_text), (4 bytes).
    Removing fonts.o(.revsh_text), (4 bytes).
    Removing fonts.o(.rrx_text), (6 bytes).
    Removing fonts.o(i.FONTS_GetStringSize), (28 bytes).
    Removing ssd1306.o(.rev16_text), (4 bytes).
    Removing ssd1306.o(.revsh_text), (4 bytes).
    Removing ssd1306.o(.rrx_text), (6 bytes).
    Removing ssd1306.o(i.SSD1306_DrawFilledRectangle), (94 bytes).
    Removing ssd1306.o(i.SSD1306_DrawFilledTriangle), (298 bytes).
    Removing ssd1306.o(i.SSD1306_DrawTriangle), (64 bytes).
    Removing ssd1306.o(i.SSD1306_OFF), (34 bytes).
    Removing ssd1306.o(i.SSD1306_ON), (34 bytes).
    Removing ssd1306.o(i.SSD1306_ToggleInvert), (52 bytes).

309 unused section(s) (total 24636 bytes) removed from the image.

==============================================================================

Image Symbol Table

    Local Symbols

    Symbol Name                              Value     Ov Type        Size  Object(Section)

    ../Drivers/STM32F1xx_HAL_Driver/Src/stm32f1xx_hal.c 0x00000000   Number         0  stm32f1xx_hal.o ABSOLUTE
    ../Drivers/STM32F1xx_HAL_Driver/Src/stm32f1xx_hal_cortex.c 0x00000000   Number         0  stm32f1xx_hal_cortex.o ABSOLUTE
    ../Drivers/STM32F1xx_HAL_Driver/Src/stm32f1xx_hal_dma.c 0x00000000   Number         0  stm32f1xx_hal_dma.o ABSOLUTE
    ../Drivers/STM32F1xx_HAL_Driver/Src/stm32f1xx_hal_flash.c 0x00000000   Number         0  stm32f1xx_hal_flash.o ABSOLUTE
    ../Drivers/STM32F1xx_HAL_Driver/Src/stm32f1xx_hal_flash_ex.c 0x00000000   Number         0  stm32f1xx_hal_flash_ex.o ABSOLUTE
    ../Drivers/STM32F1xx_HAL_Driver/Src/stm32f1xx_hal_gpio.c 0x00000000   Number         0  stm32f1xx_hal_gpio.o ABSOLUTE
    ../Drivers/STM32F1xx_HAL_Driver/Src/stm32f1xx_hal_gpio_ex.c 0x00000000   Number         0  stm32f1xx_hal_gpio_ex.o ABSOLUTE
    ../Drivers/STM32F1xx_HAL_Driver/Src/stm32f1xx_hal_i2c.c 0x00000000   Number         0  stm32f1xx_hal_i2c.o ABSOLUTE
    ../Drivers/STM32F1xx_HAL_Driver/Src/stm32f1xx_hal_pwr.c 0x00000000   Number         0  stm32f1xx_hal_pwr.o ABSOLUTE
    ../Drivers/STM32F1xx_HAL_Driver/Src/stm32f1xx_hal_rcc.c 0x00000000   Number         0  stm32f1xx_hal_rcc.o ABSOLUTE
    ../Drivers/STM32F1xx_HAL_Driver/Src/stm32f1xx_hal_rcc_ex.c 0x00000000   Number         0  stm32f1xx_hal_rcc_ex.o ABSOLUTE
    ../Drivers/STM32F1xx_HAL_Driver/Src/stm32f1xx_hal_tim.c 0x00000000   Number         0  stm32f1xx_hal_tim.o ABSOLUTE
    ../Drivers/STM32F1xx_HAL_Driver/Src/stm32f1xx_hal_tim_ex.c 0x00000000   Number         0  stm32f1xx_hal_tim_ex.o ABSOLUTE
    ../Drivers/STM32F1xx_HAL_Driver/Src/stm32f1xx_hal_uart.c 0x00000000   Number         0  stm32f1xx_hal_uart.o ABSOLUTE
    ../Src/gpio.c                            0x00000000   Number         0  gpio.o ABSOLUTE
    ../Src/i2c.c                             0x00000000   Number         0  i2c.o ABSOLUTE
    ../Src/main.c                            0x00000000   Number         0  main.o ABSOLUTE
    ../Src/stm32f1xx_hal_msp.c               0x00000000   Number         0  stm32f1xx_hal_msp.o ABSOLUTE
    ../Src/stm32f1xx_it.c                    0x00000000   Number         0  stm32f1xx_it.o ABSOLUTE
    ../Src/system_stm32f1xx.c                0x00000000   Number         0  system_stm32f1xx.o ABSOLUTE
    ../Src/usart.c                           0x00000000   Number         0  usart.o ABSOLUTE
    ../clib/microlib/division.c              0x00000000   Number         0  uldiv.o ABSOLUTE
    ../clib/microlib/division.c              0x00000000   Number         0  uidiv.o ABSOLUTE
    ../clib/microlib/init/entry.s            0x00000000   Number         0  entry11b.o ABSOLUTE
    ../clib/microlib/init/entry.s            0x00000000   Number         0  entry2.o ABSOLUTE
    ../clib/microlib/init/entry.s            0x00000000   Number         0  entry11a.o ABSOLUTE
    ../clib/microlib/init/entry.s            0x00000000   Number         0  entry10b.o ABSOLUTE
    ../clib/microlib/init/entry.s            0x00000000   Number         0  entry10a.o ABSOLUTE
    ../clib/microlib/init/entry.s            0x00000000   Number         0  entry9b.o ABSOLUTE
    ../clib/microlib/init/entry.s            0x00000000   Number         0  entry9a.o ABSOLUTE
    ../clib/microlib/init/entry.s            0x00000000   Number         0  entry.o ABSOLUTE
    ../clib/microlib/init/entry.s            0x00000000   Number         0  entry8a.o ABSOLUTE
    ../clib/microlib/init/entry.s            0x00000000   Number         0  entry7b.o ABSOLUTE
    ../clib/microlib/init/entry.s            0x00000000   Number         0  entry5.o ABSOLUTE
    ../clib/microlib/init/entry.s            0x00000000   Number         0  entry7a.o ABSOLUTE
    ../clib/microlib/init/entry.s            0x00000000   Number         0  entry8b.o ABSOLUTE
    ../clib/microlib/longlong.c              0x00000000   Number         0  llushr.o ABSOLUTE
    ../clib/microlib/longlong.c              0x00000000   Number         0  llsshr.o ABSOLUTE
    ../clib/microlib/longlong.c              0x00000000   Number         0  llshl.o ABSOLUTE
    ../clib/microlib/malloc/malloc.c         0x00000000   Number         0  malloc.o ABSOLUTE
    ../clib/microlib/malloc/malloc.c         0x00000000   Number         0  mallocr.o ABSOLUTE
    ../clib/microlib/malloc/malloc.c         0x00000000   Number         0  malloca.o ABSOLUTE
    ../clib/microlib/malloc/malloc.c         0x00000000   Number         0  mallocra.o ABSOLUTE
    ../clib/microlib/malloc/mvars.c          0x00000000   Number         0  mvars.o ABSOLUTE
    ../clib/microlib/printf/printf.c         0x00000000   Number         0  printf6.o ABSOLUTE
    ../clib/microlib/printf/printf.c         0x00000000   Number         0  printf0.o ABSOLUTE
    ../clib/microlib/printf/printf.c         0x00000000   Number         0  printf8.o ABSOLUTE
    ../clib/microlib/printf/printf.c         0x00000000   Number         0  printfb.o ABSOLUTE
    ../clib/microlib/printf/printf.c         0x00000000   Number         0  printf1.o ABSOLUTE
    ../clib/microlib/printf/printf.c         0x00000000   Number         0  printfa.o ABSOLUTE
    ../clib/microlib/printf/printf.c         0x00000000   Number         0  printf2.o ABSOLUTE
    ../clib/microlib/printf/printf.c         0x00000000   Number         0  printf3.o ABSOLUTE
    ../clib/microlib/printf/printf.c         0x00000000   Number         0  printf7.o ABSOLUTE
    ../clib/microlib/printf/printf.c         0x00000000   Number         0  printf4.o ABSOLUTE
    ../clib/microlib/printf/printf.c         0x00000000   Number         0  printf5.o ABSOLUTE
    ../clib/microlib/printf/stubs.s          0x00000000   Number         0  stubs.o ABSOLUTE
    ../clib/microlib/string/memcpy.c         0x00000000   Number         0  memcpyb.o ABSOLUTE
    ../clib/microlib/string/memcpy.c         0x00000000   Number         0  memcpya.o ABSOLUTE
    ../clib/microlib/string/memset.c         0x00000000   Number         0  memseta.o ABSOLUTE
    ../clib/microlib/string/strlen.c         0x00000000   Number         0  strlen.o ABSOLUTE
    ../clib/microlib/stubs.s                 0x00000000   Number         0  useno.o ABSOLUTE
    ../clib/microlib/stubs.s                 0x00000000   Number         0  iusefp.o ABSOLUTE
    ../fplib/microlib/d2f.c                  0x00000000   Number         0  d2f.o ABSOLUTE
    ../fplib/microlib/f2d.c                  0x00000000   Number         0  f2d.o ABSOLUTE
    ../fplib/microlib/fpadd.c                0x00000000   Number         0  dadd.o ABSOLUTE
    ../fplib/microlib/fpdiv.c                0x00000000   Number         0  ddiv.o ABSOLUTE
    ../fplib/microlib/fpepilogue.c           0x00000000   Number         0  depilogue.o ABSOLUTE
    ../fplib/microlib/fpepilogue.c           0x00000000   Number         0  fepilogue.o ABSOLUTE
    ../fplib/microlib/fpfix.c                0x00000000   Number         0  dfixul.o ABSOLUTE
    ../fplib/microlib/fpfix.c                0x00000000   Number         0  ffixui.o ABSOLUTE
    ../fplib/microlib/fpflt.c                0x00000000   Number         0  fflti.o ABSOLUTE
    ../fplib/microlib/fpmul.c                0x00000000   Number         0  dmul.o ABSOLUTE
    ..\Drivers\STM32F1xx_HAL_Driver\Src\stm32f1xx_hal.c 0x00000000   Number         0  stm32f1xx_hal.o ABSOLUTE
    ..\Drivers\STM32F1xx_HAL_Driver\Src\stm32f1xx_hal_cortex.c 0x00000000   Number         0  stm32f1xx_hal_cortex.o ABSOLUTE
    ..\Drivers\STM32F1xx_HAL_Driver\Src\stm32f1xx_hal_dma.c 0x00000000   Number         0  stm32f1xx_hal_dma.o ABSOLUTE
    ..\Drivers\STM32F1xx_HAL_Driver\Src\stm32f1xx_hal_flash.c 0x00000000   Number         0  stm32f1xx_hal_flash.o ABSOLUTE
    ..\Drivers\STM32F1xx_HAL_Driver\Src\stm32f1xx_hal_flash_ex.c 0x00000000   Number         0  stm32f1xx_hal_flash_ex.o ABSOLUTE
    ..\Drivers\STM32F1xx_HAL_Driver\Src\stm32f1xx_hal_gpio.c 0x00000000   Number         0  stm32f1xx_hal_gpio.o ABSOLUTE
    ..\Drivers\STM32F1xx_HAL_Driver\Src\stm32f1xx_hal_gpio_ex.c 0x00000000   Number         0  stm32f1xx_hal_gpio_ex.o ABSOLUTE
    ..\Drivers\STM32F1xx_HAL_Driver\Src\stm32f1xx_hal_i2c.c 0x00000000   Number         0  stm32f1xx_hal_i2c.o ABSOLUTE
    ..\Drivers\STM32F1xx_HAL_Driver\Src\stm32f1xx_hal_pwr.c 0x00000000   Number         0  stm32f1xx_hal_pwr.o ABSOLUTE
    ..\Drivers\STM32F1xx_HAL_Driver\Src\stm32f1xx_hal_rcc.c 0x00000000   Number         0  stm32f1xx_hal_rcc.o ABSOLUTE
    ..\Drivers\STM32F1xx_HAL_Driver\Src\stm32f1xx_hal_rcc_ex.c 0x00000000   Number         0  stm32f1xx_hal_rcc_ex.o ABSOLUTE
    ..\Drivers\STM32F1xx_HAL_Driver\Src\stm32f1xx_hal_tim.c 0x00000000   Number         0  stm32f1xx_hal_tim.o ABSOLUTE
    ..\Drivers\STM32F1xx_HAL_Driver\Src\stm32f1xx_hal_tim_ex.c 0x00000000   Number         0  stm32f1xx_hal_tim_ex.o ABSOLUTE
    ..\Drivers\STM32F1xx_HAL_Driver\Src\stm32f1xx_hal_uart.c 0x00000000   Number         0  stm32f1xx_hal_uart.o ABSOLUTE
    ..\Src\fonts.c                           0x00000000   Number         0  fonts.o ABSOLUTE
    ..\Src\gpio.c                            0x00000000   Number         0  gpio.o ABSOLUTE
    ..\Src\i2c.c                             0x00000000   Number         0  i2c.o ABSOLUTE
    ..\Src\main.c                            0x00000000   Number         0  main.o ABSOLUTE
    ..\Src\printf.c                          0x00000000   Number         0  printf.o ABSOLUTE
    ..\Src\ssd1306.c                         0x00000000   Number         0  ssd1306.o ABSOLUTE
    ..\Src\stm32f1xx_hal_msp.c               0x00000000   Number         0  stm32f1xx_hal_msp.o ABSOLUTE
    ..\Src\stm32f1xx_it.c                    0x00000000   Number         0  stm32f1xx_it.o ABSOLUTE
    ..\Src\system_stm32f1xx.c                0x00000000   Number         0  system_stm32f1xx.o ABSOLUTE
    ..\Src\usart.c                           0x00000000   Number         0  usart.o ABSOLUTE
    ..\\Src\\fonts.c                         0x00000000   Number         0  fonts.o ABSOLUTE
    ..\\Src\\printf.c                        0x00000000   Number         0  printf.o ABSOLUTE
    ..\\Src\\ssd1306.c                       0x00000000   Number         0  ssd1306.o ABSOLUTE
    cdcmple.s                                0x00000000   Number         0  cdcmple.o ABSOLUTE
    cdrcmple.s                               0x00000000   Number         0  cdrcmple.o ABSOLUTE
    dc.s                                     0x00000000   Number         0  dc.o ABSOLUTE
    handlers.s                               0x00000000   Number         0  handlers.o ABSOLUTE
    init.s                                   0x00000000   Number         0  init.o ABSOLUTE
    startup_stm32f103xb.s                    0x00000000   Number         0  startup_stm32f103xb.o ABSOLUTE
    RESET                                    0x08000000   Section      236  startup_stm32f103xb.o(RESET)
    .ARM.Collect$$$$00000000                 0x080000ec   Section        0  entry.o(.ARM.Collect$$$$00000000)
    .ARM.Collect$$$$00000001                 0x080000ec   Section        4  entry2.o(.ARM.Collect$$$$00000001)
    .ARM.Collect$$$$00000004                 0x080000f0   Section        4  entry5.o(.ARM.Collect$$$$00000004)
    .ARM.Collect$$$$00000008                 0x080000f4   Section        0  entry7b.o(.ARM.Collect$$$$00000008)
    .ARM.Collect$$$$0000000A                 0x080000f4   Section        0  entry8b.o(.ARM.Collect$$$$0000000A)
    .ARM.Collect$$$$0000000B                 0x080000f4   Section        8  entry9a.o(.ARM.Collect$$$$0000000B)
    .ARM.Collect$$$$0000000D                 0x080000fc   Section        0  entry10a.o(.ARM.Collect$$$$0000000D)
    .ARM.Collect$$$$0000000F                 0x080000fc   Section        0  entry11a.o(.ARM.Collect$$$$0000000F)
    .ARM.Collect$$$$00002712                 0x080000fc   Section        4  entry2.o(.ARM.Collect$$$$00002712)
    __lit__00000000                          0x080000fc   Data           4  entry2.o(.ARM.Collect$$$$00002712)
    .text                                    0x08000100   Section       36  startup_stm32f103xb.o(.text)
    .text                                    0x08000124   Section        0  llushr.o(.text)
    .text                                    0x08000144   Section        0  memseta.o(.text)
    .text                                    0x08000168   Section        0  ddiv.o(.text)
    .text                                    0x08000246   Section        0  fflti.o(.text)
    .text                                    0x08000258   Section        0  ffixui.o(.text)
    .text                                    0x08000280   Section        0  f2d.o(.text)
    .text                                    0x080002a8   Section       48  cdcmple.o(.text)
    .text                                    0x080002d8   Section       48  cdrcmple.o(.text)
    .text                                    0x08000308   Section        0  d2f.o(.text)
    .text                                    0x08000340   Section        0  uidiv.o(.text)
    .text                                    0x0800036c   Section        0  uldiv.o(.text)
    .text                                    0x080003ce   Section        0  fepilogue.o(.text)
    .text                                    0x080003ce   Section        0  iusefp.o(.text)
    .text                                    0x0800043c   Section        0  depilogue.o(.text)
    .text                                    0x080004f6   Section        0  dadd.o(.text)
    .text                                    0x08000644   Section        0  dmul.o(.text)
    .text                                    0x08000728   Section        0  dfixul.o(.text)
    .text                                    0x08000758   Section       36  init.o(.text)
    .text                                    0x0800077c   Section        0  llshl.o(.text)
    .text                                    0x0800079a   Section        0  llsshr.o(.text)
    i.BACK                                   0x080007be   Section        0  main.o(i.BACK)
    i.FORWARD                                0x08000826   Section        0  main.o(i.FORWARD)
    i.HAL_Delay                              0x0800088e   Section        0  stm32f1xx_hal.o(i.HAL_Delay)
    i.HAL_GPIO_Init                          0x080008ac   Section        0  stm32f1xx_hal_gpio.o(i.HAL_GPIO_Init)
    i.HAL_GetTick                            0x08000bc8   Section        0  stm32f1xx_hal.o(i.HAL_GetTick)
    i.HAL_I2C_Init                           0x08000bd4   Section        0  stm32f1xx_hal_i2c.o(i.HAL_I2C_Init)
    i.HAL_I2C_IsDeviceReady                  0x08000cfc   Section        0  stm32f1xx_hal_i2c.o(i.HAL_I2C_IsDeviceReady)
    i.HAL_I2C_Master_Transmit                0x08000eb0   Section        0  stm32f1xx_hal_i2c.o(i.HAL_I2C_Master_Transmit)
    i.HAL_I2C_Mem_Read                       0x08001044   Section        0  stm32f1xx_hal_i2c.o(i.HAL_I2C_Mem_Read)
    i.HAL_I2C_MspInit                        0x0800138c   Section        0  i2c.o(i.HAL_I2C_MspInit)
    i.HAL_IncTick                            0x080013dc   Section        0  stm32f1xx_hal.o(i.HAL_IncTick)
    i.HAL_Init                               0x080013ec   Section        0  stm32f1xx_hal.o(i.HAL_Init)
    i.HAL_InitTick                           0x08001414   Section        0  stm32f1xx_hal.o(i.HAL_InitTick)
    i.HAL_MspInit                            0x0800143c   Section        0  stm32f1xx_hal_msp.o(i.HAL_MspInit)
    i.HAL_NVIC_SetPriority                   0x080014d0   Section        0  stm32f1xx_hal_cortex.o(i.HAL_NVIC_SetPriority)
    i.HAL_NVIC_SetPriorityGrouping           0x0800154c   Section        0  stm32f1xx_hal_cortex.o(i.HAL_NVIC_SetPriorityGrouping)
    i.HAL_RCC_ClockConfig                    0x08001574   Section        0  stm32f1xx_hal_rcc.o(i.HAL_RCC_ClockConfig)
    i.HAL_RCC_GetHCLKFreq                    0x08001718   Section        0  stm32f1xx_hal_rcc.o(i.HAL_RCC_GetHCLKFreq)
    i.HAL_RCC_GetPCLK1Freq                   0x08001724   Section        0  stm32f1xx_hal_rcc.o(i.HAL_RCC_GetPCLK1Freq)
    i.HAL_RCC_GetPCLK2Freq                   0x08001744   Section        0  stm32f1xx_hal_rcc.o(i.HAL_RCC_GetPCLK2Freq)
    i.HAL_RCC_GetSysClockFreq                0x08001764   Section        0  stm32f1xx_hal_rcc.o(i.HAL_RCC_GetSysClockFreq)
    i.HAL_RCC_OscConfig                      0x080017fc   Section        0  stm32f1xx_hal_rcc.o(i.HAL_RCC_OscConfig)
    i.HAL_SYSTICK_CLKSourceConfig            0x08001c3c   Section        0  stm32f1xx_hal_cortex.o(i.HAL_SYSTICK_CLKSourceConfig)
    i.HAL_SYSTICK_Callback                   0x08001c64   Section        0  stm32f1xx_hal_cortex.o(i.HAL_SYSTICK_Callback)
    i.HAL_SYSTICK_Config                     0x08001c66   Section        0  stm32f1xx_hal_cortex.o(i.HAL_SYSTICK_Config)
    i.HAL_SYSTICK_IRQHandler                 0x08001c9a   Section        0  stm32f1xx_hal_cortex.o(i.HAL_SYSTICK_IRQHandler)
    i.HAL_UART_Init                          0x08001ca2   Section        0  stm32f1xx_hal_uart.o(i.HAL_UART_Init)
    i.HAL_UART_MspInit                       0x08001d14   Section        0  usart.o(i.HAL_UART_MspInit)
    i.HAL_UART_Receive                       0x08001e1c   Section        0  stm32f1xx_hal_uart.o(i.HAL_UART_Receive)
    i.HAL_UART_Transmit                      0x08001efa   Section        0  stm32f1xx_hal_uart.o(i.HAL_UART_Transmit)
    i.I2C_IsAcknowledgeFailed                0x08001fd0   Section        0  stm32f1xx_hal_i2c.o(i.I2C_IsAcknowledgeFailed)
    I2C_IsAcknowledgeFailed                  0x08001fd1   Thumb Code    52  stm32f1xx_hal_i2c.o(i.I2C_IsAcknowledgeFailed)
    i.I2C_MasterRequestWrite                 0x08002004   Section        0  stm32f1xx_hal_i2c.o(i.I2C_MasterRequestWrite)
    I2C_MasterRequestWrite                   0x08002005   Thumb Code   186  stm32f1xx_hal_i2c.o(i.I2C_MasterRequestWrite)
    i.I2C_RequestMemoryRead                  0x080020c4   Section        0  stm32f1xx_hal_i2c.o(i.I2C_RequestMemoryRead)
    I2C_RequestMemoryRead                    0x080020c5   Thumb Code   340  stm32f1xx_hal_i2c.o(i.I2C_RequestMemoryRead)
    i.I2C_WaitOnBTFFlagUntilTimeout          0x0800221c   Section        0  stm32f1xx_hal_i2c.o(i.I2C_WaitOnBTFFlagUntilTimeout)
    I2C_WaitOnBTFFlagUntilTimeout            0x0800221d   Thumb Code    86  stm32f1xx_hal_i2c.o(i.I2C_WaitOnBTFFlagUntilTimeout)
    i.I2C_WaitOnFlagUntilTimeout             0x08002272   Section        0  stm32f1xx_hal_i2c.o(i.I2C_WaitOnFlagUntilTimeout)
    I2C_WaitOnFlagUntilTimeout               0x08002273   Thumb Code   124  stm32f1xx_hal_i2c.o(i.I2C_WaitOnFlagUntilTimeout)
    i.I2C_WaitOnMasterAddressFlagUntilTimeout 0x080022ee   Section        0  stm32f1xx_hal_i2c.o(i.I2C_WaitOnMasterAddressFlagUntilTimeout)
    I2C_WaitOnMasterAddressFlagUntilTimeout  0x080022ef   Thumb Code   172  stm32f1xx_hal_i2c.o(i.I2C_WaitOnMasterAddressFlagUntilTimeout)
    i.I2C_WaitOnRXNEFlagUntilTimeout         0x0800239a   Section        0  stm32f1xx_hal_i2c.o(i.I2C_WaitOnRXNEFlagUntilTimeout)
    I2C_WaitOnRXNEFlagUntilTimeout           0x0800239b   Thumb Code   110  stm32f1xx_hal_i2c.o(i.I2C_WaitOnRXNEFlagUntilTimeout)
    i.I2C_WaitOnTXEFlagUntilTimeout          0x08002408   Section        0  stm32f1xx_hal_i2c.o(i.I2C_WaitOnTXEFlagUntilTimeout)
    I2C_WaitOnTXEFlagUntilTimeout            0x08002409   Thumb Code    86  stm32f1xx_hal_i2c.o(i.I2C_WaitOnTXEFlagUntilTimeout)
    i.LEFT                                   0x0800245e   Section        0  main.o(i.LEFT)
    i.MX_GPIO_Init                           0x080024c8   Section        0  gpio.o(i.MX_GPIO_Init)
    i.MX_I2C1_Init                           0x08002520   Section        0  i2c.o(i.MX_I2C1_Init)
    i.MX_USART1_UART_Init                    0x08002570   Section        0  usart.o(i.MX_USART1_UART_Init)
    i.MX_USART2_UART_Init                    0x080025bc   Section        0  usart.o(i.MX_USART2_UART_Init)
    i.MX_USART3_UART_Init                    0x08002608   Section        0  usart.o(i.MX_USART3_UART_Init)
    i.NVIC_GetPriorityGrouping               0x08002654   Section        0  stm32f1xx_hal_cortex.o(i.NVIC_GetPriorityGrouping)
    NVIC_GetPriorityGrouping                 0x08002655   Thumb Code    10  stm32f1xx_hal_cortex.o(i.NVIC_GetPriorityGrouping)
    i.NVIC_SetPriority                       0x08002664   Section        0  stm32f1xx_hal_cortex.o(i.NVIC_SetPriority)
    NVIC_SetPriority                         0x08002665   Thumb Code    32  stm32f1xx_hal_cortex.o(i.NVIC_SetPriority)
    i.PendSV_Handler                         0x0800268c   Section        0  stm32f1xx_it.o(i.PendSV_Handler)
    i.RCC_Delay                              0x08002690   Section        0  stm32f1xx_hal_rcc.o(i.RCC_Delay)
    RCC_Delay                                0x08002691   Thumb Code    36  stm32f1xx_hal_rcc.o(i.RCC_Delay)
    i.RIGHT                                  0x080026b8   Section        0  main.o(i.RIGHT)
    i.SSD1306_DrawCircle                     0x08002720   Section        0  ssd1306.o(i.SSD1306_DrawCircle)
    i.SSD1306_DrawFilledCircle               0x08002824   Section        0  ssd1306.o(i.SSD1306_DrawFilledCircle)
    i.SSD1306_DrawLine                       0x08002972   Section        0  ssd1306.o(i.SSD1306_DrawLine)
    i.SSD1306_DrawPixel                      0x08002abc   Section        0  ssd1306.o(i.SSD1306_DrawPixel)
    i.SSD1306_DrawRectangle                  0x08002b5c   Section        0  ssd1306.o(i.SSD1306_DrawRectangle)
    i.SSD1306_Fill                           0x08002be4   Section        0  ssd1306.o(i.SSD1306_Fill)
    i.SSD1306_GotoXY                         0x08002c04   Section        0  ssd1306.o(i.SSD1306_GotoXY)
    i.SSD1306_Init                           0x08002c10   Section        0  ssd1306.o(i.SSD1306_Init)
    i.SSD1306_Putc                           0x08002d70   Section        0  ssd1306.o(i.SSD1306_Putc)
    i.SSD1306_Puts                           0x08002e18   Section        0  ssd1306.o(i.SSD1306_Puts)
    i.SSD1306_UpdateScreen                   0x08002e44   Section        0  ssd1306.o(i.SSD1306_UpdateScreen)
    i.STOP                                   0x08002e8c   Section        0  main.o(i.STOP)
    i.SVC_Handler                            0x08002ef4   Section        0  stm32f1xx_it.o(i.SVC_Handler)
    i.SysTick_Handler                        0x08002ef6   Section        0  stm32f1xx_it.o(i.SysTick_Handler)
    i.SystemClock_Config                     0x08002f04   Section        0  main.o(i.SystemClock_Config)
    i.SystemInit                             0x08002f98   Section        0  system_stm32f1xx.o(i.SystemInit)
    i.UART_SetConfig                         0x08002ff0   Section        0  stm32f1xx_hal_uart.o(i.UART_SetConfig)
    UART_SetConfig                           0x08002ff1   Thumb Code   450  stm32f1xx_hal_uart.o(i.UART_SetConfig)
    i.UART_WaitOnFlagUntilTimeout            0x080031b8   Section        0  stm32f1xx_hal_uart.o(i.UART_WaitOnFlagUntilTimeout)
    UART_WaitOnFlagUntilTimeout              0x080031b9   Thumb Code   108  stm32f1xx_hal_uart.o(i.UART_WaitOnFlagUntilTimeout)
    i._Error_Handler                         0x08003224   Section        0  main.o(i._Error_Handler)
    i.__0sprintf                             0x08003228   Section        0  printfa.o(i.__0sprintf)
    i.__scatterload_copy                     0x08003250   Section       14  handlers.o(i.__scatterload_copy)
    i.__scatterload_null                     0x0800325e   Section        2  handlers.o(i.__scatterload_null)
    i.__scatterload_zeroinit                 0x08003260   Section       14  handlers.o(i.__scatterload_zeroinit)
    i._fp_digits                             0x08003270   Section        0  printfa.o(i._fp_digits)
    _fp_digits                               0x08003271   Thumb Code   366  printfa.o(i._fp_digits)
    i._printf_core                           0x080033f4   Section        0  printfa.o(i._printf_core)
    _printf_core                             0x080033f5   Thumb Code  1744  printfa.o(i._printf_core)
    i._printf_post_padding                   0x08003ad0   Section        0  printfa.o(i._printf_post_padding)
    _printf_post_padding                     0x08003ad1   Thumb Code    36  printfa.o(i._printf_post_padding)
    i._printf_pre_padding                    0x08003af4   Section        0  printfa.o(i._printf_pre_padding)
    _printf_pre_padding                      0x08003af5   Thumb Code    46  printfa.o(i._printf_pre_padding)
    i._sputc                                 0x08003b22   Section        0  printfa.o(i._sputc)
    _sputc                                   0x08003b23   Thumb Code    10  printfa.o(i._sputc)
    i.data_from_ADXL345                      0x08003b2c   Section        0  main.o(i.data_from_ADXL345)
    i.free                                   0x08003c84   Section        0  malloc.o(i.free)
    i.init_oled                              0x08003cd4   Section        0  main.o(i.init_oled)
    i.main                                   0x08003d98   Section        0  main.o(i.main)
    i.malloc                                 0x080040dc   Section        0  malloc.o(i.malloc)
    i.ssd1306_I2C_Init                       0x08004148   Section        0  ssd1306.o(i.ssd1306_I2C_Init)
    i.ssd1306_I2C_Write                      0x08004158   Section        0  ssd1306.o(i.ssd1306_I2C_Write)
    i.ssd1306_I2C_WriteMulti                 0x08004180   Section        0  ssd1306.o(i.ssd1306_I2C_WriteMulti)
    .constdata                               0x080041d0   Section       21  main.o(.constdata)
    .constdata                               0x080041e5   Section       24  system_stm32f1xx.o(.constdata)
    .constdata                               0x080041fe   Section    10260  fonts.o(.constdata)
    .data                                    0x20000000   Section       24  main.o(.data)
    .data                                    0x20000018   Section        4  stm32f1xx_hal.o(.data)
    .data                                    0x2000001c   Section        4  system_stm32f1xx.o(.data)
    .data                                    0x20000020   Section       24  fonts.o(.data)
    .data                                    0x20000038   Section        6  ssd1306.o(.data)
    SSD1306                                  0x20000038   Data           6  ssd1306.o(.data)
    .data                                    0x20000040   Section        4  mvars.o(.data)
    .data                                    0x20000044   Section        4  mvars.o(.data)
    .bss                                     0x20000048   Section      192  usart.o(.bss)
    .bss                                     0x20000108   Section       84  i2c.o(.bss)
    .bss                                     0x2000015c   Section     1024  ssd1306.o(.bss)
    SSD1306_Buffer                           0x2000015c   Data        1024  ssd1306.o(.bss)
    HEAP                                     0x20000560   Section     1024  startup_stm32f103xb.o(HEAP)
    STACK                                    0x20000960   Section      512  startup_stm32f103xb.o(STACK)

    Global Symbols

    Symbol Name                              Value     Ov Type        Size  Object(Section)

    BuildAttributes$$THM_ISAv4$P$D$K$B$S$PE$A:L22UL41UL21$X:L11$S22US41US21$IEEE1$IW$USESV6$~STKCKD$USESV7$~SHL$OTIME$ROPI$EBA8$MICROLIB$REQ8$PRES8$EABIv2 0x00000000   Number         0  anon$$obj.o ABSOLUTE
    __ARM_use_no_argv                        0x00000000   Number         0  main.o ABSOLUTE
    __use_no_errno                           0x00000000   Number         0  useno.o ABSOLUTE
    __use_no_exception_handling              0x00000000   Number         0  useno.o ABSOLUTE
    __use_no_fp                              0x00000000   Number         0  useno.o ABSOLUTE
    __use_no_heap                            0x00000000   Number         0  useno.o ABSOLUTE
    __use_no_heap_region                     0x00000000   Number         0  useno.o ABSOLUTE
    __use_no_semihosting                     0x00000000   Number         0  useno.o ABSOLUTE
    __use_no_semihosting_swi                 0x00000000   Number         0  useno.o ABSOLUTE
    __use_no_signal_handling                 0x00000000   Number         0  useno.o ABSOLUTE
    _printf_a                                0x00000000   Number         0  stubs.o ABSOLUTE
    _printf_c                                0x00000000   Number         0  stubs.o ABSOLUTE
    _printf_charcount                        0x00000000   Number         0  stubs.o ABSOLUTE
    _printf_d                                0x00000000   Number         0  stubs.o ABSOLUTE
    _printf_e                                0x00000000   Number         0  stubs.o ABSOLUTE
    _printf_f                                0x00000000   Number         0  stubs.o ABSOLUTE
    _printf_flags                            0x00000000   Number         0  stubs.o ABSOLUTE
    _printf_fp_dec                           0x00000000   Number         0  stubs.o ABSOLUTE
    _printf_fp_hex                           0x00000000   Number         0  stubs.o ABSOLUTE
    _printf_g                                0x00000000   Number         0  stubs.o ABSOLUTE
    _printf_i                                0x00000000   Number         0  stubs.o ABSOLUTE
    _printf_int_dec                          0x00000000   Number         0  stubs.o ABSOLUTE
    _printf_l                                0x00000000   Number         0  stubs.o ABSOLUTE
    _printf_lc                               0x00000000   Number         0  stubs.o ABSOLUTE
    _printf_ll                               0x00000000   Number         0  stubs.o ABSOLUTE
    _printf_lld                              0x00000000   Number         0  stubs.o ABSOLUTE
    _printf_lli                              0x00000000   Number         0  stubs.o ABSOLUTE
    _printf_llo                              0x00000000   Number         0  stubs.o ABSOLUTE
    _printf_llu                              0x00000000   Number         0  stubs.o ABSOLUTE
    _printf_llx                              0x00000000   Number         0  stubs.o ABSOLUTE
    _printf_longlong_dec                     0x00000000   Number         0  stubs.o ABSOLUTE
    _printf_longlong_hex                     0x00000000   Number         0  stubs.o ABSOLUTE
    _printf_longlong_oct                     0x00000000   Number         0  stubs.o ABSOLUTE
    _printf_ls                               0x00000000   Number         0  stubs.o ABSOLUTE
    _printf_mbtowc                           0x00000000   Number         0  stubs.o ABSOLUTE
    _printf_n                                0x00000000   Number         0  stubs.o ABSOLUTE
    _printf_o                                0x00000000   Number         0  stubs.o ABSOLUTE
    _printf_p                                0x00000000   Number         0  stubs.o ABSOLUTE
    _printf_percent                          0x00000000   Number         0  stubs.o ABSOLUTE
    _printf_pre_padding                      0x00000000   Number         0  stubs.o ABSOLUTE
    _printf_return_value                     0x00000000   Number         0  stubs.o ABSOLUTE
    _printf_s                                0x00000000   Number         0  stubs.o ABSOLUTE
    _printf_sizespec                         0x00000000   Number         0  stubs.o ABSOLUTE
    _printf_str                              0x00000000   Number         0  stubs.o ABSOLUTE
    _printf_truncate_signed                  0x00000000   Number         0  stubs.o ABSOLUTE
    _printf_truncate_unsigned                0x00000000   Number         0  stubs.o ABSOLUTE
    _printf_u                                0x00000000   Number         0  stubs.o ABSOLUTE
    _printf_wc                               0x00000000   Number         0  stubs.o ABSOLUTE
    _printf_wctomb                           0x00000000   Number         0  stubs.o ABSOLUTE
    _printf_widthprec                        0x00000000   Number         0  stubs.o ABSOLUTE
    _printf_x                                0x00000000   Number         0  stubs.o ABSOLUTE
    __cpp_initialize__aeabi_                  - Undefined Weak Reference
    __cxa_finalize                            - Undefined Weak Reference
    __decompress                              - Undefined Weak Reference
    _clock_init                               - Undefined Weak Reference
    _microlib_exit                            - Undefined Weak Reference
    __Vectors_Size                           0x000000ec   Number         0  startup_stm32f103xb.o ABSOLUTE
    __Vectors                                0x08000000   Data           4  startup_stm32f103xb.o(RESET)
    __Vectors_End                            0x080000ec   Data           0  startup_stm32f103xb.o(RESET)
    __main                                   0x080000ed   Thumb Code     0  entry.o(.ARM.Collect$$$$00000000)
    _main_stk                                0x080000ed   Thumb Code     0  entry2.o(.ARM.Collect$$$$00000001)
    _main_scatterload                        0x080000f1   Thumb Code     0  entry5.o(.ARM.Collect$$$$00000004)
    __main_after_scatterload                 0x080000f5   Thumb Code     0  entry5.o(.ARM.Collect$$$$00000004)
    _main_clock                              0x080000f5   Thumb Code     0  entry7b.o(.ARM.Collect$$$$00000008)
    _main_cpp_init                           0x080000f5   Thumb Code     0  entry8b.o(.ARM.Collect$$$$0000000A)
    _main_init                               0x080000f5   Thumb Code     0  entry9a.o(.ARM.Collect$$$$0000000B)
    __rt_final_cpp                           0x080000fd   Thumb Code     0  entry10a.o(.ARM.Collect$$$$0000000D)
    __rt_final_exit                          0x080000fd   Thumb Code     0  entry11a.o(.ARM.Collect$$$$0000000F)
    Reset_Handler                            0x08000101   Thumb Code     8  startup_stm32f103xb.o(.text)
    NMI_Handler                              0x08000109   Thumb Code     2  startup_stm32f103xb.o(.text)
    HardFault_Handler                        0x0800010b   Thumb Code     2  startup_stm32f103xb.o(.text)
    MemManage_Handler                        0x0800010d   Thumb Code     2  startup_stm32f103xb.o(.text)
    BusFault_Handler                         0x0800010f   Thumb Code     2  startup_stm32f103xb.o(.text)
    UsageFault_Handler                       0x08000111   Thumb Code     2  startup_stm32f103xb.o(.text)
    DebugMon_Handler                         0x08000115   Thumb Code     2  startup_stm32f103xb.o(.text)
    ADC1_2_IRQHandler                        0x0800011b   Thumb Code     0  startup_stm32f103xb.o(.text)
    CAN1_RX1_IRQHandler                      0x0800011b   Thumb Code     0  startup_stm32f103xb.o(.text)
    CAN1_SCE_IRQHandler                      0x0800011b   Thumb Code     0  startup_stm32f103xb.o(.text)
    DMA1_Channel1_IRQHandler                 0x0800011b   Thumb Code     0  startup_stm32f103xb.o(.text)
    DMA1_Channel2_IRQHandler                 0x0800011b   Thumb Code     0  startup_stm32f103xb.o(.text)
    DMA1_Channel3_IRQHandler                 0x0800011b   Thumb Code     0  startup_stm32f103xb.o(.text)
    DMA1_Channel4_IRQHandler                 0x0800011b   Thumb Code     0  startup_stm32f103xb.o(.text)
    DMA1_Channel5_IRQHandler                 0x0800011b   Thumb Code     0  startup_stm32f103xb.o(.text)
    DMA1_Channel6_IRQHandler                 0x0800011b   Thumb Code     0  startup_stm32f103xb.o(.text)
    DMA1_Channel7_IRQHandler                 0x0800011b   Thumb Code     0  startup_stm32f103xb.o(.text)
    EXTI0_IRQHandler                         0x0800011b   Thumb Code     0  startup_stm32f103xb.o(.text)
    EXTI15_10_IRQHandler                     0x0800011b   Thumb Code     0  startup_stm32f103xb.o(.text)
    EXTI1_IRQHandler                         0x0800011b   Thumb Code     0  startup_stm32f103xb.o(.text)
    EXTI2_IRQHandler                         0x0800011b   Thumb Code     0  startup_stm32f103xb.o(.text)
    EXTI3_IRQHandler                         0x0800011b   Thumb Code     0  startup_stm32f103xb.o(.text)
    EXTI4_IRQHandler                         0x0800011b   Thumb Code     0  startup_stm32f103xb.o(.text)
    EXTI9_5_IRQHandler                       0x0800011b   Thumb Code     0  startup_stm32f103xb.o(.text)
    FLASH_IRQHandler                         0x0800011b   Thumb Code     0  startup_stm32f103xb.o(.text)
    I2C1_ER_IRQHandler                       0x0800011b   Thumb Code     0  startup_stm32f103xb.o(.text)
    I2C1_EV_IRQHandler                       0x0800011b   Thumb Code     0  startup_stm32f103xb.o(.text)
    I2C2_ER_IRQHandler                       0x0800011b   Thumb Code     0  startup_stm32f103xb.o(.text)
    I2C2_EV_IRQHandler                       0x0800011b   Thumb Code     0  startup_stm32f103xb.o(.text)
    PVD_IRQHandler                           0x0800011b   Thumb Code     0  startup_stm32f103xb.o(.text)
    RCC_IRQHandler                           0x0800011b   Thumb Code     0  startup_stm32f103xb.o(.text)
    RTC_Alarm_IRQHandler                     0x0800011b   Thumb Code     0  startup_stm32f103xb.o(.text)
    RTC_IRQHandler                           0x0800011b   Thumb Code     0  startup_stm32f103xb.o(.text)
    SPI1_IRQHandler                          0x0800011b   Thumb Code     0  startup_stm32f103xb.o(.text)
    SPI2_IRQHandler                          0x0800011b   Thumb Code     0  startup_stm32f103xb.o(.text)
    TAMPER_IRQHandler                        0x0800011b   Thumb Code     0  startup_stm32f103xb.o(.text)
    TIM1_BRK_IRQHandler                      0x0800011b   Thumb Code     0  startup_stm32f103xb.o(.text)
    TIM1_CC_IRQHandler                       0x0800011b   Thumb Code     0  startup_stm32f103xb.o(.text)
    TIM1_TRG_COM_IRQHandler                  0x0800011b   Thumb Code     0  startup_stm32f103xb.o(.text)
    TIM1_UP_IRQHandler                       0x0800011b   Thumb Code     0  startup_stm32f103xb.o(.text)
    TIM2_IRQHandler                          0x0800011b   Thumb Code     0  startup_stm32f103xb.o(.text)
    TIM3_IRQHandler                          0x0800011b   Thumb Code     0  startup_stm32f103xb.o(.text)
    TIM4_IRQHandler                          0x0800011b   Thumb Code     0  startup_stm32f103xb.o(.text)
    USART1_IRQHandler                        0x0800011b   Thumb Code     0  startup_stm32f103xb.o(.text)
    USART2_IRQHandler                        0x0800011b   Thumb Code     0  startup_stm32f103xb.o(.text)
    USART3_IRQHandler                        0x0800011b   Thumb Code     0  startup_stm32f103xb.o(.text)
    USBWakeUp_IRQHandler                     0x0800011b   Thumb Code     0  startup_stm32f103xb.o(.text)
    USB_HP_CAN1_TX_IRQHandler                0x0800011b   Thumb Code     0  startup_stm32f103xb.o(.text)
    USB_LP_CAN1_RX0_IRQHandler               0x0800011b   Thumb Code     0  startup_stm32f103xb.o(.text)
    WWDG_IRQHandler                          0x0800011b   Thumb Code     0  startup_stm32f103xb.o(.text)
    __aeabi_llsr                             0x08000125   Thumb Code    32  llushr.o(.text)
    _ll_ushift_r                             0x08000125   Thumb Code     0  llushr.o(.text)
    __aeabi_memset                           0x08000145   Thumb Code    14  memseta.o(.text)
    __aeabi_memset4                          0x08000145   Thumb Code     0  memseta.o(.text)
    __aeabi_memset8                          0x08000145   Thumb Code     0  memseta.o(.text)
    __aeabi_memclr                           0x08000153   Thumb Code     4  memseta.o(.text)
    __aeabi_memclr4                          0x08000153   Thumb Code     0  memseta.o(.text)
    __aeabi_memclr8                          0x08000153   Thumb Code     0  memseta.o(.text)
    _memset$wrapper                          0x08000157   Thumb Code    18  memseta.o(.text)
    __aeabi_ddiv                             0x08000169   Thumb Code   222  ddiv.o(.text)
    __aeabi_i2f                              0x08000247   Thumb Code    18  fflti.o(.text)
    __aeabi_f2uiz                            0x08000259   Thumb Code    40  ffixui.o(.text)
    __aeabi_f2d                              0x08000281   Thumb Code    38  f2d.o(.text)
    __aeabi_cdcmpeq                          0x080002a9   Thumb Code     0  cdcmple.o(.text)
    __aeabi_cdcmple                          0x080002a9   Thumb Code    48  cdcmple.o(.text)
    __aeabi_cdrcmple                         0x080002d9   Thumb Code    48  cdrcmple.o(.text)
    __aeabi_d2f                              0x08000309   Thumb Code    56  d2f.o(.text)
    __aeabi_uidiv                            0x08000341   Thumb Code     0  uidiv.o(.text)
    __aeabi_uidivmod                         0x08000341   Thumb Code    44  uidiv.o(.text)
    __aeabi_uldivmod                         0x0800036d   Thumb Code    98  uldiv.o(.text)
    __I$use$fp                               0x080003cf   Thumb Code     0  iusefp.o(.text)
    _float_round                             0x080003cf   Thumb Code    18  fepilogue.o(.text)
    _float_epilogue                          0x080003e1   Thumb Code    92  fepilogue.o(.text)
    _double_round                            0x0800043d   Thumb Code    30  depilogue.o(.text)
    _double_epilogue                         0x0800045b   Thumb Code   156  depilogue.o(.text)
    __aeabi_dadd                             0x080004f7   Thumb Code   322  dadd.o(.text)
    __aeabi_dsub                             0x08000639   Thumb Code     6  dadd.o(.text)
    __aeabi_drsub                            0x0800063f   Thumb Code     6  dadd.o(.text)
    __aeabi_dmul                             0x08000645   Thumb Code   228  dmul.o(.text)
    __aeabi_d2ulz                            0x08000729   Thumb Code    48  dfixul.o(.text)
    __scatterload                            0x08000759   Thumb Code    28  init.o(.text)
    __scatterload_rt2                        0x08000759   Thumb Code     0  init.o(.text)
    __aeabi_llsl                             0x0800077d   Thumb Code    30  llshl.o(.text)
    _ll_shift_l                              0x0800077d   Thumb Code     0  llshl.o(.text)
    __aeabi_lasr                             0x0800079b   Thumb Code    36  llsshr.o(.text)
    _ll_sshift_r                             0x0800079b   Thumb Code     0  llsshr.o(.text)
    BACK                                     0x080007bf   Thumb Code   104  main.o(i.BACK)
    FORWARD                                  0x08000827   Thumb Code   104  main.o(i.FORWARD)
    HAL_Delay                                0x0800088f   Thumb Code    30  stm32f1xx_hal.o(i.HAL_Delay)
    HAL_GPIO_Init                            0x080008ad   Thumb Code   764  stm32f1xx_hal_gpio.o(i.HAL_GPIO_Init)
    HAL_GetTick                              0x08000bc9   Thumb Code     6  stm32f1xx_hal.o(i.HAL_GetTick)
    HAL_I2C_Init                             0x08000bd5   Thumb Code   286  stm32f1xx_hal_i2c.o(i.HAL_I2C_Init)
    HAL_I2C_IsDeviceReady                    0x08000cfd   Thumb Code   426  stm32f1xx_hal_i2c.o(i.HAL_I2C_IsDeviceReady)
    HAL_I2C_Master_Transmit                  0x08000eb1   Thumb Code   396  stm32f1xx_hal_i2c.o(i.HAL_I2C_Master_Transmit)
    HAL_I2C_Mem_Read                         0x08001045   Thumb Code   826  stm32f1xx_hal_i2c.o(i.HAL_I2C_Mem_Read)
    HAL_I2C_MspInit                          0x0800138d   Thumb Code    66  i2c.o(i.HAL_I2C_MspInit)
    HAL_IncTick                              0x080013dd   Thumb Code    12  stm32f1xx_hal.o(i.HAL_IncTick)
    HAL_Init                                 0x080013ed   Thumb Code    34  stm32f1xx_hal.o(i.HAL_Init)
    HAL_InitTick                             0x08001415   Thumb Code    36  stm32f1xx_hal.o(i.HAL_InitTick)
    HAL_MspInit                              0x0800143d   Thumb Code   140  stm32f1xx_hal_msp.o(i.HAL_MspInit)
    HAL_NVIC_SetPriority                     0x080014d1   Thumb Code   124  stm32f1xx_hal_cortex.o(i.HAL_NVIC_SetPriority)
    HAL_NVIC_SetPriorityGrouping             0x0800154d   Thumb Code    32  stm32f1xx_hal_cortex.o(i.HAL_NVIC_SetPriorityGrouping)
    HAL_RCC_ClockConfig                      0x08001575   Thumb Code   402  stm32f1xx_hal_rcc.o(i.HAL_RCC_ClockConfig)
    HAL_RCC_GetHCLKFreq                      0x08001719   Thumb Code     6  stm32f1xx_hal_rcc.o(i.HAL_RCC_GetHCLKFreq)
    HAL_RCC_GetPCLK1Freq                     0x08001725   Thumb Code    22  stm32f1xx_hal_rcc.o(i.HAL_RCC_GetPCLK1Freq)
    HAL_RCC_GetPCLK2Freq                     0x08001745   Thumb Code    22  stm32f1xx_hal_rcc.o(i.HAL_RCC_GetPCLK2Freq)
    HAL_RCC_GetSysClockFreq                  0x08001765   Thumb Code   118  stm32f1xx_hal_rcc.o(i.HAL_RCC_GetSysClockFreq)
    HAL_RCC_OscConfig                        0x080017fd   Thumb Code  1078  stm32f1xx_hal_rcc.o(i.HAL_RCC_OscConfig)
    HAL_SYSTICK_CLKSourceConfig              0x08001c3d   Thumb Code    40  stm32f1xx_hal_cortex.o(i.HAL_SYSTICK_CLKSourceConfig)
    HAL_SYSTICK_Callback                     0x08001c65   Thumb Code     2  stm32f1xx_hal_cortex.o(i.HAL_SYSTICK_Callback)
    HAL_SYSTICK_Config                       0x08001c67   Thumb Code    52  stm32f1xx_hal_cortex.o(i.HAL_SYSTICK_Config)
    HAL_SYSTICK_IRQHandler                   0x08001c9b   Thumb Code     8  stm32f1xx_hal_cortex.o(i.HAL_SYSTICK_IRQHandler)
    HAL_UART_Init                            0x08001ca3   Thumb Code   114  stm32f1xx_hal_uart.o(i.HAL_UART_Init)
    HAL_UART_MspInit                         0x08001d15   Thumb Code   240  usart.o(i.HAL_UART_MspInit)
    HAL_UART_Receive                         0x08001e1d   Thumb Code   222  stm32f1xx_hal_uart.o(i.HAL_UART_Receive)
    HAL_UART_Transmit                        0x08001efb   Thumb Code   214  stm32f1xx_hal_uart.o(i.HAL_UART_Transmit)
    LEFT                                     0x0800245f   Thumb Code   104  main.o(i.LEFT)
    MX_GPIO_Init                             0x080024c9   Thumb Code    84  gpio.o(i.MX_GPIO_Init)
    MX_I2C1_Init                             0x08002521   Thumb Code    52  i2c.o(i.MX_I2C1_Init)
    MX_USART1_UART_Init                      0x08002571   Thumb Code    50  usart.o(i.MX_USART1_UART_Init)
    MX_USART2_UART_Init                      0x080025bd   Thumb Code    50  usart.o(i.MX_USART2_UART_Init)
    MX_USART3_UART_Init                      0x08002609   Thumb Code    50  usart.o(i.MX_USART3_UART_Init)
    PendSV_Handler                           0x0800268d   Thumb Code     2  stm32f1xx_it.o(i.PendSV_Handler)
    RIGHT                                    0x080026b9   Thumb Code   104  main.o(i.RIGHT)
    SSD1306_DrawCircle                       0x08002721   Thumb Code   260  ssd1306.o(i.SSD1306_DrawCircle)
    SSD1306_DrawFilledCircle                 0x08002825   Thumb Code   334  ssd1306.o(i.SSD1306_DrawFilledCircle)
    SSD1306_DrawLine                         0x08002973   Thumb Code   330  ssd1306.o(i.SSD1306_DrawLine)
    SSD1306_DrawPixel                        0x08002abd   Thumb Code   152  ssd1306.o(i.SSD1306_DrawPixel)
    SSD1306_DrawRectangle                    0x08002b5d   Thumb Code   136  ssd1306.o(i.SSD1306_DrawRectangle)
    SSD1306_Fill                             0x08002be5   Thumb Code    26  ssd1306.o(i.SSD1306_Fill)
    SSD1306_GotoXY                           0x08002c05   Thumb Code     8  ssd1306.o(i.SSD1306_GotoXY)
    SSD1306_Init                             0x08002c11   Thumb Code   344  ssd1306.o(i.SSD1306_Init)
    SSD1306_Putc                             0x08002d71   Thumb Code   164  ssd1306.o(i.SSD1306_Putc)
    SSD1306_Puts                             0x08002e19   Thumb Code    42  ssd1306.o(i.SSD1306_Puts)
    SSD1306_UpdateScreen                     0x08002e45   Thumb Code    68  ssd1306.o(i.SSD1306_UpdateScreen)
    STOP                                     0x08002e8d   Thumb Code   104  main.o(i.STOP)
    SVC_Handler                              0x08002ef5   Thumb Code     2  stm32f1xx_it.o(i.SVC_Handler)
    SysTick_Handler                          0x08002ef7   Thumb Code    12  stm32f1xx_it.o(i.SysTick_Handler)
    SystemClock_Config                       0x08002f05   Thumb Code   132  main.o(i.SystemClock_Config)
    SystemInit                               0x08002f99   Thumb Code    70  system_stm32f1xx.o(i.SystemInit)
    _Error_Handler                           0x08003225   Thumb Code     4  main.o(i._Error_Handler)
    __0sprintf                               0x08003229   Thumb Code    34  printfa.o(i.__0sprintf)
    __1sprintf                               0x08003229   Thumb Code     0  printfa.o(i.__0sprintf)
    __2sprintf                               0x08003229   Thumb Code     0  printfa.o(i.__0sprintf)
    __c89sprintf                             0x08003229   Thumb Code     0  printfa.o(i.__0sprintf)
    sprintf                                  0x08003229   Thumb Code     0  printfa.o(i.__0sprintf)
    __scatterload_copy                       0x08003251   Thumb Code    14  handlers.o(i.__scatterload_copy)
    __scatterload_null                       0x0800325f   Thumb Code     2  handlers.o(i.__scatterload_null)
    __scatterload_zeroinit                   0x08003261   Thumb Code    14  handlers.o(i.__scatterload_zeroinit)
    data_from_ADXL345                        0x08003b2d   Thumb Code   282  main.o(i.data_from_ADXL345)
    free                                     0x08003c85   Thumb Code    76  malloc.o(i.free)
    init_oled                                0x08003cd5   Thumb Code   170  main.o(i.init_oled)
    main                                     0x08003d99   Thumb Code   734  main.o(i.main)
    malloc                                   0x080040dd   Thumb Code    92  malloc.o(i.malloc)
    ssd1306_I2C_Init                         0x08004149   Thumb Code    12  ssd1306.o(i.ssd1306_I2C_Init)
    ssd1306_I2C_Write                        0x08004159   Thumb Code    34  ssd1306.o(i.ssd1306_I2C_Write)
    ssd1306_I2C_WriteMulti                   0x08004181   Thumb Code    74  ssd1306.o(i.ssd1306_I2C_WriteMulti)
    AHBPrescTable                            0x080041e5   Data          16  system_stm32f1xx.o(.constdata)
    APBPrescTable                            0x080041f5   Data           8  system_stm32f1xx.o(.constdata)
    Font7x10                                 0x080041fe   Data        1900  fonts.o(.constdata)
    Font11x18                                0x0800496a   Data        3420  fonts.o(.constdata)
    Font16x26                                0x080056c6   Data        4940  fonts.o(.constdata)
    Region$$Table$$Base                      0x08006a14   Number         0  anon$$obj.o(Region$$Table)
    Region$$Table$$Limit                     0x08006a34   Number         0  anon$$obj.o(Region$$Table)
    Device_ID                                0x20000000   Data           1  main.o(.data)
    Device_addres                            0x20000001   Data           1  main.o(.data)
    DEVID                                    0x20000002   Data           1  main.o(.data)
    DATAX0                                   0x20000003   Data           1  main.o(.data)
    DATAX1                                   0x20000004   Data           1  main.o(.data)
    DATAY0                                   0x20000005   Data           1  main.o(.data)
    DATAY1                                   0x20000006   Data           1  main.o(.data)
    DATAZ0                                   0x20000007   Data           1  main.o(.data)
    DATAZ1                                   0x20000008   Data           1  main.o(.data)
    BW_RATE                                  0x20000009   Data           1  main.o(.data)
    POWER_CTL                                0x2000000a   Data           1  main.o(.data)
    DATA_FORMAT                              0x2000000b   Data           1  main.o(.data)
    X                                        0x2000000c   Data           4  main.o(.data)
    Y                                        0x20000010   Data           4  main.o(.data)
    Z                                        0x20000014   Data           4  main.o(.data)
    uwTick                                   0x20000018   Data           4  stm32f1xx_hal.o(.data)
    SystemCoreClock                          0x2000001c   Data           4  system_stm32f1xx.o(.data)
    Font_7x10                                0x20000020   Data           8  fonts.o(.data)
    Font_11x18                               0x20000028   Data           8  fonts.o(.data)
    Font_16x26                               0x20000030   Data           8  fonts.o(.data)
    __microlib_freelist                      0x20000040   Data           4  mvars.o(.data)
    __microlib_freelist_initialised          0x20000044   Data           4  mvars.o(.data)
    huart1                                   0x20000048   Data          64  usart.o(.bss)
    huart2                                   0x20000088   Data          64  usart.o(.bss)
    huart3                                   0x200000c8   Data          64  usart.o(.bss)
    hi2c1                                    0x20000108   Data          84  i2c.o(.bss)
    __heap_base                              0x20000560   Data           0  startup_stm32f103xb.o(HEAP)
    __heap_limit                             0x20000960   Data           0  startup_stm32f103xb.o(HEAP)
    __initial_sp                             0x20000b60   Data           0  startup_stm32f103xb.o(STACK)



==============================================================================

Memory Map of the image

  Image Entry point : 0x080000ed

  Load Region LR_IROM1 (Base: 0x08000000, Size: 0x00006a7c, Max: 0x00010000, ABSOLUTE)

    Execution Region ER_IROM1 (Exec base: 0x08000000, Load base: 0x08000000, Size: 0x00006a34, Max: 0x00010000, ABSOLUTE)

    Exec Addr    Load Addr    Size         Type   Attr      Idx    E Section Name        Object

    0x08000000   0x08000000   0x000000ec   Data   RO          446    RESET               startup_stm32f103xb.o
    0x080000ec   0x080000ec   0x00000000   Code   RO         2397  * .ARM.Collect$$$$00000000  mc_w.l(entry.o)
    0x080000ec   0x080000ec   0x00000004   Code   RO         2709    .ARM.Collect$$$$00000001  mc_w.l(entry2.o)
    0x080000f0   0x080000f0   0x00000004   Code   RO         2712    .ARM.Collect$$$$00000004  mc_w.l(entry5.o)
    0x080000f4   0x080000f4   0x00000000   Code   RO         2714    .ARM.Collect$$$$00000008  mc_w.l(entry7b.o)
    0x080000f4   0x080000f4   0x00000000   Code   RO         2716    .ARM.Collect$$$$0000000A  mc_w.l(entry8b.o)
    0x080000f4   0x080000f4   0x00000008   Code   RO         2717    .ARM.Collect$$$$0000000B  mc_w.l(entry9a.o)
    0x080000fc   0x080000fc   0x00000000   Code   RO         2719    .ARM.Collect$$$$0000000D  mc_w.l(entry10a.o)
    0x080000fc   0x080000fc   0x00000000   Code   RO         2721    .ARM.Collect$$$$0000000F  mc_w.l(entry11a.o)
    0x080000fc   0x080000fc   0x00000004   Code   RO         2710    .ARM.Collect$$$$00002712  mc_w.l(entry2.o)
    0x08000100   0x08000100   0x00000024   Code   RO          447    .text               startup_stm32f103xb.o
    0x08000124   0x08000124   0x00000020   Code   RO         2400    .text               mc_w.l(llushr.o)
    0x08000144   0x08000144   0x00000024   Code   RO         2402    .text               mc_w.l(memseta.o)
    0x08000168   0x08000168   0x000000de   Code   RO         2695    .text               mf_w.l(ddiv.o)
    0x08000246   0x08000246   0x00000012   Code   RO         2697    .text               mf_w.l(fflti.o)
    0x08000258   0x08000258   0x00000028   Code   RO         2699    .text               mf_w.l(ffixui.o)
    0x08000280   0x08000280   0x00000026   Code   RO         2701    .text               mf_w.l(f2d.o)
    0x080002a6   0x080002a6   0x00000002   PAD
    0x080002a8   0x080002a8   0x00000030   Code   RO         2703    .text               mf_w.l(cdcmple.o)
    0x080002d8   0x080002d8   0x00000030   Code   RO         2705    .text               mf_w.l(cdrcmple.o)
    0x08000308   0x08000308   0x00000038   Code   RO         2707    .text               mf_w.l(d2f.o)
    0x08000340   0x08000340   0x0000002c   Code   RO         2723    .text               mc_w.l(uidiv.o)
    0x0800036c   0x0800036c   0x00000062   Code   RO         2725    .text               mc_w.l(uldiv.o)
    0x080003ce   0x080003ce   0x00000000   Code   RO         2733    .text               mc_w.l(iusefp.o)
    0x080003ce   0x080003ce   0x0000006e   Code   RO         2734    .text               mf_w.l(fepilogue.o)
    0x0800043c   0x0800043c   0x000000ba   Code   RO         2736    .text               mf_w.l(depilogue.o)
    0x080004f6   0x080004f6   0x0000014e   Code   RO         2738    .text               mf_w.l(dadd.o)
    0x08000644   0x08000644   0x000000e4   Code   RO         2740    .text               mf_w.l(dmul.o)
    0x08000728   0x08000728   0x00000030   Code   RO         2742    .text               mf_w.l(dfixul.o)
    0x08000758   0x08000758   0x00000024   Code   RO         2744    .text               mc_w.l(init.o)
    0x0800077c   0x0800077c   0x0000001e   Code   RO         2746    .text               mc_w.l(llshl.o)
    0x0800079a   0x0800079a   0x00000024   Code   RO         2748    .text               mc_w.l(llsshr.o)
    0x080007be   0x080007be   0x00000068   Code   RO          109    i.BACK              main.o
    0x08000826   0x08000826   0x00000068   Code   RO          110    i.FORWARD           main.o
    0x0800088e   0x0800088e   0x0000001e   Code   RO         1020    i.HAL_Delay         stm32f1xx_hal.o
    0x080008ac   0x080008ac   0x0000031c   Code   RO         1282    i.HAL_GPIO_Init     stm32f1xx_hal_gpio.o
    0x08000bc8   0x08000bc8   0x0000000c   Code   RO         1024    i.HAL_GetTick       stm32f1xx_hal.o
    0x08000bd4   0x08000bd4   0x00000128   Code   RO         1356    i.HAL_I2C_Init      stm32f1xx_hal_i2c.o
    0x08000cfc   0x08000cfc   0x000001b4   Code   RO         1357    i.HAL_I2C_IsDeviceReady  stm32f1xx_hal_i2c.o
    0x08000eb0   0x08000eb0   0x00000194   Code   RO         1367    i.HAL_I2C_Master_Transmit  stm32f1xx_hal_i2c.o
    0x08001044   0x08001044   0x00000348   Code   RO         1372    i.HAL_I2C_Mem_Read  stm32f1xx_hal_i2c.o
    0x0800138c   0x0800138c   0x00000050   Code   RO          345    i.HAL_I2C_MspInit   i2c.o
    0x080013dc   0x080013dc   0x00000010   Code   RO         1026    i.HAL_IncTick       stm32f1xx_hal.o
    0x080013ec   0x080013ec   0x00000028   Code   RO         1027    i.HAL_Init          stm32f1xx_hal.o
    0x08001414   0x08001414   0x00000028   Code   RO         1028    i.HAL_InitTick      stm32f1xx_hal.o
    0x0800143c   0x0800143c   0x00000094   Code   RO            4    i.HAL_MspInit       stm32f1xx_hal_msp.o
    0x080014d0   0x080014d0   0x0000007c   Code   RO          462    i.HAL_NVIC_SetPriority  stm32f1xx_hal_cortex.o
    0x0800154c   0x0800154c   0x00000028   Code   RO          463    i.HAL_NVIC_SetPriorityGrouping  stm32f1xx_hal_cortex.o
    0x08001574   0x08001574   0x000001a4   Code   RO         1173    i.HAL_RCC_ClockConfig  stm32f1xx_hal_rcc.o
    0x08001718   0x08001718   0x0000000c   Code   RO         1178    i.HAL_RCC_GetHCLKFreq  stm32f1xx_hal_rcc.o
    0x08001724   0x08001724   0x00000020   Code   RO         1180    i.HAL_RCC_GetPCLK1Freq  stm32f1xx_hal_rcc.o
    0x08001744   0x08001744   0x00000020   Code   RO         1181    i.HAL_RCC_GetPCLK2Freq  stm32f1xx_hal_rcc.o
    0x08001764   0x08001764   0x00000098   Code   RO         1182    i.HAL_RCC_GetSysClockFreq  stm32f1xx_hal_rcc.o
    0x080017fc   0x080017fc   0x00000440   Code   RO         1185    i.HAL_RCC_OscConfig  stm32f1xx_hal_rcc.o
    0x08001c3c   0x08001c3c   0x00000028   Code   RO          465    i.HAL_SYSTICK_CLKSourceConfig  stm32f1xx_hal_cortex.o
    0x08001c64   0x08001c64   0x00000002   Code   RO          466    i.HAL_SYSTICK_Callback  stm32f1xx_hal_cortex.o
    0x08001c66   0x08001c66   0x00000034   Code   RO          467    i.HAL_SYSTICK_Config  stm32f1xx_hal_cortex.o
    0x08001c9a   0x08001c9a   0x00000008   Code   RO          468    i.HAL_SYSTICK_IRQHandler  stm32f1xx_hal_cortex.o
    0x08001ca2   0x08001ca2   0x00000072   Code   RO          707    i.HAL_UART_Init     stm32f1xx_hal_uart.o
    0x08001d14   0x08001d14   0x00000108   Code   RO          291    i.HAL_UART_MspInit  usart.o
    0x08001e1c   0x08001e1c   0x000000de   Code   RO          710    i.HAL_UART_Receive  stm32f1xx_hal_uart.o
    0x08001efa   0x08001efa   0x000000d6   Code   RO          715    i.HAL_UART_Transmit  stm32f1xx_hal_uart.o
    0x08001fd0   0x08001fd0   0x00000034   Code   RO         1394    i.I2C_IsAcknowledgeFailed  stm32f1xx_hal_i2c.o
    0x08002004   0x08002004   0x000000c0   Code   RO         1398    i.I2C_MasterRequestWrite  stm32f1xx_hal_i2c.o
    0x080020c4   0x080020c4   0x00000158   Code   RO         1404    i.I2C_RequestMemoryRead  stm32f1xx_hal_i2c.o
    0x0800221c   0x0800221c   0x00000056   Code   RO         1413    i.I2C_WaitOnBTFFlagUntilTimeout  stm32f1xx_hal_i2c.o
    0x08002272   0x08002272   0x0000007c   Code   RO         1414    i.I2C_WaitOnFlagUntilTimeout  stm32f1xx_hal_i2c.o
    0x080022ee   0x080022ee   0x000000ac   Code   RO         1415    i.I2C_WaitOnMasterAddressFlagUntilTimeout  stm32f1xx_hal_i2c.o
    0x0800239a   0x0800239a   0x0000006e   Code   RO         1416    i.I2C_WaitOnRXNEFlagUntilTimeout  stm32f1xx_hal_i2c.o
    0x08002408   0x08002408   0x00000056   Code   RO         1418    i.I2C_WaitOnTXEFlagUntilTimeout  stm32f1xx_hal_i2c.o
    0x0800245e   0x0800245e   0x00000068   Code   RO          112    i.LEFT              main.o
    0x080024c6   0x080024c6   0x00000002   PAD
    0x080024c8   0x080024c8   0x00000058   Code   RO          266    i.MX_GPIO_Init      gpio.o
    0x08002520   0x08002520   0x00000050   Code   RO          346    i.MX_I2C1_Init      i2c.o
    0x08002570   0x08002570   0x0000004c   Code   RO          292    i.MX_USART1_UART_Init  usart.o
    0x080025bc   0x080025bc   0x0000004c   Code   RO          293    i.MX_USART2_UART_Init  usart.o
    0x08002608   0x08002608   0x0000004c   Code   RO          294    i.MX_USART3_UART_Init  usart.o
    0x08002654   0x08002654   0x00000010   Code   RO          469    i.NVIC_GetPriorityGrouping  stm32f1xx_hal_cortex.o
    0x08002664   0x08002664   0x00000028   Code   RO          470    i.NVIC_SetPriority  stm32f1xx_hal_cortex.o
    0x0800268c   0x0800268c   0x00000002   Code   RO          227    i.PendSV_Handler    stm32f1xx_it.o
    0x0800268e   0x0800268e   0x00000002   PAD
    0x08002690   0x08002690   0x00000028   Code   RO         1186    i.RCC_Delay         stm32f1xx_hal_rcc.o
    0x080026b8   0x080026b8   0x00000068   Code   RO          113    i.RIGHT             main.o
    0x08002720   0x08002720   0x00000104   Code   RO         2259    i.SSD1306_DrawCircle  ssd1306.o
    0x08002824   0x08002824   0x0000014e   Code   RO         2260    i.SSD1306_DrawFilledCircle  ssd1306.o
    0x08002972   0x08002972   0x0000014a   Code   RO         2263    i.SSD1306_DrawLine  ssd1306.o
    0x08002abc   0x08002abc   0x000000a0   Code   RO         2264    i.SSD1306_DrawPixel  ssd1306.o
    0x08002b5c   0x08002b5c   0x00000088   Code   RO         2265    i.SSD1306_DrawRectangle  ssd1306.o
    0x08002be4   0x08002be4   0x00000020   Code   RO         2267    i.SSD1306_Fill      ssd1306.o
    0x08002c04   0x08002c04   0x0000000c   Code   RO         2268    i.SSD1306_GotoXY    ssd1306.o
    0x08002c10   0x08002c10   0x00000160   Code   RO         2269    i.SSD1306_Init      ssd1306.o
    0x08002d70   0x08002d70   0x000000a8   Code   RO         2272    i.SSD1306_Putc      ssd1306.o
    0x08002e18   0x08002e18   0x0000002a   Code   RO         2273    i.SSD1306_Puts      ssd1306.o
    0x08002e42   0x08002e42   0x00000002   PAD
    0x08002e44   0x08002e44   0x00000048   Code   RO         2275    i.SSD1306_UpdateScreen  ssd1306.o
    0x08002e8c   0x08002e8c   0x00000068   Code   RO          114    i.STOP              main.o
    0x08002ef4   0x08002ef4   0x00000002   Code   RO          228    i.SVC_Handler       stm32f1xx_it.o
    0x08002ef6   0x08002ef6   0x0000000c   Code   RO          229    i.SysTick_Handler   stm32f1xx_it.o
    0x08002f02   0x08002f02   0x00000002   PAD
    0x08002f04   0x08002f04   0x00000094   Code   RO          115    i.SystemClock_Config  main.o
    0x08002f98   0x08002f98   0x00000058   Code   RO         2192    i.SystemInit        system_stm32f1xx.o
    0x08002ff0   0x08002ff0   0x000001c8   Code   RO          734    i.UART_SetConfig    stm32f1xx_hal_uart.o
    0x080031b8   0x080031b8   0x0000006c   Code   RO          736    i.UART_WaitOnFlagUntilTimeout  stm32f1xx_hal_uart.o
    0x08003224   0x08003224   0x00000004   Code   RO          116    i._Error_Handler    main.o
    0x08003228   0x08003228   0x00000028   Code   RO         2641    i.__0sprintf        mc_w.l(printfa.o)
    0x08003250   0x08003250   0x0000000e   Code   RO         2752    i.__scatterload_copy  mc_w.l(handlers.o)
    0x0800325e   0x0800325e   0x00000002   Code   RO         2753    i.__scatterload_null  mc_w.l(handlers.o)
    0x08003260   0x08003260   0x0000000e   Code   RO         2754    i.__scatterload_zeroinit  mc_w.l(handlers.o)
    0x0800326e   0x0800326e   0x00000002   PAD
    0x08003270   0x08003270   0x00000184   Code   RO         2646    i._fp_digits        mc_w.l(printfa.o)
    0x080033f4   0x080033f4   0x000006dc   Code   RO         2647    i._printf_core      mc_w.l(printfa.o)
    0x08003ad0   0x08003ad0   0x00000024   Code   RO         2648    i._printf_post_padding  mc_w.l(printfa.o)
    0x08003af4   0x08003af4   0x0000002e   Code   RO         2649    i._printf_pre_padding  mc_w.l(printfa.o)
    0x08003b22   0x08003b22   0x0000000a   Code   RO         2651    i._sputc            mc_w.l(printfa.o)
    0x08003b2c   0x08003b2c   0x00000158   Code   RO          117    i.data_from_ADXL345  main.o
    0x08003c84   0x08003c84   0x00000050   Code   RO         2667    i.free              mc_w.l(malloc.o)
    0x08003cd4   0x08003cd4   0x000000c4   Code   RO          119    i.init_oled         main.o
    0x08003d98   0x08003d98   0x00000344   Code   RO          120    i.main              main.o
    0x080040dc   0x080040dc   0x0000006c   Code   RO         2668    i.malloc            mc_w.l(malloc.o)
    0x08004148   0x08004148   0x00000010   Code   RO         2276    i.ssd1306_I2C_Init  ssd1306.o
    0x08004158   0x08004158   0x00000028   Code   RO         2277    i.ssd1306_I2C_Write  ssd1306.o
    0x08004180   0x08004180   0x00000050   Code   RO         2278    i.ssd1306_I2C_WriteMulti  ssd1306.o
    0x080041d0   0x080041d0   0x00000015   Data   RO          121    .constdata          main.o
    0x080041e5   0x080041e5   0x00000018   Data   RO         2193    .constdata          system_stm32f1xx.o
    0x080041fd   0x080041fd   0x00000001   PAD
    0x080041fe   0x080041fe   0x00002814   Data   RO         2229    .constdata          fonts.o
    0x08006a12   0x08006a12   0x00000002   PAD
    0x08006a14   0x08006a14   0x00000020   Data   RO         2750    Region$$Table       anon$$obj.o


    Execution Region RW_IRAM1 (Exec base: 0x20000000, Load base: 0x08006a34, Size: 0x00000b60, Max: 0x00005000, ABSOLUTE)

    Exec Addr    Load Addr    Size         Type   Attr      Idx    E Section Name        Object

    0x20000000   0x08006a34   0x00000018   Data   RW          122    .data               main.o
    0x20000018   0x08006a4c   0x00000004   Data   RW         1033    .data               stm32f1xx_hal.o
    0x2000001c   0x08006a50   0x00000004   Data   RW         2194    .data               system_stm32f1xx.o
    0x20000020   0x08006a54   0x00000018   Data   RW         2230    .data               fonts.o
    0x20000038   0x08006a6c   0x00000006   Data   RW         2280    .data               ssd1306.o
    0x2000003e   0x08006a72   0x00000002   PAD
    0x20000040   0x08006a74   0x00000004   Data   RW         2731    .data               mc_w.l(mvars.o)
    0x20000044   0x08006a78   0x00000004   Data   RW         2732    .data               mc_w.l(mvars.o)
    0x20000048        -       0x000000c0   Zero   RW          295    .bss                usart.o
    0x20000108        -       0x00000054   Zero   RW          347    .bss                i2c.o
    0x2000015c        -       0x00000400   Zero   RW         2279    .bss                ssd1306.o
    0x2000055c   0x08006a7c   0x00000004   PAD
    0x20000560        -       0x00000400   Zero   RW          445    HEAP                startup_stm32f103xb.o
    0x20000960        -       0x00000200   Zero   RW          444    STACK               startup_stm32f103xb.o


==============================================================================

Image component sizes


      Code (inc. data)   RO Data    RW Data    ZI Data      Debug   Object Name

         0          0      10260         24          0       1243   fonts.o
        88          4          0          0          0        803   gpio.o
       160         42          0          0         84       1573   i2c.o
      2048        206         21         24          0       8208   main.o
      2034         50          0          6       1024      10567   ssd1306.o
        36          8        236          0       1536        780   startup_stm32f103xb.o
       138         20          0          4          0       3727   stm32f1xx_hal.o
       322         22          0          0          0      27268   stm32f1xx_hal_cortex.o
       796         32          0          0          0       2052   stm32f1xx_hal_gpio.o
      3142         52          0          0          0      12392   stm32f1xx_hal_i2c.o
       148          8          0          0          0     411182   stm32f1xx_hal_msp.o
      1776        110          0          0          0       6008   stm32f1xx_hal_rcc.o
      1114          6          0          0          0       4591   stm32f1xx_hal_uart.o
        16          0          0          0          0       1309   stm32f1xx_it.o
        88         18         24          4          0       1187   system_stm32f1xx.o
       492        102          0          0        192       2796   usart.o

    ----------------------------------------------------------------------
     12406        680      10576         64       2840     495686   Object Totals
         0          0         32          0          0          0   (incl. Generated)
         8          0          3          2          4          0   (incl. Padding)

    ----------------------------------------------------------------------

      Code (inc. data)   RO Data    RW Data    ZI Data      Debug   Library Member Name

         0          0          0          0          0          0   entry.o
         0          0          0          0          0          0   entry10a.o
         0          0          0          0          0          0   entry11a.o
         8          4          0          0          0          0   entry2.o
         4          0          0          0          0          0   entry5.o
         0          0          0          0          0          0   entry7b.o
         0          0          0          0          0          0   entry8b.o
         8          4          0          0          0          0   entry9a.o
        30          0          0          0          0          0   handlers.o
        36          8          0          0          0         68   init.o
         0          0          0          0          0          0   iusefp.o
        30          0          0          0          0         68   llshl.o
        36          0          0          0          0         68   llsshr.o
        32          0          0          0          0         68   llushr.o
       188         20          0          0          0        160   malloc.o
        36          0          0          0          0        108   memseta.o
         0          0          0          8          0          0   mvars.o
      2276         86          0          0          0        520   printfa.o
        44          0          0          0          0         80   uidiv.o
        98          0          0          0          0         92   uldiv.o
        48          0          0          0          0         68   cdcmple.o
        48          0          0          0          0         68   cdrcmple.o
        56          0          0          0          0         88   d2f.o
       334          0          0          0          0        148   dadd.o
       222          0          0          0          0        100   ddiv.o
       186          0          0          0          0        176   depilogue.o
        48          0          0          0          0         68   dfixul.o
       228          0          0          0          0         96   dmul.o
        38          0          0          0          0         68   f2d.o
       110          0          0          0          0        168   fepilogue.o
        40          0          0          0          0         68   ffixui.o
        18          0          0          0          0         68   fflti.o

    ----------------------------------------------------------------------
      4206        122          0          8          0       2416   Library Totals
         4          0          0          0          0          0   (incl. Padding)

    ----------------------------------------------------------------------

      Code (inc. data)   RO Data    RW Data    ZI Data      Debug   Library Name

      2826        122          0          8          0       1232   mc_w.l
      1376          0          0          0          0       1184   mf_w.l

    ----------------------------------------------------------------------
      4206        122          0          8          0       2416   Library Totals

    ----------------------------------------------------------------------

==============================================================================


      Code (inc. data)   RO Data    RW Data    ZI Data      Debug   

     16612        802      10576         72       2840     493418   Grand Totals
     16612        802      10576         72       2840     493418   ELF Image Totals
     16612        802      10576         72          0          0   ROM Totals

==============================================================================

    Total RO  Size (Code + RO Data)                27188 (  26.55kB)
    Total RW  Size (RW Data + ZI Data)              2912 (   2.84kB)
    Total ROM Size (Code + RO Data + RW Data)      27260 (  26.62kB)

==============================================================================

